This is pdfTeX, Version 3.141592653-2.6-1.40.28 (TeX Live 2025) (preloaded format=pdflatex 2025.11.18)  26 MAR 2026 09:45
entering extended mode
 restricted \write18 enabled.
 %&-line parsing enabled.
**Cours.tex
(./Cours.tex
LaTeX2e <2025-11-01>
L3 programming layer <2025-11-06>
(/usr/local/texlive/2025/texmf-dist/tex/latex/base/article.cls
Document Class: article 2025/01/22 v1.4n Standard LaTeX document class
(/usr/local/texlive/2025/texmf-dist/tex/latex/base/size12.clo
File: size12.clo 2025/01/22 v1.4n Standard LaTeX file (size option)
)
\c@part=\count275
\c@section=\count276
\c@subsection=\count277
\c@subsubsection=\count278
\c@paragraph=\count279
\c@subparagraph=\count280
\c@figure=\count281
\c@table=\count282
\abovecaptionskip=\skip49
\belowcaptionskip=\skip50
\bibindent=\dimen148
)
(/home/maenwe/Master_CSM/modèle_cours_latex/prise_de_note.sty

LaTeX Warning: You have requested package `/home/maenwe/Master_CSM/modèle_cour
s_latex/prise_de_note',
               but the package provides `prise_de_note'.

Package: prise_de_note 07/01/2026 Prise de notes des cours
(/usr/local/texlive/2025/texmf-dist/tex/latex/base/inputenc.sty
Package: inputenc 2024/02/08 v1.3d Input encoding file
\inpenc@prehook=\toks17
\inpenc@posthook=\toks18
)
(/usr/local/texlive/2025/texmf-dist/tex/latex/base/fontenc.sty
Package: fontenc 2025/07/18 v2.1d Standard LaTeX package
)
(/usr/local/texlive/2025/texmf-dist/tex/generic/babel/babel.sty
Package: babel 2025/11/09 v25.15 The multilingual framework for LuaLaTeX, pdfLa
TeX and XeLaTeX
\babel@savecnt=\count283
LaTeX Encoding Info:    Redeclaring text command \ij (encoding OT1) on input li
ne 2050.
LaTeX Encoding Info:    Redeclaring text command \IJ (encoding OT1) on input li
ne 2052.
LaTeX Encoding Info:    Redeclaring text command \ij (encoding T1) on input lin
e 2054.
LaTeX Encoding Info:    Redeclaring text command \IJ (encoding T1) on input lin
e 2055.
LaTeX Encoding Info:    Ignoring declaration for text command \ij (encoding ?) 
on input line 2056.
LaTeX Encoding Info:    Ignoring declaration for text command \IJ (encoding ?) 
on input line 2058.
LaTeX Encoding Info:    Ignoring declaration for text command \SS (encoding ?) 
on input line 2083.
\U@D=\dimen149
\l@unhyphenated=\language90

(/usr/local/texlive/2025/texmf-dist/tex/generic/babel/txtbabel.def)
\bbl@readstream=\read2
\bbl@dirlevel=\count284

(/usr/local/texlive/2025/texmf-dist/tex/generic/babel/locale/fr/babel-french.te
x)
Package babel Info: Importing font and identification data for french
(babel)             from babel-fr.ini. Reported on input line 4298.
 (/usr/local/texlive/2025/texmf-dist/tex/generic/babel-french/french.ldf
Language: french 2025-08-15 v4.0e French support from the babel system

(/usr/local/texlive/2025/texmf-dist/tex/generic/babel-french/french3.ldf
Language: french 2025-08-15 v3.7e French support from the babel system
\FB@stdchar=\count285
Package babel Info: Making : an active character on input line 273.
Package babel Info: Making ; an active character on input line 274.
Package babel Info: Making ! an active character on input line 275.
Package babel Info: Making ? an active character on input line 276.
\FBguill@level=\count286
\FBold@everypar=\toks19
\FB@Mht=\dimen150
\mc@charclass=\count287
\mc@charfam=\count288
\mc@charslot=\count289
\std@mcc=\count290
\dec@mcc=\count291
\FB@pardim=\dimen151
\listindentFB=\dimen152
\descindentFB=\dimen153
\labelindentFB=\dimen154
\labelwidthFB=\dimen155
\leftmarginFB=\dimen156
\parindentFFN=\dimen157
\FBfnindent=\dimen158
)))
(/usr/local/texlive/2025/texmf-dist/tex/latex/carlisle/scalefnt.sty)
(/usr/local/texlive/2025/texmf-dist/tex/latex/lm/lmodern.sty
Package: lmodern 2015/05/01 v1.6.1 Latin Modern Fonts
LaTeX Font Info:    Overwriting symbol font `operators' in version `normal'
(Font)                  OT1/cmr/m/n --> OT1/lmr/m/n on input line 22.
LaTeX Font Info:    Overwriting symbol font `letters' in version `normal'
(Font)                  OML/cmm/m/it --> OML/lmm/m/it on input line 23.
LaTeX Font Info:    Overwriting symbol font `symbols' in version `normal'
(Font)                  OMS/cmsy/m/n --> OMS/lmsy/m/n on input line 24.
LaTeX Font Info:    Overwriting symbol font `largesymbols' in version `normal'
(Font)                  OMX/cmex/m/n --> OMX/lmex/m/n on input line 25.
LaTeX Font Info:    Overwriting symbol font `operators' in version `bold'
(Font)                  OT1/cmr/bx/n --> OT1/lmr/bx/n on input line 26.
LaTeX Font Info:    Overwriting symbol font `letters' in version `bold'
(Font)                  OML/cmm/b/it --> OML/lmm/b/it on input line 27.
LaTeX Font Info:    Overwriting symbol font `symbols' in version `bold'
(Font)                  OMS/cmsy/b/n --> OMS/lmsy/b/n on input line 28.
LaTeX Font Info:    Overwriting symbol font `largesymbols' in version `bold'
(Font)                  OMX/cmex/m/n --> OMX/lmex/m/n on input line 29.
LaTeX Font Info:    Overwriting math alphabet `\mathbf' in version `normal'
(Font)                  OT1/cmr/bx/n --> OT1/lmr/bx/n on input line 31.
LaTeX Font Info:    Overwriting math alphabet `\mathsf' in version `normal'
(Font)                  OT1/cmss/m/n --> OT1/lmss/m/n on input line 32.
LaTeX Font Info:    Overwriting math alphabet `\mathit' in version `normal'
(Font)                  OT1/cmr/m/it --> OT1/lmr/m/it on input line 33.
LaTeX Font Info:    Overwriting math alphabet `\mathtt' in version `normal'
(Font)                  OT1/cmtt/m/n --> OT1/lmtt/m/n on input line 34.
LaTeX Font Info:    Overwriting math alphabet `\mathbf' in version `bold'
(Font)                  OT1/cmr/bx/n --> OT1/lmr/bx/n on input line 35.
LaTeX Font Info:    Overwriting math alphabet `\mathsf' in version `bold'
(Font)                  OT1/cmss/bx/n --> OT1/lmss/bx/n on input line 36.
LaTeX Font Info:    Overwriting math alphabet `\mathit' in version `bold'
(Font)                  OT1/cmr/bx/it --> OT1/lmr/bx/it on input line 37.
LaTeX Font Info:    Overwriting math alphabet `\mathtt' in version `bold'
(Font)                  OT1/cmtt/m/n --> OT1/lmtt/m/n on input line 38.
)
(/usr/local/texlive/2025/texmf-dist/tex/latex/bbold/bbold.sty
Package: bbold 1994/04/06 Bbold symbol package
)
(/usr/local/texlive/2025/texmf-dist/tex/latex/minted/minted.sty
Package: minted 2025/05/14 v3.7.0 Yet another Pygments shim for LaTeX

(/usr/local/texlive/2025/texmf-dist/tex/generic/catchfile/catchfile.sty
Package: catchfile 2019/12/09 v1.8 Catch the contents of a file (HO)

(/usr/local/texlive/2025/texmf-dist/tex/generic/infwarerr/infwarerr.sty
Package: infwarerr 2019/12/03 v1.5 Providing info/warning/error messages (HO)
)
(/usr/local/texlive/2025/texmf-dist/tex/generic/ltxcmds/ltxcmds.sty
Package: ltxcmds 2023-12-04 v1.26 LaTeX kernel commands for general use (HO)
)
(/usr/local/texlive/2025/texmf-dist/tex/generic/etexcmds/etexcmds.sty
Package: etexcmds 2019/12/15 v1.7 Avoid name clashes with e-TeX commands (HO)

(/usr/local/texlive/2025/texmf-dist/tex/generic/iftex/iftex.sty
Package: iftex 2024/12/12 v1.0g TeX engine tests
)))
(/usr/local/texlive/2025/texmf-dist/tex/latex/etoolbox/etoolbox.sty
Package: etoolbox 2025/10/02 v2.5m e-TeX tools for LaTeX (JAW)
\etb@tempcnta=\count292
)
(/usr/local/texlive/2025/texmf-dist/tex/latex/fvextra/fvextra.sty
Package: fvextra 2025/05/29 v1.13.2 fvextra - extensions and patches for fancyv
rb

(/usr/local/texlive/2025/texmf-dist/tex/latex/fancyvrb/fancyvrb.sty
Package: fancyvrb 2025/07/28 4.6 verbatim text (tvz,hv)

(/usr/local/texlive/2025/texmf-dist/tex/latex/graphics/keyval.sty
Package: keyval 2022/05/29 v1.15 key=value parser (DPC)
\KV@toks@=\toks20
)
\FV@CodeLineNo=\count293
\FV@InFile=\read3
\FV@TabBox=\box53
\c@FancyVerbLine=\count294
\FV@StepNumber=\count295
\FV@OutFile=\write3
)
(/usr/local/texlive/2025/texmf-dist/tex/generic/pdftexcmds/pdftexcmds.sty
Package: pdftexcmds 2020-06-27 v0.33 Utility functions of pdfTeX for LuaTeX (HO
)
Package pdftexcmds Info: \pdf@primitive is available.
Package pdftexcmds Info: \pdf@ifprimitive is available.
Package pdftexcmds Info: \pdfdraftmode found.
)
(/usr/local/texlive/2025/texmf-dist/tex/latex/upquote/upquote.sty
Package: upquote 2012/04/19 v1.3 upright-quote and grave-accent glyphs in verba
tim

(/usr/local/texlive/2025/texmf-dist/tex/latex/base/textcomp.sty
Package: textcomp 2024/04/24 v2.1b Standard LaTeX package
))
(/usr/local/texlive/2025/texmf-dist/tex/latex/lineno/lineno.sty
Package: lineno 2025/05/13 line numbers on paragraphs v5.5

(/usr/local/texlive/2025/texmf-dist/tex/latex/kvoptions/kvoptions.sty
Package: kvoptions 2022-06-15 v3.15 Key value format for package options (HO)

(/usr/local/texlive/2025/texmf-dist/tex/latex/kvsetkeys/kvsetkeys.sty
Package: kvsetkeys 2022-10-05 v1.19 Key value parser (HO)
))
\linenopenalty=\count296
\output=\toks21
\linenoprevgraf=\count297
\linenumbersep=\dimen159
\linenumberwidth=\dimen160
\c@linenumber=\count298
\c@pagewiselinenumber=\count299
\c@LN@truepage=\count300
\c@internallinenumber=\count301
\c@internallinenumbers=\count302
\quotelinenumbersep=\dimen161
\bframerule=\dimen162
\bframesep=\dimen163
\bframebox=\box54
)
\c@FancyVerbWriteLine=\count303
\c@FancyVerbBufferLine=\count304
\c@FV@TrueTabGroupLevel=\count305
\c@FV@TrueTabCounter=\count306
\FV@TabBox@Group=\box55
\FV@bgcolorstructbox=\box56
\FV@TmpLength=\skip51
\c@FV@HighlightLinesStart=\count307
\c@FV@HighlightLinesStop=\count308
\FV@LoopCount=\count309
\FV@NCharsBox=\box57
\FV@BreakIndent=\dimen164
\FV@BreakIndentNChars=\count310
\FV@BreakSymbolSepLeft=\dimen165
\FV@BreakSymbolSepLeftNChars=\count311
\FV@BreakSymbolSepRight=\dimen166
\FV@BreakSymbolSepRightNChars=\count312
\FV@BreakSymbolIndentLeft=\dimen167
\FV@BreakSymbolIndentLeftNChars=\count313
\FV@BreakSymbolIndentRight=\dimen168
\FV@BreakSymbolIndentRightNChars=\count314
\c@FancyVerbLineBreakLast=\count315
\FV@LineBox=\box58
\FV@LineIndentBox=\box59
\c@FV@BreakBufferDepth=\count316
\FV@LineWidth=\dimen169
)
(/usr/local/texlive/2025/texmf-dist/tex/latex/latex2pydata/latex2pydata.sty
Package: latex2pydata 2025/03/26 v0.6.0 latex2pydata - write data to file in Py
thon literal format
)
(/usr/local/texlive/2025/texmf-dist/tex/latex/pgf/utilities/pgfkeys.sty
(/usr/local/texlive/2025/texmf-dist/tex/generic/pgf/utilities/pgfkeys.code.tex
\pgfkeys@pathtoks=\toks22
\pgfkeys@temptoks=\toks23

(/usr/local/texlive/2025/texmf-dist/tex/generic/pgf/utilities/pgfkeyslibraryfil
tered.code.tex
\pgfkeys@tmptoks=\toks24
)))
(/usr/local/texlive/2025/texmf-dist/tex/latex/pgfopts/pgfopts.sty
Package: pgfopts 2014/07/10 v2.1a LaTeX package options with pgfkeys
\pgfopts@list@add@a@toks=\toks25
\pgfopts@list@add@b@toks=\toks26
)
(/usr/local/texlive/2025/texmf-dist/tex/latex/tools/shellesc.sty
Package: shellesc 2023/07/08 v1.0d unified shell escape interface for LaTeX
Package shellesc Info: Restricted shell escape enabled on input line 77.
)
(/usr/local/texlive/2025/texmf-dist/tex/latex/float/float.sty
Package: float 2001/11/08 v1.3d Float enhancements (AL)
\c@float@type=\count317
\float@exts=\toks27
\float@box=\box60
\@float@everytoks=\toks28
\@floatcapt=\box61
)
\c@minted@FancyVerbLineTemp=\count318
\@float@every@listing=\toks29
\c@listing=\count319
)
(/home/maenwe/texmf/tex/latex/enumitem/enumitem.sty
Package: enumitem 2025/02/06 v3.11 Customized lists
\labelindent=\skip52
\enit@outerparindent=\dimen170
\enit@toks=\toks30
\enit@inbox=\box62
\enit@count@id=\count320
\enitdp@description=\count321
)
(/usr/local/texlive/2025/texmf-dist/tex/latex/geometry/geometry.sty
Package: geometry 2020/01/02 v5.9 Page Geometry

(/usr/local/texlive/2025/texmf-dist/tex/generic/iftex/ifvtex.sty
Package: ifvtex 2019/10/25 v1.7 ifvtex legacy package. Use iftex instead.
)
\Gm@cnth=\count322
\Gm@cntv=\count323
\c@Gm@tempcnt=\count324
\Gm@bindingoffset=\dimen171
\Gm@wd@mp=\dimen172
\Gm@odd@mp=\dimen173
\Gm@even@mp=\dimen174
\Gm@layoutwidth=\dimen175
\Gm@layoutheight=\dimen176
\Gm@layouthoffset=\dimen177
\Gm@layoutvoffset=\dimen178
\Gm@dimlist=\toks31
)
(/usr/local/texlive/2025/texmf-dist/tex/latex/setspace/setspace.sty
Package: setspace 2022/12/04 v6.7b set line spacing
)
(/usr/local/texlive/2025/texmf-dist/tex/latex/titlesec/titlesec.sty
Package: titlesec 2025/01/04 v2.17 Sectioning titles
\ttl@box=\box63
\beforetitleunit=\skip53
\aftertitleunit=\skip54
\ttl@plus=\dimen179
\ttl@minus=\dimen180
\ttl@toksa=\toks32
\titlewidth=\dimen181
\titlewidthlast=\dimen182
\titlewidthfirst=\dimen183
)
(/usr/local/texlive/2025/texmf-dist/tex/latex/graphics/graphicx.sty
Package: graphicx 2024/12/31 v1.2e Enhanced LaTeX Graphics (DPC,SPQR)

(/usr/local/texlive/2025/texmf-dist/tex/latex/graphics/graphics.sty
Package: graphics 2024/08/06 v1.4g Standard LaTeX Graphics (DPC,SPQR)

(/usr/local/texlive/2025/texmf-dist/tex/latex/graphics/trig.sty
Package: trig 2023/12/02 v1.11 sin cos tan (DPC)
)
(/usr/local/texlive/2025/texmf-dist/tex/latex/graphics-cfg/graphics.cfg
File: graphics.cfg 2016/06/04 v1.11 sample graphics configuration
)
Package graphics Info: Driver file: pdftex.def on input line 106.

(/usr/local/texlive/2025/texmf-dist/tex/latex/graphics-def/pdftex.def
File: pdftex.def 2025/09/29 v1.2d Graphics/color driver for pdftex
))
\Gin@req@height=\dimen184
\Gin@req@width=\dimen185
)
(/usr/local/texlive/2025/texmf-dist/tex/latex/xcolor/xcolor.sty
Package: xcolor 2024/09/29 v3.02 LaTeX color extensions (UK)

(/usr/local/texlive/2025/texmf-dist/tex/latex/graphics-cfg/color.cfg
File: color.cfg 2016/01/02 v1.6 sample color configuration
)
Package xcolor Info: Driver file: pdftex.def on input line 274.

(/usr/local/texlive/2025/texmf-dist/tex/latex/graphics/mathcolor.ltx)
Package xcolor Info: Model `cmy' substituted by `cmy0' on input line 1349.
Package xcolor Info: Model `hsb' substituted by `rgb' on input line 1353.
Package xcolor Info: Model `RGB' extended on input line 1365.
Package xcolor Info: Model `HTML' substituted by `rgb' on input line 1367.
Package xcolor Info: Model `Hsb' substituted by `hsb' on input line 1368.
Package xcolor Info: Model `tHsb' substituted by `hsb' on input line 1369.
Package xcolor Info: Model `HSB' substituted by `hsb' on input line 1370.
Package xcolor Info: Model `Gray' substituted by `gray' on input line 1371.
Package xcolor Info: Model `wave' substituted by `hsb' on input line 1372.
)
(/usr/local/texlive/2025/texmf-dist/tex/latex/graphics/dvipsnam.def
File: dvipsnam.def 2016/06/17 v3.0m Driver-dependent file (DPC,SPQR)
)
(/usr/local/texlive/2025/texmf-dist/tex/latex/tcolorbox/tcolorbox.sty
Package: tcolorbox 2025/09/09 version 6.8.0 text color boxes

(/usr/local/texlive/2025/texmf-dist/tex/latex/pgf/frontendlayer/tikz.sty
(/usr/local/texlive/2025/texmf-dist/tex/latex/pgf/basiclayer/pgf.sty
(/usr/local/texlive/2025/texmf-dist/tex/latex/pgf/utilities/pgfrcs.sty
(/usr/local/texlive/2025/texmf-dist/tex/generic/pgf/utilities/pgfutil-common.te
x
\pgfutil@everybye=\toks33
\pgfutil@tempdima=\dimen186
\pgfutil@tempdimb=\dimen187
)
(/usr/local/texlive/2025/texmf-dist/tex/generic/pgf/utilities/pgfutil-latex.def
\pgfutil@abb=\box64
) (/usr/local/texlive/2025/texmf-dist/tex/generic/pgf/utilities/pgfrcs.code.tex
(/usr/local/texlive/2025/texmf-dist/tex/generic/pgf/pgf.revision.tex)
Package: pgfrcs 2025-08-29 v3.1.11a (3.1.11a)
))
Package: pgf 2025-08-29 v3.1.11a (3.1.11a)

(/usr/local/texlive/2025/texmf-dist/tex/latex/pgf/basiclayer/pgfcore.sty
(/usr/local/texlive/2025/texmf-dist/tex/latex/pgf/systemlayer/pgfsys.sty
(/usr/local/texlive/2025/texmf-dist/tex/generic/pgf/systemlayer/pgfsys.code.tex
Package: pgfsys 2025-08-29 v3.1.11a (3.1.11a)
\pgf@x=\dimen188
\pgf@y=\dimen189
\pgf@xa=\dimen190
\pgf@ya=\dimen191
\pgf@xb=\dimen192
\pgf@yb=\dimen193
\pgf@xc=\dimen194
\pgf@yc=\dimen195
\pgf@xd=\dimen196
\pgf@yd=\dimen197
\w@pgf@writea=\write4
\r@pgf@reada=\read4
\c@pgf@counta=\count325
\c@pgf@countb=\count326
\c@pgf@countc=\count327
\c@pgf@countd=\count328
\t@pgf@toka=\toks34
\t@pgf@tokb=\toks35
\t@pgf@tokc=\toks36
\pgf@sys@id@count=\count329
(/usr/local/texlive/2025/texmf-dist/tex/generic/pgf/systemlayer/pgf.cfg
File: pgf.cfg 2025-08-29 v3.1.11a (3.1.11a)
)
Driver file for pgf: pgfsys-pdftex.def

(/usr/local/texlive/2025/texmf-dist/tex/generic/pgf/systemlayer/pgfsys-pdftex.d
ef
File: pgfsys-pdftex.def 2025-08-29 v3.1.11a (3.1.11a)

(/usr/local/texlive/2025/texmf-dist/tex/generic/pgf/systemlayer/pgfsys-common-p
df.def
File: pgfsys-common-pdf.def 2025-08-29 v3.1.11a (3.1.11a)
)))
(/usr/local/texlive/2025/texmf-dist/tex/generic/pgf/systemlayer/pgfsyssoftpath.
code.tex
File: pgfsyssoftpath.code.tex 2025-08-29 v3.1.11a (3.1.11a)
\pgfsyssoftpath@smallbuffer@items=\count330
\pgfsyssoftpath@bigbuffer@items=\count331
)
(/usr/local/texlive/2025/texmf-dist/tex/generic/pgf/systemlayer/pgfsysprotocol.
code.tex
File: pgfsysprotocol.code.tex 2025-08-29 v3.1.11a (3.1.11a)
))
(/usr/local/texlive/2025/texmf-dist/tex/generic/pgf/basiclayer/pgfcore.code.tex
Package: pgfcore 2025-08-29 v3.1.11a (3.1.11a)
(/usr/local/texlive/2025/texmf-dist/tex/generic/pgf/math/pgfmath.code.tex
(/usr/local/texlive/2025/texmf-dist/tex/generic/pgf/math/pgfmathutil.code.tex)
(/usr/local/texlive/2025/texmf-dist/tex/generic/pgf/math/pgfmathparser.code.tex
\pgfmath@dimen=\dimen198
\pgfmath@count=\count332
\pgfmath@box=\box65
\pgfmath@toks=\toks37
\pgfmath@stack@operand=\toks38
\pgfmath@stack@operation=\toks39
)
(/usr/local/texlive/2025/texmf-dist/tex/generic/pgf/math/pgfmathfunctions.code.
tex)
(/usr/local/texlive/2025/texmf-dist/tex/generic/pgf/math/pgfmathfunctions.basic
.code.tex)
(/usr/local/texlive/2025/texmf-dist/tex/generic/pgf/math/pgfmathfunctions.trigo
nometric.code.tex)
(/usr/local/texlive/2025/texmf-dist/tex/generic/pgf/math/pgfmathfunctions.rando
m.code.tex)
(/usr/local/texlive/2025/texmf-dist/tex/generic/pgf/math/pgfmathfunctions.compa
rison.code.tex)
(/usr/local/texlive/2025/texmf-dist/tex/generic/pgf/math/pgfmathfunctions.base.
code.tex)
(/usr/local/texlive/2025/texmf-dist/tex/generic/pgf/math/pgfmathfunctions.round
.code.tex)
(/usr/local/texlive/2025/texmf-dist/tex/generic/pgf/math/pgfmathfunctions.misc.
code.tex)
(/usr/local/texlive/2025/texmf-dist/tex/generic/pgf/math/pgfmathfunctions.integ
erarithmetics.code.tex)
(/usr/local/texlive/2025/texmf-dist/tex/generic/pgf/math/pgfmathcalc.code.tex)
(/usr/local/texlive/2025/texmf-dist/tex/generic/pgf/math/pgfmathfloat.code.tex
\c@pgfmathroundto@lastzeros=\count333
)) (/usr/local/texlive/2025/texmf-dist/tex/generic/pgf/math/pgfint.code.tex)
(/usr/local/texlive/2025/texmf-dist/tex/generic/pgf/basiclayer/pgfcorepoints.co
de.tex
File: pgfcorepoints.code.tex 2025-08-29 v3.1.11a (3.1.11a)
\pgf@picminx=\dimen199
\pgf@picmaxx=\dimen256
\pgf@picminy=\dimen257
\pgf@picmaxy=\dimen258
\pgf@pathminx=\dimen259
\pgf@pathmaxx=\dimen260
\pgf@pathminy=\dimen261
\pgf@pathmaxy=\dimen262
\pgf@xx=\dimen263
\pgf@xy=\dimen264
\pgf@yx=\dimen265
\pgf@yy=\dimen266
\pgf@zx=\dimen267
\pgf@zy=\dimen268
)
(/usr/local/texlive/2025/texmf-dist/tex/generic/pgf/basiclayer/pgfcorepathconst
ruct.code.tex
File: pgfcorepathconstruct.code.tex 2025-08-29 v3.1.11a (3.1.11a)
\pgf@path@lastx=\dimen269
\pgf@path@lasty=\dimen270
)
(/usr/local/texlive/2025/texmf-dist/tex/generic/pgf/basiclayer/pgfcorepathusage
.code.tex
File: pgfcorepathusage.code.tex 2025-08-29 v3.1.11a (3.1.11a)
\pgf@shorten@end@additional=\dimen271
\pgf@shorten@start@additional=\dimen272
)
(/usr/local/texlive/2025/texmf-dist/tex/generic/pgf/basiclayer/pgfcorescopes.co
de.tex
File: pgfcorescopes.code.tex 2025-08-29 v3.1.11a (3.1.11a)
\pgfpic=\box66
\pgf@hbox=\box67
\pgf@layerbox@main=\box68
\pgf@picture@serial@count=\count334
)
(/usr/local/texlive/2025/texmf-dist/tex/generic/pgf/basiclayer/pgfcoregraphicst
ate.code.tex
File: pgfcoregraphicstate.code.tex 2025-08-29 v3.1.11a (3.1.11a)
\pgflinewidth=\dimen273
)
(/usr/local/texlive/2025/texmf-dist/tex/generic/pgf/basiclayer/pgfcoretransform
ations.code.tex
File: pgfcoretransformations.code.tex 2025-08-29 v3.1.11a (3.1.11a)
\pgf@pt@x=\dimen274
\pgf@pt@y=\dimen275
\pgf@pt@temp=\dimen276
)
(/usr/local/texlive/2025/texmf-dist/tex/generic/pgf/basiclayer/pgfcorequick.cod
e.tex
File: pgfcorequick.code.tex 2025-08-29 v3.1.11a (3.1.11a)
)
(/usr/local/texlive/2025/texmf-dist/tex/generic/pgf/basiclayer/pgfcoreobjects.c
ode.tex
File: pgfcoreobjects.code.tex 2025-08-29 v3.1.11a (3.1.11a)
)
(/usr/local/texlive/2025/texmf-dist/tex/generic/pgf/basiclayer/pgfcorepathproce
ssing.code.tex
File: pgfcorepathprocessing.code.tex 2025-08-29 v3.1.11a (3.1.11a)
)
(/usr/local/texlive/2025/texmf-dist/tex/generic/pgf/basiclayer/pgfcorearrows.co
de.tex
File: pgfcorearrows.code.tex 2025-08-29 v3.1.11a (3.1.11a)
\pgfarrowsep=\dimen277
)
(/usr/local/texlive/2025/texmf-dist/tex/generic/pgf/basiclayer/pgfcoreshade.cod
e.tex
File: pgfcoreshade.code.tex 2025-08-29 v3.1.11a (3.1.11a)
\pgf@max=\dimen278
\pgf@sys@shading@range@num=\count335
\pgf@shadingcount=\count336
)
(/usr/local/texlive/2025/texmf-dist/tex/generic/pgf/basiclayer/pgfcoreimage.cod
e.tex
File: pgfcoreimage.code.tex 2025-08-29 v3.1.11a (3.1.11a)
)
(/usr/local/texlive/2025/texmf-dist/tex/generic/pgf/basiclayer/pgfcoreexternal.
code.tex
File: pgfcoreexternal.code.tex 2025-08-29 v3.1.11a (3.1.11a)
\pgfexternal@startupbox=\box69
)
(/usr/local/texlive/2025/texmf-dist/tex/generic/pgf/basiclayer/pgfcorelayers.co
de.tex
File: pgfcorelayers.code.tex 2025-08-29 v3.1.11a (3.1.11a)
)
(/usr/local/texlive/2025/texmf-dist/tex/generic/pgf/basiclayer/pgfcoretranspare
ncy.code.tex
File: pgfcoretransparency.code.tex 2025-08-29 v3.1.11a (3.1.11a)
)
(/usr/local/texlive/2025/texmf-dist/tex/generic/pgf/basiclayer/pgfcorepatterns.
code.tex
File: pgfcorepatterns.code.tex 2025-08-29 v3.1.11a (3.1.11a)
)
(/usr/local/texlive/2025/texmf-dist/tex/generic/pgf/basiclayer/pgfcorerdf.code.
tex
File: pgfcorerdf.code.tex 2025-08-29 v3.1.11a (3.1.11a)
)))
(/usr/local/texlive/2025/texmf-dist/tex/generic/pgf/modules/pgfmoduleshapes.cod
e.tex
File: pgfmoduleshapes.code.tex 2025-08-29 v3.1.11a (3.1.11a)
\pgfnodeparttextbox=\box70
)
(/usr/local/texlive/2025/texmf-dist/tex/generic/pgf/modules/pgfmoduleplot.code.
tex
File: pgfmoduleplot.code.tex 2025-08-29 v3.1.11a (3.1.11a)
)
(/usr/local/texlive/2025/texmf-dist/tex/latex/pgf/compatibility/pgfcomp-version
-0-65.sty
Package: pgfcomp-version-0-65 2025-08-29 v3.1.11a (3.1.11a)
\pgf@nodesepstart=\dimen279
\pgf@nodesepend=\dimen280
)
(/usr/local/texlive/2025/texmf-dist/tex/latex/pgf/compatibility/pgfcomp-version
-1-18.sty
Package: pgfcomp-version-1-18 2025-08-29 v3.1.11a (3.1.11a)
))
(/usr/local/texlive/2025/texmf-dist/tex/latex/pgf/utilities/pgffor.sty
(/usr/local/texlive/2025/texmf-dist/tex/latex/pgf/math/pgfmath.sty
(/usr/local/texlive/2025/texmf-dist/tex/generic/pgf/math/pgfmath.code.tex))
(/usr/local/texlive/2025/texmf-dist/tex/generic/pgf/utilities/pgffor.code.tex
Package: pgffor 2025-08-29 v3.1.11a (3.1.11a)
\pgffor@iter=\dimen281
\pgffor@skip=\dimen282
\pgffor@stack=\toks40
\pgffor@toks=\toks41
))
(/usr/local/texlive/2025/texmf-dist/tex/generic/pgf/frontendlayer/tikz/tikz.cod
e.tex
Package: tikz 2025-08-29 v3.1.11a (3.1.11a)

(/usr/local/texlive/2025/texmf-dist/tex/generic/pgf/libraries/pgflibraryplothan
dlers.code.tex
File: pgflibraryplothandlers.code.tex 2025-08-29 v3.1.11a (3.1.11a)
\pgf@plot@mark@count=\count337
\pgfplotmarksize=\dimen283
)
\tikz@lastx=\dimen284
\tikz@lasty=\dimen285
\tikz@lastxsaved=\dimen286
\tikz@lastysaved=\dimen287
\tikz@lastmovetox=\dimen288
\tikz@lastmovetoy=\dimen289
\tikzleveldistance=\dimen290
\tikzsiblingdistance=\dimen291
\tikz@figbox=\box71
\tikz@figbox@bg=\box72
\tikz@tempbox=\box73
\tikz@tempbox@bg=\box74
\tikztreelevel=\count338
\tikznumberofchildren=\count339
\tikznumberofcurrentchild=\count340
\tikz@fig@count=\count341

(/usr/local/texlive/2025/texmf-dist/tex/generic/pgf/modules/pgfmodulematrix.cod
e.tex
File: pgfmodulematrix.code.tex 2025-08-29 v3.1.11a (3.1.11a)
\pgfmatrixcurrentrow=\count342
\pgfmatrixcurrentcolumn=\count343
\pgf@matrix@numberofcolumns=\count344
)
\tikz@expandcount=\count345

(/usr/local/texlive/2025/texmf-dist/tex/generic/pgf/frontendlayer/tikz/librarie
s/tikzlibrarytopaths.code.tex
File: tikzlibrarytopaths.code.tex 2025-08-29 v3.1.11a (3.1.11a)
)))
(/usr/local/texlive/2025/texmf-dist/tex/latex/tools/verbatim.sty
Package: verbatim 2024-01-22 v1.5x LaTeX2e package for verbatim enhancements
\every@verbatim=\toks42
\verbatim@line=\toks43
\verbatim@in@stream=\read5
)
(/usr/local/texlive/2025/texmf-dist/tex/latex/environ/environ.sty
Package: environ 2014/05/04 v0.3 A new way to define environments

(/usr/local/texlive/2025/texmf-dist/tex/latex/trimspaces/trimspaces.sty
Package: trimspaces 2009/09/17 v1.1 Trim spaces around a token list
)
\@envbody=\toks44
)
\tcb@titlebox=\box75
\tcb@upperbox=\box76
\tcb@lowerbox=\box77
\tcb@phantombox=\box78
\c@tcbbreakpart=\count346
\c@tcblayer=\count347
\c@tcolorbox@number=\count348
\l__tcobox_tmpa_box=\box79
\l__tcobox_tmpa_dim=\dimen292
\tcb@temp=\box80
\tcb@temp=\box81
\tcb@temp=\box82
\tcb@temp=\box83

(/usr/local/texlive/2025/texmf-dist/tex/latex/tcolorbox/tcbraster.code.tex
Library (tcolorbox): 'tcbraster.code.tex' version '6.8.0'
\c@tcbrastercolumn=\count349
\c@tcbrasterrow=\count350
\c@tcbrasternum=\count351
\c@tcbraster=\count352
) (/usr/local/texlive/2025/texmf-dist/tex/latex/tcolorbox/tcbskins.code.tex
Library (tcolorbox): 'tcbskins.code.tex' version '6.8.0'
(/usr/local/texlive/2025/texmf-dist/tex/latex/tikzfill/tikzfill.image.sty
Package: tikzfill.image 2023/08/08 v1.0.1 Image filling library for TikZ

(/usr/local/texlive/2025/texmf-dist/tex/latex/tikzfill/tikzfill-common.sty
Package: tikzfill-common 2023/08/08 v1.0.1 Auxiliary code for tikzfill
)
(/usr/local/texlive/2025/texmf-dist/tex/latex/tikzfill/tikzlibraryfill.image.co
de.tex
File: tikzlibraryfill.image.code.tex 2023/08/08 v1.0.1 Image filling library
\l__tikzfill_img_box=\box84
))
(/usr/local/texlive/2025/texmf-dist/tex/latex/tcolorbox/tcbskinsjigsaw.code.tex
Library (tcolorbox): 'tcbskinsjigsaw.code.tex' version '6.8.0'
))
(/usr/local/texlive/2025/texmf-dist/tex/latex/tcolorbox/tcbbreakable.code.tex
Library (tcolorbox): 'tcbbreakable.code.tex' version '6.8.0'
(/usr/local/texlive/2025/texmf-dist/tex/latex/pdfcol/pdfcol.sty
Package: pdfcol 2022-09-21 v1.7 Handle new color stacks for pdfTeX (HO)
)
Package pdfcol Info: New color stack `tcb@breakable' = 1 on input line 23.
\tcb@testbox=\box85
\tcb@totalupperbox=\box86
\tcb@totallowerbox=\box87
)
(/usr/local/texlive/2025/texmf-dist/tex/latex/tcolorbox/tcbhooks.code.tex
Library (tcolorbox): 'tcbhooks.code.tex' version '6.8.0'
) (/usr/local/texlive/2025/texmf-dist/tex/latex/tcolorbox/tcbtheorems.code.tex
Library (tcolorbox): 'tcbtheorems.code.tex' version '6.8.0'
(/usr/local/texlive/2025/texmf-dist/tex/latex/amsmath/amsmath.sty
Package: amsmath 2025/07/09 v2.17z AMS math features
\@mathmargin=\skip55

For additional information on amsmath, use the `?' option.
(/usr/local/texlive/2025/texmf-dist/tex/latex/amsmath/amstext.sty
Package: amstext 2024/11/17 v2.01 AMS text

(/usr/local/texlive/2025/texmf-dist/tex/latex/amsmath/amsgen.sty
File: amsgen.sty 1999/11/30 v2.0 generic functions
\@emptytoks=\toks45
\ex@=\dimen293
))
(/usr/local/texlive/2025/texmf-dist/tex/latex/amsmath/amsbsy.sty
Package: amsbsy 1999/11/29 v1.2d Bold Symbols
\pmbraise@=\dimen294
)
(/usr/local/texlive/2025/texmf-dist/tex/latex/amsmath/amsopn.sty
Package: amsopn 2022/04/08 v2.04 operator names
)
\inf@bad=\count353
LaTeX Info: Redefining \frac on input line 233.
\uproot@=\count354
\leftroot@=\count355
LaTeX Info: Redefining \overline on input line 398.
LaTeX Info: Redefining \colon on input line 409.
\classnum@=\count356
\DOTSCASE@=\count357
LaTeX Info: Redefining \ldots on input line 495.
LaTeX Info: Redefining \dots on input line 498.
LaTeX Info: Redefining \cdots on input line 619.
\Mathstrutbox@=\box88
\strutbox@=\box89
LaTeX Info: Redefining \big on input line 721.
LaTeX Info: Redefining \Big on input line 722.
LaTeX Info: Redefining \bigg on input line 723.
LaTeX Info: Redefining \Bigg on input line 724.
\big@size=\dimen295
LaTeX Font Info:    Redeclaring font encoding OML on input line 742.
LaTeX Font Info:    Redeclaring font encoding OMS on input line 743.
\macc@depth=\count358
LaTeX Info: Redefining \bmod on input line 904.
LaTeX Info: Redefining \pmod on input line 909.
LaTeX Info: Redefining \smash on input line 939.
LaTeX Info: Redefining \relbar on input line 969.
LaTeX Info: Redefining \Relbar on input line 970.
\c@MaxMatrixCols=\count359
\dotsspace@=\muskip17
\c@parentequation=\count360
\dspbrk@lvl=\count361
\tag@help=\toks46
\row@=\count362
\column@=\count363
\maxfields@=\count364
\andhelp@=\toks47
\eqnshift@=\dimen296
\alignsep@=\dimen297
\tagshift@=\dimen298
\tagwidth@=\dimen299
\totwidth@=\dimen300
\lineht@=\dimen301
\@envbody=\toks48
\multlinegap=\skip56
\multlinetaggap=\skip57
\mathdisplay@stack=\toks49
LaTeX Info: Redefining \[ on input line 2950.
LaTeX Info: Redefining \] on input line 2951.
)
\@LN@amsmath@ams@eqpen=\count365
)
(/usr/local/texlive/2025/texmf-dist/tex/latex/tcolorbox/tcbfitting.code.tex
Library (tcolorbox): 'tcbfitting.code.tex' version '6.8.0'
\tcbfitdim=\dimen302
\tcb@lowerfitdim=\dimen303
\tcb@upperfitdim=\dimen304
\tcb@cur@hbadness=\count366
) (/usr/local/texlive/2025/texmf-dist/tex/latex/tcolorbox/tcbminted.code.tex
Library (tcolorbox): 'tcbminted.code.tex' version '6.8.0'

(/usr/local/texlive/2025/texmf-dist/tex/latex/tcolorbox/tcblistingscore.code.te
x
Library (tcolorbox): 'tcblistingscore.code.tex' version '6.8.0'
(/usr/local/texlive/2025/texmf-dist/tex/latex/tcolorbox/tcbprocessing.code.tex
Library (tcolorbox): 'tcbprocessing.code.tex' version '6.8.0'
)
\c@tcblisting=\count367
))
(/usr/local/texlive/2025/texmf-dist/tex/latex/tcolorbox/tcblistingsutf8.code.te
x
Library (tcolorbox): 'tcblistingsutf8.code.tex' version '6.8.0'
(/usr/local/texlive/2025/texmf-dist/tex/latex/tcolorbox/tcblistings.code.tex
Library (tcolorbox): 'tcblistings.code.tex' version '6.8.0'
(/usr/local/texlive/2025/texmf-dist/tex/latex/listings/listings.sty
\lst@mode=\count368
\lst@gtempboxa=\box90
\lst@token=\toks50
\lst@length=\count369
\lst@currlwidth=\dimen305
\lst@column=\count370
\lst@pos=\count371
\lst@lostspace=\dimen306
\lst@width=\dimen307
\lst@newlines=\count372
\lst@lineno=\count373
\lst@maxwidth=\dimen308

(/usr/local/texlive/2025/texmf-dist/tex/latex/listings/lstpatch.sty
File: lstpatch.sty 2025/11/14 1.11a (Carsten Heinz)
)
(/usr/local/texlive/2025/texmf-dist/tex/latex/listings/lstmisc.sty
File: lstmisc.sty 2025/11/14 1.11a (Carsten Heinz)
\c@lstnumber=\count374
\lst@skipnumbers=\count375
\lst@framebox=\box91
)
(/usr/local/texlive/2025/texmf-dist/tex/latex/listings/listings.cfg
File: listings.cfg 2025/11/14 1.11a listings configuration
))
Package: listings 2025/11/14 1.11a (Carsten Heinz)

==> First Aid for listings.sty no longer applied!
    Expected:
        2024/09/23 1.10c (Carsten Heinz)
    but found:
        2025/11/14 1.11a (Carsten Heinz)
    so I'm assuming it got fixed.
) (/usr/local/texlive/2025/texmf-dist/tex/latex/listingsutf8/listingsutf8.sty
Package: listingsutf8 2019-12-10 v1.5 Allow UTF-8 in listings input (HO)

(/usr/local/texlive/2025/texmf-dist/tex/generic/stringenc/stringenc.sty
Package: stringenc 2019/11/29 v1.12 Convert strings between diff. encodings (HO
)

(/usr/local/texlive/2025/texmf-dist/tex/generic/pdfescape/pdfescape.sty
Package: pdfescape 2019/12/09 v1.15 Implements pdfTeX's escape features (HO)
))))
(/usr/local/texlive/2025/texmf-dist/tex/latex/tcolorbox/tcbexternal.code.tex
Library (tcolorbox): 'tcbexternal.code.tex' version '6.8.0'
) (/usr/local/texlive/2025/texmf-dist/tex/latex/tcolorbox/tcbmagazine.code.tex
Library (tcolorbox): 'tcbmagazine.code.tex' version '6.8.0'
) (/usr/local/texlive/2025/texmf-dist/tex/latex/tcolorbox/tcbvignette.code.tex
Library (tcolorbox): 'tcbvignette.code.tex' version '6.8.0'

(/usr/local/texlive/2025/texmf-dist/tex/generic/pgf/frontendlayer/tikz/librarie
s/tikzlibraryfadings.code.tex
File: tikzlibraryfadings.code.tex 2025-08-29 v3.1.11a (3.1.11a)

(/usr/local/texlive/2025/texmf-dist/tex/generic/pgf/libraries/pgflibraryfadings
.code.tex
File: pgflibraryfadings.code.tex 2025-08-29 v3.1.11a (3.1.11a)
)))
(/usr/local/texlive/2025/texmf-dist/tex/latex/tcolorbox/tcbposter.code.tex
Library (tcolorbox): 'tcbposter.code.tex' version '6.8.0'
)
(/usr/local/texlive/2025/texmf-dist/tex/latex/tcolorbox/tcbdocumentation.code.t
ex
Library (tcolorbox): 'tcbdocumentation.code.tex' version '6.8.0'
(/usr/local/texlive/2025/texmf-dist/tex/latex/base/makeidx.sty
Package: makeidx 2021/10/04 v1.0m Standard LaTeX package
)
(/usr/local/texlive/2025/texmf-dist/tex/latex/refcount/refcount.sty
Package: refcount 2019/12/15 v3.6 Data extraction from label references (HO)
)
(/usr/local/texlive/2025/texmf-dist/tex/latex/hyperref/hyperref.sty
Package: hyperref 2025-07-12 v7.01o Hypertext links for LaTeX

(/usr/local/texlive/2025/texmf-dist/tex/generic/kvdefinekeys/kvdefinekeys.sty
Package: kvdefinekeys 2019-12-19 v1.6 Define keys (HO)
)
(/usr/local/texlive/2025/texmf-dist/tex/latex/hycolor/hycolor.sty
Package: hycolor 2020-01-27 v1.10 Color options for hyperref/bookmark (HO)
)
(/usr/local/texlive/2025/texmf-dist/tex/latex/hyperref/nameref.sty
Package: nameref 2025-06-21 v2.57 Cross-referencing by name of section

(/usr/local/texlive/2025/texmf-dist/tex/generic/gettitlestring/gettitlestring.s
ty
Package: gettitlestring 2019/12/15 v1.6 Cleanup title references (HO)
)
\c@section@level=\count376
)
\@linkdim=\dimen309
\Hy@linkcounter=\count377
\Hy@pagecounter=\count378
 (/usr/local/texlive/2025/texmf-dist/tex/latex/hyperref/pd1enc.def
File: pd1enc.def 2025-07-12 v7.01o Hyperref: PDFDocEncoding definition (HO)
Now handling font encoding PD1 ...
... no UTF-8 mapping file for font encoding PD1
)
(/usr/local/texlive/2025/texmf-dist/tex/generic/intcalc/intcalc.sty
Package: intcalc 2019/12/15 v1.3 Expandable calculations with integers (HO)
)
\Hy@SavedSpaceFactor=\count379

(/usr/local/texlive/2025/texmf-dist/tex/latex/hyperref/puenc.def
File: puenc.def 2025-07-12 v7.01o Hyperref: PDF Unicode definition (HO)
Now handling font encoding PU ...
... no UTF-8 mapping file for font encoding PU
)
Package hyperref Info: Hyper figures OFF on input line 4195.
Package hyperref Info: Link nesting OFF on input line 4200.
Package hyperref Info: Hyper index ON on input line 4203.
Package hyperref Info: Plain pages OFF on input line 4210.
Package hyperref Info: Backreferencing OFF on input line 4215.
Package hyperref Info: Implicit mode ON; LaTeX internals redefined.
Package hyperref Info: Bookmarks ON on input line 4462.
\c@Hy@tempcnt=\count380

(/usr/local/texlive/2025/texmf-dist/tex/latex/url/url.sty
\Urlmuskip=\muskip18
Package: url 2013/09/16  ver 3.4  Verb mode for urls, etc.
)
LaTeX Info: Redefining \url on input line 4801.
\XeTeXLinkMargin=\dimen310

(/usr/local/texlive/2025/texmf-dist/tex/generic/bitset/bitset.sty
Package: bitset 2019/12/09 v1.3 Handle bit-vector datatype (HO)

(/usr/local/texlive/2025/texmf-dist/tex/generic/bigintcalc/bigintcalc.sty
Package: bigintcalc 2019/12/15 v1.5 Expandable calculations on big integers (HO
)
))
\Fld@menulength=\count381
\Field@Width=\dimen311
\Fld@charsize=\dimen312
Package hyperref Info: Hyper figures OFF on input line 6078.
Package hyperref Info: Link nesting OFF on input line 6083.
Package hyperref Info: Hyper index ON on input line 6086.
Package hyperref Info: backreferencing OFF on input line 6093.
Package hyperref Info: Link coloring OFF on input line 6098.
Package hyperref Info: Link coloring with OCG OFF on input line 6103.
Package hyperref Info: PDF/A mode OFF on input line 6108.
\Hy@abspage=\count382
\c@Item=\count383
\c@Hfootnote=\count384
)
Package hyperref Info: Driver (autodetected): hpdftex.

(/usr/local/texlive/2025/texmf-dist/tex/latex/hyperref/hpdftex.def
File: hpdftex.def 2025-07-12 v7.01o Hyperref driver for pdfTeX
\Fld@listcount=\count385
\c@bookmark@seq@number=\count386

(/usr/local/texlive/2025/texmf-dist/tex/latex/rerunfilecheck/rerunfilecheck.sty
Package: rerunfilecheck 2025-06-21 v1.11 Rerun checks for auxiliary files (HO)

(/usr/local/texlive/2025/texmf-dist/tex/generic/uniquecounter/uniquecounter.sty
Package: uniquecounter 2019/12/15 v1.4 Provide unlimited unique counter (HO)
)
Package uniquecounter Info: New unique counter `rerunfilecheck' on input line 2
84.
)
\Hy@SectionHShift=\skip58
) (/usr/local/texlive/2025/texmf-dist/tex/latex/marginnote/marginnote.sty
Package: marginnote 2018/08/09 1.4b non floating margin notes for LaTeX
\c@mn@abspage=\count387
))
(/usr/local/texlive/2025/texmf-dist/tex/latex/tcolorbox/tcbxparse.code.tex
Library (tcolorbox): 'tcbxparse.code.tex' version '6.8.0'
(/usr/local/texlive/2025/texmf-dist/tex/latex/l3packages/xparse/xparse.sty
(/usr/local/texlive/2025/texmf-dist/tex/latex/l3kernel/expl3.sty
Package: expl3 2025-11-06 L3 programming layer (loader) 

(/usr/local/texlive/2025/texmf-dist/tex/latex/l3backend/l3backend-pdftex.def
File: l3backend-pdftex.def 2025-10-09 L3 backend support: PDF output (pdfTeX)
\l__color_backend_stack_int=\count388
))
Package: xparse 2025-10-09 L3 Experimental document command parser
))) (/usr/local/texlive/2025/texmf-dist/tex/latex/amsfonts/amsfonts.sty
Package: amsfonts 2013/01/14 v3.01 Basic AMSFonts support
\symAMSa=\mathgroup4
\symAMSb=\mathgroup5
LaTeX Font Info:    Redeclaring math symbol \hbar on input line 98.
LaTeX Font Info:    Overwriting math alphabet `\mathfrak' in version `bold'
(Font)                  U/euf/m/n --> U/euf/b/n on input line 106.
)
(/home/maenwe/texmf/tex/latex/ntheorem/ntheorem.sty
Style `ntheorem', Version 1.33 <2011/08/15>
Package: ntheorem 2011/08/15 1.33
(/usr/local/texlive/2025/texmf-dist/tex/latex/base/ifthen.sty
Package: ifthen 2024/03/16 v1.1e Standard LaTeX ifthen package (DPC)
)
\theorem@style=\toks51
\theorem@@style=\toks52
\theorembodyfont=\toks53
\theoremnumbering=\toks54
\theorempreskipamount=\skip59
\theorempostskipamount=\skip60
\theoremframepreskipamount=\skip61
\theoremframepostskipamount=\skip62
\theoreminframepreskipamount=\skip63
\theoreminframepostskipamount=\skip64
\theorem@preskip=\toks55
\theorem@postskip=\toks56
\theorem@framepreskip=\toks57
\theorem@framepostskip=\toks58
\theorem@inframepreskip=\toks59
\theorem@inframepostskip=\toks60
\theoremindent=\dimen313
\theorem@indent=\dimen314
\theoremrightindent=\dimen315
\theorem@rightindent=\dimen316
\theoremheaderfont=\toks61
\theoremseparator=\toks62
\theoremprework=\toks63
\theorempostwork=\toks64
\theoremsymbol=\toks65
\qedsymbol=\toks66
\theoremkeyword=\toks67
\qedsymbol=\toks68
\thm@topsep=\skip65
\thm@topsepadd=\skip66
\shadecolor=\toks69
Package ntheorem Info: Standard config file ntheorem.std used on input line 118
4.

(/home/maenwe/texmf/tex/latex/ntheorem/ntheorem.std
(/usr/local/texlive/2025/texmf-dist/tex/latex/base/latexsym.sty
Package: latexsym 1998/08/17 v2.2e Standard LaTeX package (lasy symbols)
\symlasy=\mathgroup6
LaTeX Font Info:    Overwriting symbol font `lasy' in version `bold'
(Font)                  U/lasy/m/n --> U/lasy/b/n on input line 52.
)
\c@Theorem=\count389
\c@theorem=\count390
\c@Satz=\count391
\c@satz=\count392
\c@Proposition=\count393
\c@proposition=\count394
\c@Lemma=\count395
\c@lemma=\count396
\c@Korollar=\count397
\c@korollar=\count398
\c@Corollary=\count399
\c@corollary=\count400
\c@Example=\count401
\c@example=\count402
\c@Beispiel=\count403
\c@beispiel=\count404
\c@Bemerkung=\count405
\c@bemerkung=\count406
\c@Anmerkung=\count407
\c@anmerkung=\count408
\c@Remark=\count409
\c@remark=\count410
\c@Definition=\count411
\c@definition=\count412

(/usr/local/texlive/2025/texmf-dist/tex/latex/amsfonts/amssymb.sty
Package: amssymb 2013/01/14 v3.01 AMS font symbols
)
\c@Proof=\count413
\c@proof=\count414
\c@Beweis=\count415
\c@beweis=\count416
))
(/home/maenwe/texmf/tex/latex/framed/framed.sty
Package: framed 2011/10/22 v 0.96: framed or shaded text with page breaks
\OuterFrameSep=\skip67
\fb@frw=\dimen317
\fb@frh=\dimen318
\FrameRule=\dimen319
\FrameSep=\dimen320
)
(/usr/local/texlive/2025/texmf-dist/tex/latex/pstricks/pstricks.sty
Package: pstricks 2024/02/02 v0.75 LaTeX wrapper for `PSTricks' (RN,HV)

(/usr/local/texlive/2025/texmf-dist/tex/generic/xkeyval/pst-xkey.tex
File: pst-xkey.tex 2005/11/25 v1.6 PSTricks specialization of xkeyval (HA)

(/usr/local/texlive/2025/texmf-dist/tex/latex/xkeyval/xkeyval.sty
Package: xkeyval 2025/11/04 v2.10 package option processing (HA)

(/usr/local/texlive/2025/texmf-dist/tex/generic/xkeyval/xkeyval.tex
(/usr/local/texlive/2025/texmf-dist/tex/generic/xkeyval/xkvutils.tex
\XKV@toks=\toks70
\XKV@tempa@toks=\toks71
\XKV@tempb@toks=\toks72
)
\XKV@depth=\count417
File: xkeyval.tex 2014/12/03 v2.7a key=value parser (HA)
)))
(/usr/local/texlive/2025/texmf-dist/tex/generic/pstricks/pstricks.tex
(/usr/local/texlive/2025/texmf-dist/tex/generic/pstricks/pst-fp.tex
`pst-fp' v0.06, 2020/11/20 (hv)
\pstFP@xs=\count418
\pstFP@xia=\count419
\pstFP@xib=\count420
\pstFP@xfa=\count421
\pstFP@xfb=\count422
\pstFP@rega=\count423
\pstFP@regb=\count424
\pstFP@regs=\count425
\pstFP@times=\count426
)
\psLoopIndex=\count427

`PSTricks' v3.22  <2025/06/11> (tvz,hv)
\pst@dima=\dimen321
\pst@dimb=\dimen322
\pst@dimc=\dimen323
\pst@dimd=\dimen324
\pst@dimg=\dimen325
\pst@dimh=\dimen326
\pst@dimm=\dimen327
\pst@dimn=\dimen328
\pst@dimo=\dimen329
\pst@dimp=\dimen330
\pst@hbox=\box92
\pst@ibox=\box93
\pst@boxg=\box94
\pst@cnta=\count428
\pst@cntb=\count429
\pst@cntc=\count430
\pst@cntd=\count431
\pst@cntg=\count432
\pst@cnth=\count433
\pst@cntm=\count434
\pst@cntn=\count435
\pst@cnto=\count436
\pst@cntp=\count437
\@zero=\count438
\pst@toks=\toks73
--- We are running latex or xelatex ---
(/usr/local/texlive/2025/texmf-dist/tex/generic/pstricks/pstricks.con)
(/usr/local/texlive/2025/texmf-dist/tex/generic/pstricks/pstricks-color.tex)
\psunit=\dimen331
\psxunit=\dimen332
\psyunit=\dimen333
\pst@C@@rType=\count439
\pslinewidth=\dimen334
\psk@startLW=\dimen335
\psk@endLW=\dimen336

(/usr/local/texlive/2025/texmf-dist/tex/generic/pstricks/pstricks-arrows.tex
\pshooklength=\dimen337
\pshookwidth=\dimen338
)
\pst@customdefs=\toks74

(/usr/local/texlive/2025/texmf-dist/tex/generic/pstricks/pstricks-dots.tex)
\pslinearc=\dimen339
\pst@symbolStep=\dimen340
\pst@symbolWidth=\dimen341
\pst@symbolLinewidth=\dimen342

(/usr/local/texlive/2025/texmf-dist/tex/generic/pstricks/pst-code-grid.tex)
(/usr/local/texlive/2025/texmf-dist/tex/generic/pstricks/pst-code-box.tex
\everypsbox=\toks75
\psframesep=\dimen343
)
(/usr/local/texlive/2025/texmf-dist/tex/generic/pstricks/pst-code-arc.tex)
(/usr/local/texlive/2025/texmf-dist/tex/generic/pstricks/pst-code-circle_ellips
e.tex)
(/usr/local/texlive/2025/texmf-dist/tex/generic/pstricks/pst-code-ref_rot.tex)
(/usr/local/texlive/2025/texmf-dist/tex/generic/pstricks/pst-code-put.tex
\pslabelsep=\dimen344
)
(/usr/local/texlive/2025/texmf-dist/tex/generic/pstricks/pst-code-pspicture.tex
\sh@wgridXunit=\dimen345
\sh@wgridYunit=\dimen346
\pst@shift=\dimen347
\ps@imagectr=\count440
) (/usr/local/texlive/2025/texmf-dist/tex/generic/pstricks/pstricks.con))
File: pstricks.tex 2025/06/11 v3.22 `PSTricks' (tvz,hv)

(/usr/local/texlive/2025/texmf-dist/tex/generic/pstricks/pst-fp.tex
`pst-fp' v0.06, 2020/11/20 (hv))
File: pst-fp.tex 2020/11/20 v0.06 `PST-fp' (hv)
)
(/usr/local/texlive/2025/texmf-dist/tex/latex/cancel/cancel.sty
Package: cancel 2013/04/12 v2.2 Cancel math terms
)
(/usr/local/texlive/2025/texmf-dist/tex/latex/algorithmicx/algpseudocode.sty
Package: algpseudocode 

(/usr/local/texlive/2025/texmf-dist/tex/latex/algorithmicx/algorithmicx.sty
Package: algorithmicx 2005/04/27 v1.2 Algorithmicx

Document Style algorithmicx 1.2 - a greatly improved `algorithmic' style
\c@ALG@line=\count441
\c@ALG@rem=\count442
\c@ALG@nested=\count443
\ALG@tlm=\skip68
\ALG@thistlm=\skip69
\c@ALG@Lnr=\count444
\c@ALG@blocknr=\count445
\c@ALG@storecount=\count446
\c@ALG@tmpcounter=\count447
\ALG@tmplength=\skip70
)
Document Style - pseudocode environments for use with the `algorithmicx' style
) (/usr/local/texlive/2025/texmf-dist/tex/latex/algorithms/algorithm.sty
Package: algorithm 2009/08/24 v0.1 Document Style `algorithm' - floating enviro
nment
\@float@every@algorithm=\toks76
\c@algorithm=\count448
)
(/usr/local/texlive/2025/texmf-dist/tex/latex/tools/bm.sty
Package: bm 2025/10/21 v1.2g Bold Symbol Support (DPC/FMi)
\symboldoperators=\mathgroup7
\symboldletters=\mathgroup8
\symboldsymbols=\mathgroup9
Package bm Info: No bold for \OMX/lmex/m/n, using \pmb.
Package bm Info: No bold for \U/msa/m/n, using \pmb.
Package bm Info: No bold for \U/msb/m/n, using \pmb.
\symboldlasy=\mathgroup10
LaTeX Font Info:    Redeclaring math alphabet \mathbf on input line 149.
)
(/usr/local/texlive/2025/texmf-dist/tex/latex/nicematrix/nicematrix.sty
Package: nicematrix 2025/11/04 v7.4a Enhanced arrays with the help of PGF/TikZ

(/usr/local/texlive/2025/texmf-dist/tex/latex/tools/array.sty
Rollback for package 'array' requested -> date 2025/06/08.
         Best approximation is the release introduced on 2024-06-01.
Package: array 2025/09/25 v2.6n Tabular extension package (FMi)
\col@sep=\dimen348
\ar@mcellbox=\box95
\extrarowheight=\dimen349
\NC@list=\toks77
\extratabsurround=\skip71
\backup@length=\skip72
\ar@cellbox=\box96
)
\l__nicematrix_tmpc_dim=\dimen350
\l__nicematrix_tmpd_dim=\dimen351
\l__nicematrix_tmpc_int=\count449
\g__nicematrix_env_int=\count450
\l__nicematrix_the_array_box=\box97
\g__nicematrix_NiceMatrixBlock_int=\count451
\g__nicematrix_notes_caption_int=\count452
\l__nicematrix_columns_width_dim=\dimen352
\l__nicematrix_col_width_dim=\dimen353
\g__nicematrix_row_total_int=\count453
\g__nicematrix_col_total_int=\count454
\g__nicematrix_last_row_node_int=\count455
\l__nicematrix_key_nb_rows_int=\count456
\g__nicematrix_blocks_wd_dim=\dimen354
\g__nicematrix_blocks_ht_dim=\dimen355
\g__nicematrix_blocks_dp_dim=\dimen356
\l__nicematrix_width_dim=\dimen357
\l__nicematrix_tabular_width_dim=\dimen358
\l__nicematrix_rule_width_dim=\dimen359
\l__nicematrix_old_iRow_int=\count457
\l__nicematrix_old_jCol_int=\count458
\l__nicematrix_X_columns_dim=\dimen360
\l__nicematrix_x_initial_dim=\dimen361
\l__nicematrix_y_initial_dim=\dimen362
\l__nicematrix_x_final_dim=\dimen363
\l__nicematrix_y_final_dim=\dimen364
\g__nicematrix_dp_row_zero_dim=\dimen365
\g__nicematrix_ht_row_zero_dim=\dimen366
\g__nicematrix_ht_row_one_dim=\dimen367
\g__nicematrix_dp_ante_last_row_dim=\dimen368
\g__nicematrix_ht_last_row_dim=\dimen369
\g__nicematrix_dp_last_row_dim=\dimen370
\g__nicematrix_width_last_col_dim=\dimen371
\g__nicematrix_width_first_col_dim=\dimen372
\g__nicematrix_ddots_int=\count459
\g__nicematrix_iddots_int=\count460
\g__nicematrix_delta_x_one_dim=\dimen373
\g__nicematrix_delta_y_one_dim=\dimen374
\g__nicematrix_delta_x_two_dim=\dimen375
\g__nicematrix_delta_y_two_dim=\dimen376
\l__nicematrix_row_min_int=\count461
\l__nicematrix_row_max_int=\count462
\l__nicematrix_col_min_int=\count463
\l__nicematrix_col_max_int=\count464
\l__nicematrix_initial_i_int=\count465
\l__nicematrix_initial_j_int=\count466
\l__nicematrix_final_i_int=\count467
\l__nicematrix_final_j_int=\count468
\l__nicematrix_start_int=\count469
\l__nicematrix_end_int=\count470
\l__nicematrix_local_start_int=\count471
\l__nicematrix_local_end_int=\count472
\g__nicematrix_static_num_of_col_int=\count473
\l__nicematrix_rounded_corners_dim=\dimen377
\l__nicematrix_tab_rounded_corners_dim=\dimen378
\l__nicematrix_offset_dim=\dimen379
\l__nicematrix_line_width_dim=\dimen380
\g__nicematrix_block_box_int=\count474
\l__nicematrix_submatrix_extra_height_dim=\dimen381
\l__nicematrix_submatrix_left_xshift_dim=\dimen382
\l__nicematrix_submatrix_right_xshift_dim=\dimen383
\l__nicematrix_first_row_int=\count475
\l__nicematrix_first_col_int=\count476
\l__nicematrix_last_row_int=\count477
\l__nicematrix_last_col_int=\count478
\c@tabularnote=\count479
\g__nicematrix_tabularnote_int=\count480
\c@nicematrix_draft=\count481
\l__nicematrix_cell_space_top_limit_dim=\dimen384
\l__nicematrix_cell_space_bottom_limit_dim=\dimen385
\l__nicematrix_xdots_inter_dim=\dimen386
\l__nicematrix_xdots_shorten_start_dim=\dimen387
\l__nicematrix_xdots_shorten_end_dim=\dimen388
\l__nicematrix_xdots_radius_dim=\dimen389
\l__nicematrix_left_margin_dim=\dimen390
\l__nicematrix_right_margin_dim=\dimen391
\l__nicematrix_extra_left_margin_dim=\dimen392
\l__nicematrix_extra_right_margin_dim=\dimen393
\c__nicematrix_max_l_dim=\dimen394
\l__nicematrix_position_int=\count482
\l__nicematrix_multiplicity_int=\count483
\l__nicematrix_brace_yshift_dim=\dimen395
)
(/usr/local/texlive/2025/texmf-dist/tex/latex/arydshln/arydshln.sty
Package: arydshln 2019/02/21 v1.76 
\dashlinedash=\dimen396
\dashlinegap=\dimen397
\adl@box=\box98
\adl@height=\dimen398
\adl@heightsave=\dimen399
\adl@depth=\dimen400
\adl@depthsave=\dimen401
\adl@finaldepth=\dimen402
\adl@columns=\count484
\adl@ncol=\count485
\adl@currentcolumn=\count486
\adl@currentcolumnsave=\count487
\adl@totalheight=\count488
\adl@totalheightsave=\count489
\adl@dash=\count490
\adl@gap=\count491
\adl@cla=\count492
\adl@clb=\count493
\adl@everyvbox=\toks78
\adl@LTpagetotal=\dimen403
)
==> First Aid for arydshln.sty applied!
(/usr/local/texlive/2025/texmf-dist/tex/latex/pgfplots/pgfplotstable.sty
(/usr/local/texlive/2025/texmf-dist/tex/generic/pgfplots/pgfplots.revision.tex)
Package: pgfplotstable 2025/08/14 v1.18.2 Table typesetting and Pretty-printing
 (1.18.2)
(/usr/local/texlive/2025/texmf-dist/tex/latex/pgfplots/pgfplots.sty
(/usr/local/texlive/2025/texmf-dist/tex/generic/pgfplots/pgfplots.revision.tex)
Package: pgfplots 2025/08/14 v1.18.2 Data Visualization (1.18.2)
(/usr/local/texlive/2025/texmf-dist/tex/generic/pgfplots/pgfplots.code.tex
(/usr/local/texlive/2025/texmf-dist/tex/generic/pgfplots/pgfplotscore.code.tex
\t@pgfplots@toka=\toks79
\t@pgfplots@tokb=\toks80
\t@pgfplots@tokc=\toks81
\pgfplots@tmpa=\dimen404
\c@pgfplots@coordindex=\count494
\c@pgfplots@scanlineindex=\count495

(/usr/local/texlive/2025/texmf-dist/tex/generic/pgfplots/sys/pgfplotssysgeneric
.code.tex))
(/usr/local/texlive/2025/texmf-dist/tex/generic/pgfplots/libs/pgfplotslibrary.c
ode.tex)
(/usr/local/texlive/2025/texmf-dist/tex/generic/pgfplots/oldpgfcompatib/pgfplot
soldpgfsupp_loader.code.tex
(/usr/local/texlive/2025/texmf-dist/tex/generic/pgf/libraries/pgflibraryfpu.cod
e.tex)
(/usr/local/texlive/2025/texmf-dist/tex/generic/pgfplots/oldpgfcompatib/pgfplot
soldpgfsupp_pgfutil-common-lists.tex))
(/usr/local/texlive/2025/texmf-dist/tex/generic/pgfplots/util/pgfplotsutil.code
.tex
(/usr/local/texlive/2025/texmf-dist/tex/generic/pgfplots/liststructure/pgfplots
liststructure.code.tex)
(/usr/local/texlive/2025/texmf-dist/tex/generic/pgfplots/liststructure/pgfplots
liststructureext.code.tex)
(/usr/local/texlive/2025/texmf-dist/tex/generic/pgfplots/liststructure/pgfplots
array.code.tex
\c@pgfplotsarray@tmp=\count496
)
(/usr/local/texlive/2025/texmf-dist/tex/generic/pgfplots/liststructure/pgfplots
matrix.code.tex)
(/usr/local/texlive/2025/texmf-dist/tex/generic/pgfplots/numtable/pgfplotstable
shared.code.tex
\c@pgfplotstable@counta=\count497
\t@pgfplotstable@a=\toks82
)
(/usr/local/texlive/2025/texmf-dist/tex/generic/pgfplots/liststructure/pgfplots
deque.code.tex)
(/usr/local/texlive/2025/texmf-dist/tex/generic/pgfplots/util/pgfplotsbinary.co
de.tex
(/usr/local/texlive/2025/texmf-dist/tex/generic/pgfplots/util/pgfplotsbinary.da
ta.code.tex))
(/usr/local/texlive/2025/texmf-dist/tex/generic/pgfplots/util/pgfplotsutil.verb
.code.tex)
(/usr/local/texlive/2025/texmf-dist/tex/generic/pgfplots/libs/pgflibrarypgfplot
s.surfshading.code.tex
\c@pgfplotslibrarysurf@no=\count498

(/usr/local/texlive/2025/texmf-dist/tex/generic/pgfplots/sys/pgflibrarypgfplots
.surfshading.pgfsys-pdftex.def)))
(/usr/local/texlive/2025/texmf-dist/tex/generic/pgfplots/util/pgfplotscolormap.
code.tex
(/usr/local/texlive/2025/texmf-dist/tex/generic/pgfplots/util/pgfplotscolor.cod
e.tex))
(/usr/local/texlive/2025/texmf-dist/tex/generic/pgfplots/pgfplotsstackedplots.c
ode.tex)
(/usr/local/texlive/2025/texmf-dist/tex/generic/pgfplots/pgfplotsplothandlers.c
ode.tex
(/usr/local/texlive/2025/texmf-dist/tex/generic/pgfplots/pgfplotsmeshplothandle
r.code.tex
(/usr/local/texlive/2025/texmf-dist/tex/generic/pgfplots/pgfplotsmeshplotimage.
code.tex)))
(/usr/local/texlive/2025/texmf-dist/tex/generic/pgfplots/pgfplots.scaling.code.
tex)
(/usr/local/texlive/2025/texmf-dist/tex/generic/pgfplots/pgfplotscoordprocessin
g.code.tex)
(/usr/local/texlive/2025/texmf-dist/tex/generic/pgfplots/pgfplots.errorbars.cod
e.tex)
(/usr/local/texlive/2025/texmf-dist/tex/generic/pgfplots/pgfplots.markers.code.
tex)
(/usr/local/texlive/2025/texmf-dist/tex/generic/pgfplots/pgfplotsticks.code.tex
)
(/usr/local/texlive/2025/texmf-dist/tex/generic/pgfplots/pgfplots.paths.code.te
x)
(/usr/local/texlive/2025/texmf-dist/tex/generic/pgf/frontendlayer/tikz/librarie
s/tikzlibrarydecorations.code.tex
(/usr/local/texlive/2025/texmf-dist/tex/generic/pgf/modules/pgfmoduledecoration
s.code.tex
\pgfdecoratedcompleteddistance=\dimen405
\pgfdecoratedremainingdistance=\dimen406
\pgfdecoratedinputsegmentcompleteddistance=\dimen407
\pgfdecoratedinputsegmentremainingdistance=\dimen408
\pgf@decorate@distancetomove=\dimen409
\pgf@decorate@repeatstate=\count499
\pgfdecorationsegmentamplitude=\dimen410
\pgfdecorationsegmentlength=\dimen411
)
\tikz@lib@dec@box=\box99
)
(/usr/local/texlive/2025/texmf-dist/tex/generic/pgf/frontendlayer/tikz/librarie
s/tikzlibrarydecorations.pathmorphing.code.tex
(/usr/local/texlive/2025/texmf-dist/tex/generic/pgf/libraries/decorations/pgfli
brarydecorations.pathmorphing.code.tex))
(/usr/local/texlive/2025/texmf-dist/tex/generic/pgf/frontendlayer/tikz/librarie
s/tikzlibrarydecorations.pathreplacing.code.tex
(/usr/local/texlive/2025/texmf-dist/tex/generic/pgf/libraries/decorations/pgfli
brarydecorations.pathreplacing.code.tex))
(/usr/local/texlive/2025/texmf-dist/tex/generic/pgfplots/libs/tikzlibrarypgfplo
ts.contourlua.code.tex)
\pgfplots@numplots=\count500
\pgfplots@xmin@reg=\dimen412
\pgfplots@xmax@reg=\dimen413
\pgfplots@ymin@reg=\dimen414
\pgfplots@ymax@reg=\dimen415
\pgfplots@zmin@reg=\dimen416
\pgfplots@zmax@reg=\dimen417
)
(/usr/local/texlive/2025/texmf-dist/tex/generic/pgf/frontendlayer/tikz/librarie
s/tikzlibraryplotmarks.code.tex
File: tikzlibraryplotmarks.code.tex 2025-08-29 v3.1.11a (3.1.11a)

(/usr/local/texlive/2025/texmf-dist/tex/generic/pgf/libraries/pgflibraryplotmar
ks.code.tex
File: pgflibraryplotmarks.code.tex 2025-08-29 v3.1.11a (3.1.11a)
)))
(/usr/local/texlive/2025/texmf-dist/tex/generic/pgfplots/numtable/pgfplotstable
.code.tex
(/usr/local/texlive/2025/texmf-dist/tex/generic/pgfplots/numtable/pgfplotstable
.coltype.code.tex)))
(/usr/local/texlive/2025/texmf-dist/tex/latex/booktabs/booktabs.sty
Package: booktabs 2020/01/12 v1.61803398 Publication quality tables
\heavyrulewidth=\dimen418
\lightrulewidth=\dimen419
\cmidrulewidth=\dimen420
\belowrulesep=\dimen421
\belowbottomsep=\dimen422
\aboverulesep=\dimen423
\abovetopsep=\dimen424
\cmidrulesep=\dimen425
\cmidrulekern=\dimen426
\defaultaddspace=\dimen427
\@cmidla=\count501
\@cmidlb=\count502
\@aboverulesep=\dimen428
\@belowrulesep=\dimen429
\@thisruleclass=\count503
\@lastruleclass=\count504
\@thisrulewidth=\dimen430
)
(/usr/local/texlive/2025/texmf-dist/tex/latex/caption/caption.sty
Package: caption 2023/08/05 v3.6o Customizing captions (AR)

(/usr/local/texlive/2025/texmf-dist/tex/latex/caption/caption3.sty
Package: caption3 2023/07/31 v2.4d caption3 kernel (AR)
\caption@tempdima=\dimen431
\captionmargin=\dimen432
\caption@leftmargin=\dimen433
\caption@rightmargin=\dimen434
\caption@width=\dimen435
\caption@indent=\dimen436
\caption@parindent=\dimen437
\caption@hangindent=\dimen438
Package caption Info: Standard document class detected.
Package caption Info: french babel package is loaded.
)
\c@caption@flags=\count505
\c@continuedfloat=\count506
Package caption Info: float package is loaded.
Package caption Info: hyperref package is loaded.
Package caption Info: listings package is loaded.
)
\c@Exercice=\count507
\c@Brouillon=\count508
\c@Solution=\count509
)
Package french3.ldf Info: Setting StandardItemizeEnv=true for
(french3.ldf)             compatibility with enumitem package,
(french3.ldf)             reported on input line 9.
Package french3.ldf Info: Setting StandardEnumerateEnv=true for
(french3.ldf)             compatibility with enumitem package,
(french3.ldf)             reported on input line 9.
LaTeX Font Info:    Trying to load font information for T1+lmr on input line 9.


(/usr/local/texlive/2025/texmf-dist/tex/latex/lm/t1lmr.fd
File: t1lmr.fd 2015/05/01 v1.6.1 Font defs for Latin Modern
) (./Cours.aux
Package babel Info: 'french' activates 'french' shorthands.
(babel)             Reported on input line 12.
)
\openout1 = `Cours.aux'.

LaTeX Font Info:    Checking defaults for OML/cmm/m/it on input line 9.
LaTeX Font Info:    ... okay on input line 9.
LaTeX Font Info:    Checking defaults for OMS/cmsy/m/n on input line 9.
LaTeX Font Info:    ... okay on input line 9.
LaTeX Font Info:    Checking defaults for OT1/cmr/m/n on input line 9.
LaTeX Font Info:    ... okay on input line 9.
LaTeX Font Info:    Checking defaults for T1/cmr/m/n on input line 9.
LaTeX Font Info:    ... okay on input line 9.
LaTeX Font Info:    Checking defaults for TS1/cmr/m/n on input line 9.
LaTeX Font Info:    ... okay on input line 9.
LaTeX Font Info:    Checking defaults for OMX/cmex/m/n on input line 9.
LaTeX Font Info:    ... okay on input line 9.
LaTeX Font Info:    Checking defaults for U/cmr/m/n on input line 9.
LaTeX Font Info:    ... okay on input line 9.
LaTeX Font Info:    Checking defaults for PD1/pdf/m/n on input line 9.
LaTeX Font Info:    ... okay on input line 9.
LaTeX Font Info:    Checking defaults for PU/pdf/m/n on input line 9.
LaTeX Font Info:    ... okay on input line 9.
LaTeX Info: Redefining \degres on input line 9.

*geometry* driver: auto-detecting
*geometry* detected driver: pdftex
*geometry* verbose mode - [ preamble ] result:
* driver: pdftex
* paper: a4paper
* layout: <same size as paper>
* layoutoffset:(h,v)=(0.0pt,0.0pt)
* modes: 
* h-part:(L,W,R)=(28.45274pt, 540.60239pt, 28.45274pt)
* v-part:(T,H,B)=(14.22636pt, 796.67726pt, 34.14322pt)
* \paperwidth=597.50787pt
* \paperheight=845.04684pt
* \textwidth=540.60239pt
* \textheight=796.67726pt
* \oddsidemargin=-43.81725pt
* \evensidemargin=-43.81725pt
* \topmargin=-95.04362pt
* \headheight=12.0pt
* \headsep=25.0pt
* \topskip=12.0pt
* \footskip=30.0pt
* \marginparwidth=35.0pt
* \marginparsep=10.0pt
* \columnsep=10.0pt
* \skip\footins=10.8pt plus 4.0pt minus 2.0pt
* \hoffset=0.0pt
* \voffset=0.0pt
* \mag=1000
* \@twocolumnfalse
* \@twosidefalse
* \@mparswitchfalse
* \@reversemarginfalse
* (1in=72.27pt=25.4mm, 1cm=28.453pt)

(/usr/local/texlive/2025/texmf-dist/tex/context/base/mkii/supp-pdf.mkii
[Loading MPS to PDF converter (version 2006.09.02).]
\scratchcounter=\count510
\scratchdimen=\dimen439
\scratchbox=\box100
\nofMPsegments=\count511
\nofMParguments=\count512
\everyMPshowfont=\toks83
\MPscratchCnt=\count513
\MPscratchDim=\dimen440
\MPnumerator=\count514
\makeMPintoPDFobject=\count515
\everyMPtoPDFconversion=\toks84
) (/usr/local/texlive/2025/texmf-dist/tex/latex/epstopdf-pkg/epstopdf-base.sty
Package: epstopdf-base 2020-01-24 v2.11 Base part for package epstopdf
Package epstopdf-base Info: Redefining graphics rule for `.eps' on input line 4
85.

(/usr/local/texlive/2025/texmf-dist/tex/latex/latexconfig/epstopdf-sys.cfg
File: epstopdf-sys.cfg 2010/07/13 v1.3 Configuration of (r)epstopdf for TeX Liv
e
))
\c@lstlisting=\count516
Package hyperref Info: Link coloring OFF on input line 9.

(./Cours.out) (./Cours.out)
\@outlinefile=\write5
\openout5 = `Cours.out'.

\c__nicematrix_shift_Ldots_last_row_dim=\dimen441
\c__nicematrix_innersep_middle_dim=\dimen442
\c@tabularnotesi=\count517
\enitdp@tabularnotes=\count518
\c@tabularnotes*i=\count519
\enitdp@tabularnotes*=\count520

Package pgfplots notification 'compat/show suggested version=true': document ha
s been generated with the most recent feature set (\pgfplotsset{compat=1.18}).

Package caption Info: Begin \AtBeginDocument code.
Package caption Info: End \AtBeginDocument code.
<logo.jpg, id=167, 1204.5pt x 612.2875pt>
File: logo.jpg Graphic file (type jpg)
<use logo.jpg>
Package pdftex.def Info: logo.jpg  used on input line 18.
(pdftex.def)             Requested size: 270.3012pt x 137.40372pt.
LaTeX Font Info:    Trying to load font information for OT1+lmr on input line 4
4.
(/usr/local/texlive/2025/texmf-dist/tex/latex/lm/ot1lmr.fd
File: ot1lmr.fd 2015/05/01 v1.6.1 Font defs for Latin Modern
)
LaTeX Font Info:    Trying to load font information for OML+lmm on input line 4
4.

(/usr/local/texlive/2025/texmf-dist/tex/latex/lm/omllmm.fd
File: omllmm.fd 2015/05/01 v1.6.1 Font defs for Latin Modern
)
LaTeX Font Info:    Trying to load font information for OMS+lmsy on input line 
44.

(/usr/local/texlive/2025/texmf-dist/tex/latex/lm/omslmsy.fd
File: omslmsy.fd 2015/05/01 v1.6.1 Font defs for Latin Modern
)
LaTeX Font Info:    Trying to load font information for OMX+lmex on input line 
44.

(/usr/local/texlive/2025/texmf-dist/tex/latex/lm/omxlmex.fd
File: omxlmex.fd 2015/05/01 v1.6.1 Font defs for Latin Modern
)
LaTeX Font Info:    External font `lmex10' loaded for size
(Font)              <12> on input line 44.
LaTeX Font Info:    External font `lmex10' loaded for size
(Font)              <8> on input line 44.
LaTeX Font Info:    External font `lmex10' loaded for size
(Font)              <6> on input line 44.
LaTeX Font Info:    Trying to load font information for U+msa on input line 44.


(/usr/local/texlive/2025/texmf-dist/tex/latex/amsfonts/umsa.fd
File: umsa.fd 2013/01/14 v3.01 AMS symbols A
)
LaTeX Font Info:    Trying to load font information for U+msb on input line 44.


(/usr/local/texlive/2025/texmf-dist/tex/latex/amsfonts/umsb.fd
File: umsb.fd 2013/01/14 v3.01 AMS symbols B
)
LaTeX Font Info:    Trying to load font information for U+lasy on input line 44
.

(/usr/local/texlive/2025/texmf-dist/tex/latex/base/ulasy.fd
File: ulasy.fd 1998/08/17 v2.2e LaTeX symbol font definitions
)
LaTeX Font Info:    Font shape `U/lasy/b/n' in size <8> not available
(Font)              Font shape `U/lasy/m/n' tried instead on input line 44.
LaTeX Font Info:    Font shape `U/lasy/b/n' in size <6> not available
(Font)              Font shape `U/lasy/m/n' tried instead on input line 44.
 [1
Non-PDF special ignored!
<special> header=pstricks.pro
Non-PDF special ignored!
<special> header=pst-algparser.pro
Non-PDF special ignored!
<special> header=pst-tools.pro
Non-PDF special ignored!
<special> header=pst-dots.pro

Non-PDF special ignored!
<special> ps: /pssetRGBcolor /setrgbcolor load def /pssetCMYKcolor /setcmyk...
Non-PDF special ignored!
<special> ps:tx@Dict begin  gsave STV CP T /ps@rot 0 def grestore  end
Non-PDF special ignored!
<special> ps:tx@Dict begin  gsave STV CP T /ps@refangle 0.  def grestore  e...
{/usr/local/texlive/2025/texmf-var/fonts/map/pdftex/updmap/pdftex.map}{/usr/loc
al/texlive/2025/texmf-dist/fonts/enc/dvips/lm/lm-ec.enc} <./logo.jpg>]
(./Cours.toc
pdfTeX warning (ext4): destination with the same identifier (name{page.1}) has 
been already used, duplicate ignored
<to be read again> 
                   \relax 
l.30 ...ion (section 1 - 2.2)}{27}{subsection.4.1}
                                                  % [1{/usr/local/texlive/2025/
texmf-dist/fonts/enc/dvips/lm/lm-mathit.enc}{/usr/local/texlive/2025/texmf-dist
/fonts/enc/dvips/lm/lm-rm.enc}{/usr/local/texlive/2025/texmf-dist/fonts/enc/dvi
ps/lm/lm-mathsy.enc}]
Package marginnote Info: Using workaround for absolute page number on input lin
e 30.
)
\tf@toc=\write6
\openout6 = `Cours.toc'.

 [2]
Underfull \hbox (badness 10000) in paragraph at lines 69--71

 []


Underfull \hbox (badness 10000) in paragraph at lines 136--138

 []

[3{/usr/local/texlive/2025/texmf-dist/fonts/enc/dvips/lm/lm-mathex.enc}]
LaTeX Font Info:    Trying to load font information for U+bbold on input line 1
39.

(/usr/local/texlive/2025/texmf-dist/tex/latex/bbold/Ubbold.fd)
Underfull \hbox (badness 10000) in paragraph at lines 139--140

 []


Underfull \hbox (badness 10000) in paragraph at lines 164--169

 []

[4]
Underfull \hbox (badness 10000) in paragraph at lines 210--211

 []


Underfull \hbox (badness 10000) in paragraph at lines 212--213

 []


Underfull \hbox (badness 10000) in paragraph at lines 214--216

 []


Underfull \hbox (badness 10000) in paragraph at lines 214--216

 []


Underfull \hbox (badness 10000) in paragraph at lines 219--220

 []


Overfull \hbox (17.6248pt too wide) in paragraph at lines 252--255
[] [] 
 []

[5]
Package hyperref Info: bookmark level for unknown prop defaults to 0 on input l
ine 266.

Underfull \hbox (badness 10000) in paragraph at lines 266--267

 []


Underfull \hbox (badness 10000) in paragraph at lines 291--291

 []


Underfull \hbox (badness 10000) in paragraph at lines 291--291

 []


Overfull \hbox (10.17363pt too wide) in paragraph at lines 291--291
[][] 
 []


Overfull \hbox (229.52992pt too wide) in paragraph at lines 268--295
[]$[]$ 
 []

Package hyperref Info: bookmark level for unknown dem defaults to 0 on input li
ne 298.

Overfull \hbox (283.03699pt too wide) in paragraph at lines 298--316
[][] 
 []

[6]
Underfull \hbox (badness 10000) in paragraph at lines 389--394

 []


Underfull \hbox (badness 10000) in paragraph at lines 401--402

 []

<photo1.png, id=250, 825.0825pt x 253.94875pt>
File: photo1.png Graphic file (type png)
<use photo1.png>
Package pdftex.def Info: photo1.png  used on input line 403.
(pdftex.def)             Requested size: 412.54024pt x 126.97406pt.

Underfull \hbox (badness 10000) in paragraph at lines 410--412

 []

[7 <./photo1.png>]
Underfull \hbox (badness 10000) in paragraph at lines 426--428

 []


Underfull \hbox (badness 10000) in paragraph at lines 447--447

 []

<photo2.png, id=258, 808.01875pt x 371.3875pt>
File: photo2.png Graphic file (type png)
<use photo2.png>
Package pdftex.def Info: photo2.png  used on input line 447.
(pdftex.def)             Requested size: 242.4075pt x 111.4171pt.
<photo3.png, id=259, 441.65pt x 172.645pt>
File: photo3.png Graphic file (type png)
<use photo3.png>
Package pdftex.def Info: photo3.png  used on input line 447.
(pdftex.def)             Requested size: 220.82445pt x 86.32228pt.

Overfull \hbox (14.115pt too wide) in paragraph at lines 447--448
[][] 
 []


Underfull \hbox (badness 10000) in paragraph at lines 462--463

 []

[8 <./photo2.png> <./photo3.png>]
Underfull \hbox (badness 10000) in paragraph at lines 506--507

 []


Underfull \hbox (badness 10000) in paragraph at lines 508--513

 []

<photo4.png, id=269, 668.4975pt x 262.9825pt>
File: photo4.png Graphic file (type png)
<use photo4.png>
Package pdftex.def Info: photo4.png  used on input line 528.
(pdftex.def)             Requested size: 401.1016pt x 157.7907pt.
[9 <./photo4.png>]
<photo5.png, id=278, 676.5275pt x 230.8625pt>
File: photo5.png Graphic file (type png)
<use photo5.png>
Package pdftex.def Info: photo5.png  used on input line 542.
(pdftex.def)             Requested size: 338.26291pt x 115.43095pt.
 [10 <./photo5.png>]
Underfull \hbox (badness 10000) in paragraph at lines 618--620

 []

<photo6.png, id=284, 1012.78375pt x 292.09125pt>
File: photo6.png Graphic file (type png)
<use photo6.png>
Package pdftex.def Info: photo6.png  used on input line 621.
(pdftex.def)             Requested size: 506.39064pt x 146.04526pt.
<photo7.png, id=285, 1234.6125pt x 493.845pt>
File: photo7.png Graphic file (type png)
<use photo7.png>
Package pdftex.def Info: photo7.png  used on input line 660.
(pdftex.def)             Requested size: 493.83626pt x 197.53448pt.
[11 <./photo6.png>]
<photo11.png, id=291, 594.22pt x 161.60374pt>
File: photo11.png Graphic file (type png)
<use photo11.png>
Package pdftex.def Info: photo11.png  used on input line 666.
(pdftex.def)             Requested size: 297.10927pt x 80.80167pt.
 [12 <./photo7.png> <./photo11.png>]
\x=\skip73
\y=\skip74

Underfull \hbox (badness 10000) in paragraph at lines 717--722

 []

Package hyperref Info: bookmark level for unknown ex defaults to 0 on input lin
e 730.
<photo12.png, id=300, 370.38374pt x 95.35625pt>
File: photo12.png Graphic file (type png)
<use photo12.png>
Package pdftex.def Info: photo12.png  used on input line 731.
(pdftex.def)             Requested size: 185.1914pt x 47.678pt.

Overfull \hbox (137.57222pt too wide) in paragraph at lines 730--733
[][]$[]$ 
 []

<photo13.png, id=301, 152.57pt x 76.285pt>
File: photo13.png Graphic file (type png)
<use photo13.png>
Package pdftex.def Info: photo13.png  used on input line 738.
(pdftex.def)             Requested size: 76.2848pt x 38.1424pt.

Overfull \hbox (215.30354pt too wide) in paragraph at lines 736--755
[][] 
 []


Overfull \hbox (34.6846pt too wide) detected at line 776
[] [] \OT1/lmr/m/n/12 + [] [] = []
 []

<photo14.png, id=302, 305.14pt x 100.375pt>
File: photo14.png Graphic file (type png)
<use photo14.png>
Package pdftex.def Info: photo14.png  used on input line 783.
(pdftex.def)             Requested size: 152.56961pt x 50.18736pt.

Overfull \hbox (222.93048pt too wide) in paragraph at lines 782--785
[][]$[]$ 
 []


Overfull \hbox (164.18991pt too wide) detected at line 839
[] [] \OT1/lmr/m/n/12 = []
 []


Overfull \hbox (106.34879pt too wide) detected at line 863
[] [] \OT1/lmr/m/n/12 = []
 []

<photo15.png, id=303, 771.88374pt x 229.85875pt>
File: photo15.png Graphic file (type png)
<use photo15.png>
Package pdftex.def Info: photo15.png  used on input line 866.
(pdftex.def)             Requested size: 385.94092pt x 114.92908pt.

Overfull \hbox (46.41573pt too wide) in paragraph at lines 866--867
[][] 
 []

[13 <./photo12.png> <./photo13.png> <./photo14.png>]
<photo16.png, id=316, 206.7725pt x 78.2925pt>
File: photo16.png Graphic file (type png)
<use photo16.png>
Package pdftex.def Info: photo16.png  used on input line 872.
(pdftex.def)             Requested size: 103.38599pt x 39.14615pt.

Overfull \hbox (38.08168pt too wide) in paragraph at lines 870--892
[]$ $[][]$ 
 []


Underfull \hbox (badness 10000) in paragraph at lines 901--905

 []


Overfull \hbox (154.99959pt too wide) in paragraph at lines 893--908
[] 
 []


Overfull \hbox (186.85078pt too wide) in paragraph at lines 913--927
[][] 
 []

<photo17.png, id=317, 163.61125pt x 102.3825pt>
File: photo17.png Graphic file (type png)
<use photo17.png>
Package pdftex.def Info: photo17.png  used on input line 933.
(pdftex.def)             Requested size: 81.80542pt x 51.19112pt.

Overfull \hbox (115.71889pt too wide) in paragraph at lines 928--936
[][] 
 []


Overfull \hbox (169.22597pt too wide) in paragraph at lines 947--968
[] 
 []


Overfull \vbox (11.64876pt too high) detected at line 968
 []

[14 <./photo15.png> <./photo16.png>]
Underfull \hbox (badness 10000) in paragraph at lines 971--972

 []

<photo21.png, id=325, 245.91875pt x 98.3675pt>
File: photo21.png Graphic file (type png)
<use photo21.png>
Package pdftex.def Info: photo21.png  used on input line 973.
(pdftex.def)             Requested size: 196.73524pt x 78.69408pt.

Underfull \hbox (badness 10000) in paragraph at lines 973--974

 []

[15 <./photo17.png> <./photo21.png>]
Underfull \hbox (badness 10000) in paragraph at lines 1003--1017

 []

<photo22.png, id=332, 174.6525pt x 158.5925pt>
File: photo22.png Graphic file (type png)
<use photo22.png>
Package pdftex.def Info: photo22.png  used on input line 1028.
(pdftex.def)             Requested size: 87.32603pt x 79.29604pt.

Overfull \hbox (3.39839pt too wide) in paragraph at lines 1025--1030
[]$[]$ $[]$ 
 []


Underfull \hbox (badness 10000) in paragraph at lines 1031--1032

 []

Package hyperref Info: bookmark level for unknown rmq defaults to 0 on input li
ne 1055.

Underfull \hbox (badness 10000) in paragraph at lines 1055--1056

 []


Underfull \hbox (badness 10000) in paragraph at lines 1057--1066

 []

<photo26.png, id=333, 319.1925pt x 197.73875pt>
File: photo26.png Graphic file (type png)
<use photo26.png>
Package pdftex.def Info: photo26.png  used on input line 1068.
(pdftex.def)             Requested size: 159.59586pt x 98.86913pt.

Underfull \hbox (badness 10000) in paragraph at lines 1072--1081

 []

\g__nicematrix_max_cell_width_dim=\dimen443
\c@iRow=\count521
\c@jCol=\count522
\l__nicematrix_cell_box=\box101
\l__nicematrix_left_delim_dim=\dimen444
\l__nicematrix_right_delim_dim=\dimen445
LaTeX Font Info:    External font `lmex10' loaded for size
(Font)              <14.4> on input line 1092.
LaTeX Font Info:    External font `lmex10' loaded for size
(Font)              <10> on input line 1092.
LaTeX Font Info:    External font `lmex10' loaded for size
(Font)              <7> on input line 1092.
LaTeX Font Info:    Font shape `U/lasy/b/n' in size <7> not available
(Font)              Font shape `U/lasy/m/n' tried instead on input line 1092.
\g__nicematrix_block_box_1_box=\box102

Underfull \hbox (badness 10000) in paragraph at lines 1085--1107

 []

<photo27.png, id=334, 700.6175pt x 198.7425pt>
File: photo27.png Graphic file (type png)
<use photo27.png>
Package pdftex.def Info: photo27.png  used on input line 1108.
(pdftex.def)             Requested size: 350.30789pt x 99.371pt.

Overfull \hbox (144.17165pt too wide) in paragraph at lines 1067--1110
[][] 
 []


Overfull \vbox (0.23868pt too high) detected at line 1110
 []

[16 <./photo22.png>]
Overfull \hbox (86.06651pt too wide) in paragraph at lines 1114--1120
\T1/lmr/m/n/12 On note $\OT1/lmr/m/n/12 (\OML/lmm/m/it/12 ^^U[]; []\OT1/lmr/m/n
/12 )$ \T1/lmr/m/n/12 les va-leurs propres avec [] 
 []


Underfull \hbox (badness 10000) in paragraph at lines 1114--1120

 []


Underfull \hbox (badness 10000) in paragraph at lines 1121--1124

 []


Underfull \hbox (badness 10000) in paragraph at lines 1125--1143

 []

[17 <./photo26.png> <./photo27.png>]
Underfull \hbox (badness 10000) in paragraph at lines 1149--1152

 []

[18]
Underfull \hbox (badness 10000) in paragraph at lines 1170--1176

 []

[19]

Package hyperref Warning: Token not allowed in a PDF string (Unicode):
(hyperref)                removing `math shift' on input line 1224.


Package hyperref Warning: Token not allowed in a PDF string (Unicode):
(hyperref)                removing `math shift' on input line 1224.

<photo29.png, id=361, 476.78125pt x 181.67876pt>
File: photo29.png Graphic file (type png)
<use photo29.png>
Package pdftex.def Info: photo29.png  used on input line 1243.
(pdftex.def)             Requested size: 238.39003pt x 90.83914pt.
[20 <./photo29.png>]
<photo30.png, id=367, 825.0825pt x 170.6375pt>
File: photo30.png Graphic file (type png)
<use photo30.png>
Package pdftex.def Info: photo30.png  used on input line 1260.
(pdftex.def)             Requested size: 412.54024pt x 85.31853pt.

Underfull \hbox (badness 10000) in paragraph at lines 1262--1268

 []


Package hyperref Warning: Token not allowed in a PDF string (Unicode):
(hyperref)                removing `math shift' on input line 1269.


Package hyperref Warning: Token not allowed in a PDF string (Unicode):
(hyperref)                removing `\omega' on input line 1269.


Package hyperref Warning: Token not allowed in a PDF string (Unicode):
(hyperref)                removing `math shift' on input line 1269.


Package hyperref Warning: Token not allowed in a PDF string (Unicode):
(hyperref)                removing `math shift' on input line 1269.


Package hyperref Warning: Token not allowed in a PDF string (Unicode):
(hyperref)                removing `\lambda' on input line 1269.


Package hyperref Warning: Token not allowed in a PDF string (Unicode):
(hyperref)                removing `\omega' on input line 1269.


Package hyperref Warning: Token not allowed in a PDF string (Unicode):
(hyperref)                removing `math shift' on input line 1269.


Package hyperref Warning: Token not allowed in a PDF string (Unicode):
(hyperref)                removing `math shift' on input line 1269.


Package hyperref Warning: Token not allowed in a PDF string (Unicode):
(hyperref)                removing `\forall' on input line 1269.


Package hyperref Warning: Token not allowed in a PDF string (Unicode):
(hyperref)                removing `\omega' on input line 1269.


Package hyperref Warning: Token not allowed in a PDF string (Unicode):
(hyperref)                removing `math shift' on input line 1269.


Underfull \hbox (badness 10000) in paragraph at lines 1276--1282

 []


Underfull \hbox (badness 10000) in paragraph at lines 1294--1295

 []

[21 <./photo30.png>]
Underfull \hbox (badness 10000) in paragraph at lines 1296--1300

 []


Package hyperref Warning: Token not allowed in a PDF string (Unicode):
(hyperref)                removing `math shift' on input line 1309.


Package hyperref Warning: Token not allowed in a PDF string (Unicode):
(hyperref)                removing `math shift' on input line 1309.


Underfull \hbox (badness 10000) in paragraph at lines 1321--1324

 []


Underfull \hbox (badness 10000) in paragraph at lines 1325--1330

 []


Underfull \hbox (badness 10000) in paragraph at lines 1333--1334

 []


Underfull \hbox (badness 10000) in paragraph at lines 1335--1336

 []


Underfull \hbox (badness 10000) in paragraph at lines 1337--1338

 []

<photo32.png, id=373, 611.28375pt x 197.73875pt>
File: photo32.png Graphic file (type png)
<use photo32.png>
Package pdftex.def Info: photo32.png  used on input line 1345.
(pdftex.def)             Requested size: 122.25458pt x 39.54704pt.

Overfull \hbox (57.82742pt too wide) in paragraph at lines 1344--1353
[]$[]$$[]$ 
 []

[22 <./photo32.png>]
\g__nicematrix_block_box_2_box=\box103
\g__nicematrix_block_box_3_box=\box104

Overfull \hbox (15.14828pt too wide) in paragraph at lines 1388--1392
[][] 
 []

[23]

Package hyperref Warning: Token not allowed in a PDF string (Unicode):
(hyperref)                removing `math shift' on input line 1396.


Package hyperref Warning: Token not allowed in a PDF string (Unicode):
(hyperref)                removing `\@@underline' on input line 1396.


Package hyperref Warning: Token not allowed in a PDF string (Unicode):
(hyperref)                removing `\hbox' on input line 1396.


Package hyperref Warning: Token not allowed in a PDF string (Unicode):
(hyperref)                removing `\mathsurround' on input line 1396.


Package hyperref Warning: Token not allowed in a PDF string (Unicode):
(hyperref)                removing `\z@' on input line 1396.


Package hyperref Warning: Token not allowed in a PDF string (Unicode):
(hyperref)                removing `math shift' on input line 1396.

<photo33.png, id=393, 486.81876pt x 103.38625pt>
File: photo33.png Graphic file (type png)
<use photo33.png>
Package pdftex.def Info: photo33.png  used on input line 1401.
(pdftex.def)             Requested size: 243.40878pt x 51.693pt.

Underfull \hbox (badness 10000) in paragraph at lines 1423--1425

 []


Underfull \hbox (badness 10000) in paragraph at lines 1429--1435

 []


LaTeX Warning: Command \` invalid in math mode on input line 1440.


Underfull \hbox (badness 10000) in paragraph at lines 1440--1445

 []

[24 <./photo33.png>]

Package hyperref Warning: Token not allowed in a PDF string (Unicode):
(hyperref)                removing `math shift' on input line 1470.


Package hyperref Warning: Token not allowed in a PDF string (Unicode):
(hyperref)                removing `math shift' on input line 1470.

<photo34.png, id=400, 492.84125pt x 179.67125pt>
File: photo34.png Graphic file (type png)
<use photo34.png>
Package pdftex.def Info: photo34.png  used on input line 1477.
(pdftex.def)             Requested size: 246.42001pt x 89.83539pt.

Underfull \hbox (badness 10000) in paragraph at lines 1509--1525

 []

[25 <./photo34.png>]

LaTeX Warning: Command \` invalid in math mode on input line 1536.


LaTeX Warning: Command \` invalid in math mode on input line 1536.

[26]
Package hyperref Info: bookmark level for unknown exo defaults to 0 on input li
ne 1629.

Overfull \hbox (186.85078pt too wide) in paragraph at lines 1634--1649
[][] 
 []

<photo8.png, id=413, 882.29625pt x 271.0125pt>
File: photo8.png Graphic file (type png)
<use photo8.png>
Package pdftex.def Info: photo8.png  used on input line 1651.
(pdftex.def)             Requested size: 441.14705pt x 135.5059pt.

Overfull \hbox (101.62186pt too wide) in paragraph at lines 1651--1652
[][] 
 []

Package hyperref Info: bookmark level for unknown sol defaults to 0 on input li
ne 1657.
<photo9.png, id=414, 260.975pt x 241.90375pt>
File: photo9.png Graphic file (type png)
<use photo9.png>
Package pdftex.def Info: photo9.png  used on input line 1662.
(pdftex.def)             Requested size: 52.19408pt x 48.37988pt.

Overfull \hbox (5.0671pt too wide) detected at line 1669
[][]
 []


Overfull \hbox (184.37428pt too wide) in paragraph at lines 1683--1686
[][] 
 []


Overfull \hbox (40.47395pt too wide) detected at line 1706
[][]
 []

<photo10.png, id=415, 811.03pt x 364.36125pt>
File: photo10.png Graphic file (type png)
<use photo10.png>
Package pdftex.def Info: photo10.png  used on input line 1726.
(pdftex.def)             Requested size: 405.514pt x 182.18018pt.

Overfull \hbox (65.98882pt too wide) in paragraph at lines 1726--1727
[][] 
 []


Overfull \hbox (25.62769pt too wide) detected at line 1732
\OML/lmm/m/it/12 k\OT1/lmr/m/n/12 (\OML/lmm/m/it/12 !\OT1/lmr/m/n/12 ) = [] [] 
[]
 []


Overfull \vbox (6.16357pt too high) detected at line 1733
 []

[27 <./photo8.png> <./photo9.png>] [28]
Underfull \hbox (badness 10000) in paragraph at lines 1736--1739
[][]
 []


Overfull \hbox (69.64133pt too wide) in paragraph at lines 1736--1739
[] 
 []

<photo18.png, id=437, 124.465pt x 78.2925pt>
File: photo18.png Graphic file (type png)
<use photo18.png>
Package pdftex.def Info: photo18.png  used on input line 1740.
(pdftex.def)             Requested size: 62.23235pt x 39.14615pt.
[29 <./photo10.png> <./photo18.png>]
Underfull \hbox (badness 10000) in paragraph at lines 1757--1759

 []


Overfull \hbox (198.60066pt too wide) in paragraph at lines 1786--1792
[][] 
 []


Overfull \hbox (99.01602pt too wide) in paragraph at lines 1798--1801
[][] 
 []


Overfull \hbox (99.01602pt too wide) in paragraph at lines 1802--1808
[][] 
 []


Overfull \hbox (29.3747pt too wide) in paragraph at lines 1814--1815
[]$[]$ 
 []


Overfull \hbox (138.69893pt too wide) in paragraph at lines 1816--1823
[]\T1/lmr/bx/it/12 Note : [] 
 []

[30]
Overfull \hbox (133.86685pt too wide) detected at line 1836
[][]
 []


Overfull \hbox (172.6244pt too wide) in paragraph at lines 1838--1841
[][] 
 []


Overfull \hbox (155.38068pt too wide) in paragraph at lines 1842--1852
[]\T1/lmr/m/it/12 En pra-tique : [] 
 []


Underfull \hbox (badness 10000) in paragraph at lines 1854--1856

 []

<photo19.png, id=457, 333.245pt x 176.66pt>
File: photo19.png Graphic file (type png)
<use photo19.png>
Package pdftex.def Info: photo19.png  used on input line 1858.
(pdftex.def)             Requested size: 166.62209pt x 88.32977pt.

Overfull \hbox (257.98267pt too wide) in paragraph at lines 1857--1867
[]$[]$$[]$ 
 []


Underfull \hbox (badness 10000) in paragraph at lines 1869--1871

 []


LaTeX Warning: Command \i invalid in math mode on input line 1878.


LaTeX Warning: Command \i invalid in math mode on input line 1879.


Underfull \hbox (badness 10000) in paragraph at lines 1877--1897

 []


Overfull \hbox (198.60066pt too wide) in paragraph at lines 1876--1912
[][] 
 []

<photo20.png, id=458, 107.40125pt x 119.44624pt>
File: photo20.png Graphic file (type png)
<use photo20.png>
Package pdftex.def Info: photo20.png  used on input line 1915.
(pdftex.def)             Requested size: 107.40097pt x 119.44594pt.

Overfull \hbox (42.67914pt too wide) in paragraph at lines 1914--1929
[]$[]$$[]$ 
 []


Underfull \hbox (badness 10000) in paragraph at lines 1930--1931

 []


Overfull \hbox (198.60066pt too wide) in paragraph at lines 1913--1968
[][] 
 []

[31 <./photo19.png>] [32 <./photo20.png>]
<photo23.png, id=482, 311.1625pt x 173.64874pt>
File: photo23.png Graphic file (type png)
<use photo23.png>
Package pdftex.def Info: photo23.png  used on input line 1991.
(pdftex.def)             Requested size: 155.58087pt x 86.82416pt.

Overfull \hbox (13.3171pt too wide) in paragraph at lines 1991--1992
[][] 
 []


Overfull \hbox (136.33621pt too wide) in paragraph at lines 1973--1993
[][][]
 []


Overfull \hbox (69.64133pt too wide) in paragraph at lines 1973--1993
[]$$[]$ 
 []


Overfull \hbox (172.6244pt too wide) in paragraph at lines 1996--2007
[][] 
 []


Overfull \hbox (5.4091pt too wide) detected at line 2052
[] [] \OT1/lmr/m/n/12 = []  \OMS/lmsy/m/n/12 ([])  [] [] \OT1/lmr/m/n/12 = []
 []


Overfull \hbox (56.63445pt too wide) in paragraph at lines 2077--2105
[]$ 
 []

[33 <./photo23.png>]
Underfull \hbox (badness 10000) in paragraph at lines 2110--2111

 []

<photo24.png, id=491, 393.47pt x 127.47626pt>
File: photo24.png Graphic file (type png)
<use photo24.png>
Package pdftex.def Info: photo24.png  used on input line 2112.
(pdftex.def)             Requested size: 196.73451pt x 63.73796pt.

Overfull \hbox (145.07932pt too wide) in paragraph at lines 2109--2114
[][][] 
 []


Underfull \hbox (badness 10000) in paragraph at lines 2121--2123

 []

<photo25.png, id=492, 263.98625pt x 198.7425pt>
File: photo25.png Graphic file (type png)
<use photo25.png>
Package pdftex.def Info: photo25.png  used on input line 2124.
(pdftex.def)             Requested size: 131.9928pt x 99.371pt.

Overfull \hbox (241.2798pt too wide) in paragraph at lines 2123--2136
[]$[]$$[]$ 
 []


Underfull \hbox (badness 10000) in paragraph at lines 2149--2158

 []


Underfull \hbox (badness 10000) in paragraph at lines 2159--2165

 []


Overfull \hbox (198.60066pt too wide) in paragraph at lines 2166--2176
[][] 
 []


Overfull \hbox (127.46877pt too wide) in paragraph at lines 2184--2187
[][] 
 []


Overfull \vbox (2.92511pt too high) detected at line 2192
 []

[34 <./photo24.png> <./photo25.png>]
Overfull \hbox (136.33621pt too wide) in paragraph at lines 2196--2199
[][][] 
 []

<photo28.png, id=504, 657.45625pt x 216.81pt>
File: photo28.png Graphic file (type png)
<use photo28.png>
Package pdftex.def Info: photo28.png  used on input line 2201.
(pdftex.def)             Requested size: 328.72733pt x 108.40472pt.

Underfull \hbox (badness 2158) in paragraph at lines 2203--2204
\T1/lmr/m/it/12 des rai-deurs li-n�aires 1D
 []


Overfull \hbox (144.17165pt too wide) in paragraph at lines 2200--2205
[]$[]$$[]$ 
 []


Underfull \hbox (badness 10000) in paragraph at lines 2200--2205

 []


Underfull \hbox (badness 10000) in paragraph at lines 2200--2205

 []


Overfull \hbox (156.17168pt too wide) in paragraph at lines 2206--2209
[]$\OMS/lmsy/m/n/12 !$[] 
 []


Overfull \hbox (125.16327pt too wide) in paragraph at lines 2210--2215
[]$ [] 
 []


Underfull \hbox (badness 10000) in paragraph at lines 2210--2215

 []

\l__nicematrix_l_dim=\dimen446

Underfull \hbox (badness 10000) in paragraph at lines 2299--2321

 []


Overfull \hbox (186.85078pt too wide) in paragraph at lines 2222--2340
[]$[]$ 
 []

[35 <./photo28.png>] [36]
Overfull \hbox (136.33621pt too wide) in paragraph at lines 2346--2354
[][][] 
 []


Underfull \hbox (badness 10000) in paragraph at lines 2356--2378

 []

<photo31.png, id=518, 599.23875pt x 115.43124pt>
File: photo31.png Graphic file (type png)
<use photo31.png>
Package pdftex.def Info: photo31.png  used on input line 2383.
(pdftex.def)             Requested size: 299.61864pt x 57.71547pt.

Overfull \hbox (79.28851pt too wide) in paragraph at lines 2383--2384
[][][] 
 []


Underfull \hbox (badness 10000) in paragraph at lines 2383--2384

 []


Underfull \hbox (badness 10000) in paragraph at lines 2390--2391

 []


Overfull \hbox (39.93208pt too wide) in paragraph at lines 2392--2408
[]$[][]$ 
 []


Underfull \hbox (badness 10000) in paragraph at lines 2392--2408

 []


Underfull \hbox (badness 10000) in paragraph at lines 2409--2417

 []


Underfull \hbox (badness 10000) in paragraph at lines 2418--2426

 []


Underfull \hbox (badness 10000) in paragraph at lines 2438--2443

 []


Overfull \hbox (69.64133pt too wide) in paragraph at lines 2427--2446
[] 
 []


Overfull \vbox (11.09431pt too high) detected at line 2446
 []

[37 <./photo31.png>]
Overfull \hbox (114.63345pt too wide) in paragraph at lines 2449--2452
[][][] 
 []

<photo35.png, id=530, 375.4025pt x 86.3225pt>
File: photo35.png Graphic file (type png)
<use photo35.png>
Package pdftex.def Info: photo35.png  used on input line 2454.
(pdftex.def)             Requested size: 187.70079pt x 43.16113pt.

Overfull \hbox (172.6244pt too wide) in paragraph at lines 2453--2456
[][] 
 []


Overfull \hbox (154.99959pt too wide) in paragraph at lines 2457--2500
[] 
 []

<photo36.png, id=531, 116.435pt x 50.1875pt>
File: photo36.png Graphic file (type png)
<use photo36.png>
Package pdftex.def Info: photo36.png  used on input line 2515.
(pdftex.def)             Requested size: 58.21735pt x 25.09367pt.

Overfull \hbox (12.01213pt too wide) in paragraph at lines 2502--2527
[]$\T1/lmr/m/it/12 , [] 
 []


Underfull \hbox (badness 10000) in paragraph at lines 2502--2527

 []


Underfull \hbox (badness 10000) in paragraph at lines 2528--2536

 []


Underfull \hbox (badness 10000) in paragraph at lines 2537--2541

 []


Overfull \hbox (172.6244pt too wide) in paragraph at lines 2501--2553
[]$[]$ 
 []


Underfull \vbox (badness 10000) detected at line 2553
 []


Overfull \vbox (11.89285pt too high) detected at line 2553
 []

[38 <./photo35.png>]
<photo37.png, id=539, 238.8925pt x 92.345pt>
File: photo37.png Graphic file (type png)
<use photo37.png>
Package pdftex.def Info: photo37.png  used on input line 2558.
(pdftex.def)             Requested size: 119.44595pt x 46.17238pt.

Underfull \hbox (badness 10000) in paragraph at lines 2557--2567

 []

<photo38.png, id=540, 275.0275pt x 123.46124pt>
File: photo38.png Graphic file (type png)
<use photo38.png>
Package pdftex.def Info: photo38.png  used on input line 2568.
(pdftex.def)             Requested size: 137.51341pt x 61.73045pt.

Overfull \hbox (154.99959pt too wide) in paragraph at lines 2556--2570
[] 
 []


Underfull \hbox (badness 10000) in paragraph at lines 2571--2572

 []


Overfull \hbox (87.26614pt too wide) in paragraph at lines 2573--2586
[][] 
 []

[39 <./photo36.png> <./photo37.png> <./photo38.png>]
<photo39.png, id=549, 273.02pt x 185.69376pt>
File: photo39.png Graphic file (type png)
<use photo39.png>
Package pdftex.def Info: photo39.png  used on input line 2591.
(pdftex.def)             Requested size: 136.50966pt x 92.84665pt.

Overfull \hbox (240.35785pt too wide) in paragraph at lines 2588--2604
[]$$[]$ 
 []


Underfull \hbox (badness 10000) in paragraph at lines 2605--2607

 []

<photo40.png, id=550, 135.50626pt x 75.28125pt>
File: photo40.png Graphic file (type png)
<use photo40.png>
Package pdftex.def Info: photo40.png  used on input line 2627.
(pdftex.def)             Requested size: 67.75294pt x 37.64052pt.

Overfull \hbox (184.37428pt too wide) in paragraph at lines 2626--2642
[] 
 []

[40 <./photo39.png> <./photo40.png>]
<photo41.png, id=566, 322.20375pt x 118.4425pt>
File: photo41.png Graphic file (type png)
<use photo41.png>
Package pdftex.def Info: photo41.png  used on input line 2652.
(pdftex.def)             Requested size: 161.10147pt x 59.2211pt.

Overfull \hbox (284.52756pt too wide) in paragraph at lines 2650--2660
[]$$[]$ 
 []


Overfull \hbox (184.37428pt too wide) in paragraph at lines 2662--2669
[][] 
 []


Overfull \hbox (198.60066pt too wide) in paragraph at lines 2678--2693
[][] 
 []

<photo45.png, id=567, 268.00125pt x 70.2625pt>
File: photo45.png Graphic file (type png)
<use photo45.png>
Package pdftex.def Info: photo45.png  used on input line 2696.
(pdftex.def)             Requested size: 214.40128pt x 56.21005pt.

Underfull \hbox (badness 10000) in paragraph at lines 2695--2697

 []


Overfull \hbox (198.60066pt too wide) in paragraph at lines 2694--2758
[][] 
 []


Overfull \hbox (198.60066pt too wide) in paragraph at lines 2759--2772
[]$[]$ 
 []


Overfull \hbox (198.60066pt too wide) in paragraph at lines 2773--2797
[][] 
 []


Underfull \vbox (badness 10000) detected at line 2798
 []


Overfull \vbox (6.55067pt too high) detected at line 2798
 []

[41 <./photo41.png> <./photo45.png>]
<photo42.png, id=581, 555.07375pt x 252.945pt>
File: photo42.png Graphic file (type png)
<use photo42.png>
Package pdftex.def Info: photo42.png  used on input line 2804.
(pdftex.def)             Requested size: 277.53618pt x 126.47218pt.

Overfull \hbox (106.81966pt too wide) in paragraph at lines 2804--2805
[][] 
 []


Underfull \hbox (badness 10000) in paragraph at lines 2803--2807

 []


Overfull \hbox (155.92152pt too wide) in paragraph at lines 2815--2818
[][] 
 []

[42 <./photo42.png>]
Overfull \hbox (198.60066pt too wide) in paragraph at lines 2823--2838
[]$[]$ 
 []

<photo43.png, id=595, 410.53375pt x 155.58125pt>
File: photo43.png Graphic file (type png)
<use photo43.png>
Package pdftex.def Info: photo43.png  used on input line 2870.
(pdftex.def)             Requested size: 205.26637pt x 77.79042pt.

Overfull \hbox (198.60066pt too wide) in paragraph at lines 2839--2882
[][] 
 []


Overfull \hbox (99.01602pt too wide) in paragraph at lines 2883--2893
[][] 
 []


Overfull \hbox (164.18556pt too wide) in paragraph at lines 2894--2901
| $[]$ 
 []

<photo44.png, id=596, 371.3875pt x 164.615pt>
File: photo44.png Graphic file (type png)
<use photo44.png>
Package pdftex.def Info: photo44.png  used on input line 2909.
(pdftex.def)             Requested size: 185.69328pt x 82.3073pt.

Overfull \hbox (99.01602pt too wide) in paragraph at lines 2906--2934
[][] 
 []

[43 <./photo43.png>]
<photo46.png, id=607, 286.06876pt x 97.36375pt>
File: photo46.png Graphic file (type png)
<use photo46.png>
Package pdftex.def Info: photo46.png  used on input line 2939.
(pdftex.def)             Requested size: 143.03403pt x 48.68175pt.

Overfull \hbox (155.92152pt too wide) in paragraph at lines 2946--2952
[][] 
 []

<photo47.png, id=608, 283.0575pt x 157.58875pt>
File: photo47.png Graphic file (type png)
<use photo47.png>
Package pdftex.def Info: photo47.png  used on input line 2978.
(pdftex.def)             Requested size: 198.13889pt x 110.31136pt.

Overfull \hbox (27.42236pt too wide) in paragraph at lines 2978--2979
[][] 
 []


Underfull \hbox (badness 10000) in paragraph at lines 2977--2980

 []


Overfull \hbox (138.03923pt too wide) in paragraph at lines 2981--2988
[]$[]$ $[]$ 
 []


Underfull \hbox (badness 10000) in paragraph at lines 2981--2988

 []


Overfull \hbox (22.93675pt too wide) in paragraph at lines 2989--3007
[]$[][]$ 
 []


Underfull \hbox (badness 10000) in paragraph at lines 2989--3007

 []

[44 <./photo44.png> <./photo46.png>]
Underfull \hbox (badness 10000) in paragraph at lines 3016--3017

 []

<photo48.png, id=622, 404.51125pt x 157.58875pt>
File: photo48.png Graphic file (type png)
<use photo48.png>
Package pdftex.def Info: photo48.png  used on input line 3019.
(pdftex.def)             Requested size: 242.70862pt x 94.55397pt.

Overfull \hbox (343.34094pt too wide) in paragraph at lines 3018--3026
[]$[]$$[]$ 
 []

\tf@thm=\write7
\openout7 = `Cours.thm'.

[45 <./photo47.png> <./photo48.png>]
runsystem(latexminted cleantemp  --timestamp 20260326094505 33C1869ABDF6A46508C
3C105810129C7)...executed safely (allowed).

 (./Cours.aux)
 ***********
LaTeX2e <2025-11-01>
L3 programming layer <2025-11-06>
 ***********
Package rerunfilecheck Info: File `Cours.out' has not changed.
(rerunfilecheck)             Checksum: B4C71259CBB0C25AFA7A269B7105F705;10591.
 ) 
Here is how much of TeX's memory you used:
 62380 strings out of 467538
 1450855 string characters out of 5419551
 2160807 words of memory out of 5000000
 90218 multiletter control sequences out of 15000+600000
 757564 words of font info for 137 fonts, out of 8000000 for 9000
 1141 hyphenation exceptions out of 8191
 109i,30n,131p,866b,1159s stack positions out of 10000i,1000n,20000p,200000b,200000s
</usr/local/texlive/2025/texmf-dist/fonts/type1/public/bbold-type1/bbold10.pf
b></usr/local/texlive/2025/texmf-dist/fonts/type1/public/bbold-type1/bbold7.pfb
></usr/local/texlive/2025/texmf-dist/fonts/type1/public/amsfonts/latxfont/line1
0.pfb></usr/local/texlive/2025/texmf-dist/fonts/type1/public/lm/lmbx12.pfb></us
r/local/texlive/2025/texmf-dist/fonts/type1/public/lm/lmbx8.pfb></usr/local/tex
live/2025/texmf-dist/fonts/type1/public/lm/lmbxi10.pfb></usr/local/texlive/2025
/texmf-dist/fonts/type1/public/lm/lmcsc10.pfb></usr/local/texlive/2025/texmf-di
st/fonts/type1/public/lm/lmex10.pfb></usr/local/texlive/2025/texmf-dist/fonts/t
ype1/public/lm/lmmi12.pfb></usr/local/texlive/2025/texmf-dist/fonts/type1/publi
c/lm/lmmi6.pfb></usr/local/texlive/2025/texmf-dist/fonts/type1/public/lm/lmmi8.
pfb></usr/local/texlive/2025/texmf-dist/fonts/type1/public/lm/lmr12.pfb></usr/l
ocal/texlive/2025/texmf-dist/fonts/type1/public/lm/lmr6.pfb></usr/local/texlive
/2025/texmf-dist/fonts/type1/public/lm/lmr8.pfb></usr/local/texlive/2025/texmf-
dist/fonts/type1/public/lm/lmri12.pfb></usr/local/texlive/2025/texmf-dist/fonts
/type1/public/lm/lmsy10.pfb></usr/local/texlive/2025/texmf-dist/fonts/type1/pub
lic/lm/lmsy6.pfb></usr/local/texlive/2025/texmf-dist/fonts/type1/public/lm/lmsy
8.pfb>
Output written on Cours.pdf (46 pages, 5737209 bytes).
PDF statistics:
 767 PDF objects out of 1000 (max. 8388607)
 553 compressed objects within 6 object streams
 197 named destinations out of 1000 (max. 500000)
 650 words of extra memory for PDF output out of 10000 (max. 10000000)

