\BOOKMARK [1][-]{section.1}{\376\377\000I\000n\000t\000r\000o\000d\000u\000c\000t\000i\000o\000n}{}% 1
\BOOKMARK [2][-]{subsection.1.1}{\376\377\000C\000o\000n\000t\000e\000x\000t\000e}{section.1}% 2
\BOOKMARK [2][-]{subsection.1.2}{\376\377\000M\000o\000d\000\351\000l\000i\000s\000a\000t\000i\000o\000n\000\040\000d\000u\000\040\000p\000r\000o\000b\000l\000\350\000m\000e}{section.1}% 3
\BOOKMARK [1][-]{section.2}{\376\377\000E\000r\000r\000e\000u\000r\000\040\000d\000e\000\040\000c\000o\000n\000s\000i\000s\000t\000a\000n\000c\000e\000\040\000d\000u\000\040\000g\000r\000a\000d\000i\000e\000n\000t\000\040\000d\000i\000s\000c\000r\000e\000t}{}% 4
\BOOKMARK [2][-]{subsection.2.1}{\376\377\000E\000x\000p\000r\000e\000s\000s\000i\000o\000n\000\040\000e\000x\000a\000c\000t\000e\000\040\000d\000e\000\040\000l\000'\000e\000r\000r\000e\000u\000r}{section.2}% 5
\BOOKMARK [2][-]{subsection.2.2}{\376\377\000M\000a\000j\000o\000r\000a\000t\000i\000o\000n\000\040\000d\000e\000\040\000l\000'\000e\000r\000r\000e\000u\000r}{section.2}% 6
\BOOKMARK [2][-]{subsection.2.3}{\376\377\000M\000e\000s\000u\000r\000e\000\040\000d\000e\000\040\000l\000'\000e\000r\000r\000e\000u\000r\000\040\000c\000o\000n\000s\000i\000s\000t\000a\000n\000c\000e}{section.2}% 7
\BOOKMARK [2][-]{subsection.2.4}{\376\377\000M\000a\000j\000o\000r\000a\000t\000i\000o\000n\000\040\000d\000e\000\040\000M\000i\000-\0001}{section.2}% 8
\BOOKMARK [2][-]{subsection.2.5}{\376\377\000M\000a\000i\000l\000l\000a\000g\000e\000\040\000T\000r\000i\000a\000n\000g\000u\000l\000a\000i\000r\000e}{section.2}% 9
\BOOKMARK [1][-]{section.3}{\376\377\000T\000e\000s\000t\000s\000\040\000n\000u\000m\000\351\000r\000i\000q\000u\000e\000s}{}% 10
\BOOKMARK [2][-]{subsection.3.1}{\376\377\000O\000b\000j\000e\000c\000t\000i\000f\000s}{section.3}% 11
\BOOKMARK [2][-]{subsection.3.2}{\376\377\000M\000a\000t\000\351\000r\000i\000e\000l\000s}{section.3}% 12
\BOOKMARK [2][-]{subsection.3.3}{\376\377\000M\000a\000i\000l\000l\000a\000g\000e\000\040\000c\000a\000r\000t\000\351\000s\000i\000e\000n}{section.3}% 13
\BOOKMARK [2][-]{subsection.3.4}{\376\377\000M\000a\000i\000l\000l\000a\000g\000e\000\040\000c\000a\000r\000t\000\351\000s\000i\000e\000n\000\040\000d\000\351\000f\000o\000r\000m\000\351}{section.3}% 14
\BOOKMARK [3][-]{subsubsection.3.4.1}{\376\377\000C\000o\000e\000f\000f\000i\000c\000i\000e\000n\000t\000\040\000d\000e\000\040\000d\000\351\000f\000o\000r\000m\000a\000t\000i\000o\000n\000\040\000=\000\040\0000\000.\0002}{subsection.3.4}% 15
\BOOKMARK [3][-]{subsubsection.3.4.2}{\376\377\000C\000o\000e\000f\000f\000i\000c\000i\000e\000n\000t\000\040\000d\000e\000\040\000d\000\351\000f\000o\000r\000m\000a\000t\000i\000o\000n\000\040\000=\000\040\0000\000.\0005}{subsection.3.4}% 16
\BOOKMARK [3][-]{subsubsection.3.4.3}{\376\377\000C\000o\000e\000f\000f\000i\000c\000i\000e\000n\000t\000\040\000d\000e\000\040\000d\000\351\000f\000o\000r\000m\000a\000t\000i\000o\000n\000\040\000=\000\040\0000\000.\0008}{subsection.3.4}% 17
\BOOKMARK [3][-]{subsubsection.3.4.4}{\376\377\000C\000o\000e\000f\000f\000i\000c\000i\000e\000n\000t\000\040\000d\000e\000\040\000d\000\351\000f\000o\000r\000m\000a\000t\000i\000o\000n\000\040\000=\000\040\0000\000.\0009}{subsection.3.4}% 18
\BOOKMARK [3][-]{subsubsection.3.4.5}{\376\377\000O\000b\000s\000e\000r\000v\000a\000t\000i\000o\000n\000s}{subsection.3.4}% 19
\BOOKMARK [2][-]{subsection.3.5}{\376\377\000M\000a\000i\000l\000l\000a\000g\000e\000\040\000d\000e\000\040\000D\000e\000l\000a\000u\000n\000a\000y}{section.3}% 20
