This is pdfTeX, Version 3.141592653-2.6-1.40.28 (TeX Live 2025) (preloaded format=pdflatex 2025.11.18)  13 FEB 2026 11:19
entering extended mode
 restricted \write18 enabled.
 %&-line parsing enabled.
**Cours.tex
(./Cours.tex
LaTeX2e <2025-11-01>
L3 programming layer <2025-11-06>
(/usr/local/texlive/2025/texmf-dist/tex/latex/base/article.cls
Document Class: article 2025/01/22 v1.4n Standard LaTeX document class
(/usr/local/texlive/2025/texmf-dist/tex/latex/base/size12.clo
File: size12.clo 2025/01/22 v1.4n Standard LaTeX file (size option)
)
\c@part=\count275
\c@section=\count276
\c@subsection=\count277
\c@subsubsection=\count278
\c@paragraph=\count279
\c@subparagraph=\count280
\c@figure=\count281
\c@table=\count282
\abovecaptionskip=\skip49
\belowcaptionskip=\skip50
\bibindent=\dimen148
)
(/home/maenwe/Master_CSM/modèle_cours_latex/prise_de_note.sty

LaTeX Warning: You have requested package `/home/maenwe/Master_CSM/modèle_cour
s_latex/prise_de_note',
               but the package provides `prise_de_note'.

Package: prise_de_note 07/01/2026 Prise de notes des cours
(/usr/local/texlive/2025/texmf-dist/tex/latex/base/inputenc.sty
Package: inputenc 2024/02/08 v1.3d Input encoding file
\inpenc@prehook=\toks17
\inpenc@posthook=\toks18
)
(/usr/local/texlive/2025/texmf-dist/tex/latex/base/fontenc.sty
Package: fontenc 2025/07/18 v2.1d Standard LaTeX package
)
(/usr/local/texlive/2025/texmf-dist/tex/generic/babel/babel.sty
Package: babel 2025/11/09 v25.15 The multilingual framework for LuaLaTeX, pdfLa
TeX and XeLaTeX
\babel@savecnt=\count283
LaTeX Encoding Info:    Redeclaring text command \ij (encoding OT1) on input li
ne 2050.
LaTeX Encoding Info:    Redeclaring text command \IJ (encoding OT1) on input li
ne 2052.
LaTeX Encoding Info:    Redeclaring text command \ij (encoding T1) on input lin
e 2054.
LaTeX Encoding Info:    Redeclaring text command \IJ (encoding T1) on input lin
e 2055.
LaTeX Encoding Info:    Ignoring declaration for text command \ij (encoding ?) 
on input line 2056.
LaTeX Encoding Info:    Ignoring declaration for text command \IJ (encoding ?) 
on input line 2058.
LaTeX Encoding Info:    Ignoring declaration for text command \SS (encoding ?) 
on input line 2083.
\U@D=\dimen149
\l@unhyphenated=\language90

(/usr/local/texlive/2025/texmf-dist/tex/generic/babel/txtbabel.def)
\bbl@readstream=\read2
\bbl@dirlevel=\count284

(/usr/local/texlive/2025/texmf-dist/tex/generic/babel/locale/fr/babel-french.te
x)
Package babel Info: Importing font and identification data for french
(babel)             from babel-fr.ini. Reported on input line 4298.
 (/usr/local/texlive/2025/texmf-dist/tex/generic/babel-french/french.ldf
Language: french 2025-08-15 v4.0e French support from the babel system

(/usr/local/texlive/2025/texmf-dist/tex/generic/babel-french/french3.ldf
Language: french 2025-08-15 v3.7e French support from the babel system
\FB@stdchar=\count285
Package babel Info: Making : an active character on input line 273.
Package babel Info: Making ; an active character on input line 274.
Package babel Info: Making ! an active character on input line 275.
Package babel Info: Making ? an active character on input line 276.
\FBguill@level=\count286
\FBold@everypar=\toks19
\FB@Mht=\dimen150
\mc@charclass=\count287
\mc@charfam=\count288
\mc@charslot=\count289
\std@mcc=\count290
\dec@mcc=\count291
\FB@pardim=\dimen151
\listindentFB=\dimen152
\descindentFB=\dimen153
\labelindentFB=\dimen154
\labelwidthFB=\dimen155
\leftmarginFB=\dimen156
\parindentFFN=\dimen157
\FBfnindent=\dimen158
)))
(/usr/local/texlive/2025/texmf-dist/tex/latex/carlisle/scalefnt.sty)
(/usr/local/texlive/2025/texmf-dist/tex/latex/lm/lmodern.sty
Package: lmodern 2015/05/01 v1.6.1 Latin Modern Fonts
LaTeX Font Info:    Overwriting symbol font `operators' in version `normal'
(Font)                  OT1/cmr/m/n --> OT1/lmr/m/n on input line 22.
LaTeX Font Info:    Overwriting symbol font `letters' in version `normal'
(Font)                  OML/cmm/m/it --> OML/lmm/m/it on input line 23.
LaTeX Font Info:    Overwriting symbol font `symbols' in version `normal'
(Font)                  OMS/cmsy/m/n --> OMS/lmsy/m/n on input line 24.
LaTeX Font Info:    Overwriting symbol font `largesymbols' in version `normal'
(Font)                  OMX/cmex/m/n --> OMX/lmex/m/n on input line 25.
LaTeX Font Info:    Overwriting symbol font `operators' in version `bold'
(Font)                  OT1/cmr/bx/n --> OT1/lmr/bx/n on input line 26.
LaTeX Font Info:    Overwriting symbol font `letters' in version `bold'
(Font)                  OML/cmm/b/it --> OML/lmm/b/it on input line 27.
LaTeX Font Info:    Overwriting symbol font `symbols' in version `bold'
(Font)                  OMS/cmsy/b/n --> OMS/lmsy/b/n on input line 28.
LaTeX Font Info:    Overwriting symbol font `largesymbols' in version `bold'
(Font)                  OMX/cmex/m/n --> OMX/lmex/m/n on input line 29.
LaTeX Font Info:    Overwriting math alphabet `\mathbf' in version `normal'
(Font)                  OT1/cmr/bx/n --> OT1/lmr/bx/n on input line 31.
LaTeX Font Info:    Overwriting math alphabet `\mathsf' in version `normal'
(Font)                  OT1/cmss/m/n --> OT1/lmss/m/n on input line 32.
LaTeX Font Info:    Overwriting math alphabet `\mathit' in version `normal'
(Font)                  OT1/cmr/m/it --> OT1/lmr/m/it on input line 33.
LaTeX Font Info:    Overwriting math alphabet `\mathtt' in version `normal'
(Font)                  OT1/cmtt/m/n --> OT1/lmtt/m/n on input line 34.
LaTeX Font Info:    Overwriting math alphabet `\mathbf' in version `bold'
(Font)                  OT1/cmr/bx/n --> OT1/lmr/bx/n on input line 35.
LaTeX Font Info:    Overwriting math alphabet `\mathsf' in version `bold'
(Font)                  OT1/cmss/bx/n --> OT1/lmss/bx/n on input line 36.
LaTeX Font Info:    Overwriting math alphabet `\mathit' in version `bold'
(Font)                  OT1/cmr/bx/it --> OT1/lmr/bx/it on input line 37.
LaTeX Font Info:    Overwriting math alphabet `\mathtt' in version `bold'
(Font)                  OT1/cmtt/m/n --> OT1/lmtt/m/n on input line 38.
)
(/usr/local/texlive/2025/texmf-dist/tex/latex/bbold/bbold.sty
Package: bbold 1994/04/06 Bbold symbol package
)
(/usr/local/texlive/2025/texmf-dist/tex/latex/minted/minted.sty
Package: minted 2025/05/14 v3.7.0 Yet another Pygments shim for LaTeX

(/usr/local/texlive/2025/texmf-dist/tex/generic/catchfile/catchfile.sty
Package: catchfile 2019/12/09 v1.8 Catch the contents of a file (HO)

(/usr/local/texlive/2025/texmf-dist/tex/generic/infwarerr/infwarerr.sty
Package: infwarerr 2019/12/03 v1.5 Providing info/warning/error messages (HO)
)
(/usr/local/texlive/2025/texmf-dist/tex/generic/ltxcmds/ltxcmds.sty
Package: ltxcmds 2023-12-04 v1.26 LaTeX kernel commands for general use (HO)
)
(/usr/local/texlive/2025/texmf-dist/tex/generic/etexcmds/etexcmds.sty
Package: etexcmds 2019/12/15 v1.7 Avoid name clashes with e-TeX commands (HO)

(/usr/local/texlive/2025/texmf-dist/tex/generic/iftex/iftex.sty
Package: iftex 2024/12/12 v1.0g TeX engine tests
)))
(/usr/local/texlive/2025/texmf-dist/tex/latex/etoolbox/etoolbox.sty
Package: etoolbox 2025/10/02 v2.5m e-TeX tools for LaTeX (JAW)
\etb@tempcnta=\count292
)
(/usr/local/texlive/2025/texmf-dist/tex/latex/fvextra/fvextra.sty
Package: fvextra 2025/05/29 v1.13.2 fvextra - extensions and patches for fancyv
rb

(/usr/local/texlive/2025/texmf-dist/tex/latex/fancyvrb/fancyvrb.sty
Package: fancyvrb 2025/07/28 4.6 verbatim text (tvz,hv)

(/usr/local/texlive/2025/texmf-dist/tex/latex/graphics/keyval.sty
Package: keyval 2022/05/29 v1.15 key=value parser (DPC)
\KV@toks@=\toks20
)
\FV@CodeLineNo=\count293
\FV@InFile=\read3
\FV@TabBox=\box53
\c@FancyVerbLine=\count294
\FV@StepNumber=\count295
\FV@OutFile=\write3
)
(/usr/local/texlive/2025/texmf-dist/tex/generic/pdftexcmds/pdftexcmds.sty
Package: pdftexcmds 2020-06-27 v0.33 Utility functions of pdfTeX for LuaTeX (HO
)
Package pdftexcmds Info: \pdf@primitive is available.
Package pdftexcmds Info: \pdf@ifprimitive is available.
Package pdftexcmds Info: \pdfdraftmode found.
)
(/usr/local/texlive/2025/texmf-dist/tex/latex/upquote/upquote.sty
Package: upquote 2012/04/19 v1.3 upright-quote and grave-accent glyphs in verba
tim

(/usr/local/texlive/2025/texmf-dist/tex/latex/base/textcomp.sty
Package: textcomp 2024/04/24 v2.1b Standard LaTeX package
))
(/usr/local/texlive/2025/texmf-dist/tex/latex/lineno/lineno.sty
Package: lineno 2025/05/13 line numbers on paragraphs v5.5

(/usr/local/texlive/2025/texmf-dist/tex/latex/kvoptions/kvoptions.sty
Package: kvoptions 2022-06-15 v3.15 Key value format for package options (HO)

(/usr/local/texlive/2025/texmf-dist/tex/latex/kvsetkeys/kvsetkeys.sty
Package: kvsetkeys 2022-10-05 v1.19 Key value parser (HO)
))
\linenopenalty=\count296
\output=\toks21
\linenoprevgraf=\count297
\linenumbersep=\dimen159
\linenumberwidth=\dimen160
\c@linenumber=\count298
\c@pagewiselinenumber=\count299
\c@LN@truepage=\count300
\c@internallinenumber=\count301
\c@internallinenumbers=\count302
\quotelinenumbersep=\dimen161
\bframerule=\dimen162
\bframesep=\dimen163
\bframebox=\box54
)
\c@FancyVerbWriteLine=\count303
\c@FancyVerbBufferLine=\count304
\c@FV@TrueTabGroupLevel=\count305
\c@FV@TrueTabCounter=\count306
\FV@TabBox@Group=\box55
\FV@bgcolorstructbox=\box56
\FV@TmpLength=\skip51
\c@FV@HighlightLinesStart=\count307
\c@FV@HighlightLinesStop=\count308
\FV@LoopCount=\count309
\FV@NCharsBox=\box57
\FV@BreakIndent=\dimen164
\FV@BreakIndentNChars=\count310
\FV@BreakSymbolSepLeft=\dimen165
\FV@BreakSymbolSepLeftNChars=\count311
\FV@BreakSymbolSepRight=\dimen166
\FV@BreakSymbolSepRightNChars=\count312
\FV@BreakSymbolIndentLeft=\dimen167
\FV@BreakSymbolIndentLeftNChars=\count313
\FV@BreakSymbolIndentRight=\dimen168
\FV@BreakSymbolIndentRightNChars=\count314
\c@FancyVerbLineBreakLast=\count315
\FV@LineBox=\box58
\FV@LineIndentBox=\box59
\c@FV@BreakBufferDepth=\count316
\FV@LineWidth=\dimen169
)
(/usr/local/texlive/2025/texmf-dist/tex/latex/latex2pydata/latex2pydata.sty
Package: latex2pydata 2025/03/26 v0.6.0 latex2pydata - write data to file in Py
thon literal format
)
(/usr/local/texlive/2025/texmf-dist/tex/latex/pgf/utilities/pgfkeys.sty
(/usr/local/texlive/2025/texmf-dist/tex/generic/pgf/utilities/pgfkeys.code.tex
\pgfkeys@pathtoks=\toks22
\pgfkeys@temptoks=\toks23

(/usr/local/texlive/2025/texmf-dist/tex/generic/pgf/utilities/pgfkeyslibraryfil
tered.code.tex
\pgfkeys@tmptoks=\toks24
)))
(/usr/local/texlive/2025/texmf-dist/tex/latex/pgfopts/pgfopts.sty
Package: pgfopts 2014/07/10 v2.1a LaTeX package options with pgfkeys
\pgfopts@list@add@a@toks=\toks25
\pgfopts@list@add@b@toks=\toks26
)
(/usr/local/texlive/2025/texmf-dist/tex/latex/tools/shellesc.sty
Package: shellesc 2023/07/08 v1.0d unified shell escape interface for LaTeX
Package shellesc Info: Restricted shell escape enabled on input line 77.
)
(/usr/local/texlive/2025/texmf-dist/tex/latex/float/float.sty
Package: float 2001/11/08 v1.3d Float enhancements (AL)
\c@float@type=\count317
\float@exts=\toks27
\float@box=\box60
\@float@everytoks=\toks28
\@floatcapt=\box61
)
\c@minted@FancyVerbLineTemp=\count318
\@float@every@listing=\toks29
\c@listing=\count319
)
(/home/maenwe/texmf/tex/latex/enumitem/enumitem.sty
Package: enumitem 2025/02/06 v3.11 Customized lists
\labelindent=\skip52
\enit@outerparindent=\dimen170
\enit@toks=\toks30
\enit@inbox=\box62
\enit@count@id=\count320
\enitdp@description=\count321
)
(/usr/local/texlive/2025/texmf-dist/tex/latex/geometry/geometry.sty
Package: geometry 2020/01/02 v5.9 Page Geometry

(/usr/local/texlive/2025/texmf-dist/tex/generic/iftex/ifvtex.sty
Package: ifvtex 2019/10/25 v1.7 ifvtex legacy package. Use iftex instead.
)
\Gm@cnth=\count322
\Gm@cntv=\count323
\c@Gm@tempcnt=\count324
\Gm@bindingoffset=\dimen171
\Gm@wd@mp=\dimen172
\Gm@odd@mp=\dimen173
\Gm@even@mp=\dimen174
\Gm@layoutwidth=\dimen175
\Gm@layoutheight=\dimen176
\Gm@layouthoffset=\dimen177
\Gm@layoutvoffset=\dimen178
\Gm@dimlist=\toks31
)
(/usr/local/texlive/2025/texmf-dist/tex/latex/setspace/setspace.sty
Package: setspace 2022/12/04 v6.7b set line spacing
)
(/usr/local/texlive/2025/texmf-dist/tex/latex/titlesec/titlesec.sty
Package: titlesec 2025/01/04 v2.17 Sectioning titles
\ttl@box=\box63
\beforetitleunit=\skip53
\aftertitleunit=\skip54
\ttl@plus=\dimen179
\ttl@minus=\dimen180
\ttl@toksa=\toks32
\titlewidth=\dimen181
\titlewidthlast=\dimen182
\titlewidthfirst=\dimen183
)
(/usr/local/texlive/2025/texmf-dist/tex/latex/graphics/graphicx.sty
Package: graphicx 2024/12/31 v1.2e Enhanced LaTeX Graphics (DPC,SPQR)

(/usr/local/texlive/2025/texmf-dist/tex/latex/graphics/graphics.sty
Package: graphics 2024/08/06 v1.4g Standard LaTeX Graphics (DPC,SPQR)

(/usr/local/texlive/2025/texmf-dist/tex/latex/graphics/trig.sty
Package: trig 2023/12/02 v1.11 sin cos tan (DPC)
)
(/usr/local/texlive/2025/texmf-dist/tex/latex/graphics-cfg/graphics.cfg
File: graphics.cfg 2016/06/04 v1.11 sample graphics configuration
)
Package graphics Info: Driver file: pdftex.def on input line 106.

(/usr/local/texlive/2025/texmf-dist/tex/latex/graphics-def/pdftex.def
File: pdftex.def 2025/09/29 v1.2d Graphics/color driver for pdftex
))
\Gin@req@height=\dimen184
\Gin@req@width=\dimen185
)
(/usr/local/texlive/2025/texmf-dist/tex/latex/xcolor/xcolor.sty
Package: xcolor 2024/09/29 v3.02 LaTeX color extensions (UK)

(/usr/local/texlive/2025/texmf-dist/tex/latex/graphics-cfg/color.cfg
File: color.cfg 2016/01/02 v1.6 sample color configuration
)
Package xcolor Info: Driver file: pdftex.def on input line 274.

(/usr/local/texlive/2025/texmf-dist/tex/latex/graphics/mathcolor.ltx)
Package xcolor Info: Model `cmy' substituted by `cmy0' on input line 1349.
Package xcolor Info: Model `hsb' substituted by `rgb' on input line 1353.
Package xcolor Info: Model `RGB' extended on input line 1365.
Package xcolor Info: Model `HTML' substituted by `rgb' on input line 1367.
Package xcolor Info: Model `Hsb' substituted by `hsb' on input line 1368.
Package xcolor Info: Model `tHsb' substituted by `hsb' on input line 1369.
Package xcolor Info: Model `HSB' substituted by `hsb' on input line 1370.
Package xcolor Info: Model `Gray' substituted by `gray' on input line 1371.
Package xcolor Info: Model `wave' substituted by `hsb' on input line 1372.
)
(/usr/local/texlive/2025/texmf-dist/tex/latex/graphics/dvipsnam.def
File: dvipsnam.def 2016/06/17 v3.0m Driver-dependent file (DPC,SPQR)
)
(/usr/local/texlive/2025/texmf-dist/tex/latex/tcolorbox/tcolorbox.sty
Package: tcolorbox 2025/09/09 version 6.8.0 text color boxes

(/usr/local/texlive/2025/texmf-dist/tex/latex/pgf/frontendlayer/tikz.sty
(/usr/local/texlive/2025/texmf-dist/tex/latex/pgf/basiclayer/pgf.sty
(/usr/local/texlive/2025/texmf-dist/tex/latex/pgf/utilities/pgfrcs.sty
(/usr/local/texlive/2025/texmf-dist/tex/generic/pgf/utilities/pgfutil-common.te
x
\pgfutil@everybye=\toks33
\pgfutil@tempdima=\dimen186
\pgfutil@tempdimb=\dimen187
)
(/usr/local/texlive/2025/texmf-dist/tex/generic/pgf/utilities/pgfutil-latex.def
\pgfutil@abb=\box64
) (/usr/local/texlive/2025/texmf-dist/tex/generic/pgf/utilities/pgfrcs.code.tex
(/usr/local/texlive/2025/texmf-dist/tex/generic/pgf/pgf.revision.tex)
Package: pgfrcs 2025-08-29 v3.1.11a (3.1.11a)
))
Package: pgf 2025-08-29 v3.1.11a (3.1.11a)

(/usr/local/texlive/2025/texmf-dist/tex/latex/pgf/basiclayer/pgfcore.sty
(/usr/local/texlive/2025/texmf-dist/tex/latex/pgf/systemlayer/pgfsys.sty
(/usr/local/texlive/2025/texmf-dist/tex/generic/pgf/systemlayer/pgfsys.code.tex
Package: pgfsys 2025-08-29 v3.1.11a (3.1.11a)
\pgf@x=\dimen188
\pgf@y=\dimen189
\pgf@xa=\dimen190
\pgf@ya=\dimen191
\pgf@xb=\dimen192
\pgf@yb=\dimen193
\pgf@xc=\dimen194
\pgf@yc=\dimen195
\pgf@xd=\dimen196
\pgf@yd=\dimen197
\w@pgf@writea=\write4
\r@pgf@reada=\read4
\c@pgf@counta=\count325
\c@pgf@countb=\count326
\c@pgf@countc=\count327
\c@pgf@countd=\count328
\t@pgf@toka=\toks34
\t@pgf@tokb=\toks35
\t@pgf@tokc=\toks36
\pgf@sys@id@count=\count329
(/usr/local/texlive/2025/texmf-dist/tex/generic/pgf/systemlayer/pgf.cfg
File: pgf.cfg 2025-08-29 v3.1.11a (3.1.11a)
)
Driver file for pgf: pgfsys-pdftex.def

(/usr/local/texlive/2025/texmf-dist/tex/generic/pgf/systemlayer/pgfsys-pdftex.d
ef
File: pgfsys-pdftex.def 2025-08-29 v3.1.11a (3.1.11a)

(/usr/local/texlive/2025/texmf-dist/tex/generic/pgf/systemlayer/pgfsys-common-p
df.def
File: pgfsys-common-pdf.def 2025-08-29 v3.1.11a (3.1.11a)
)))
(/usr/local/texlive/2025/texmf-dist/tex/generic/pgf/systemlayer/pgfsyssoftpath.
code.tex
File: pgfsyssoftpath.code.tex 2025-08-29 v3.1.11a (3.1.11a)
\pgfsyssoftpath@smallbuffer@items=\count330
\pgfsyssoftpath@bigbuffer@items=\count331
)
(/usr/local/texlive/2025/texmf-dist/tex/generic/pgf/systemlayer/pgfsysprotocol.
code.tex
File: pgfsysprotocol.code.tex 2025-08-29 v3.1.11a (3.1.11a)
))
(/usr/local/texlive/2025/texmf-dist/tex/generic/pgf/basiclayer/pgfcore.code.tex
Package: pgfcore 2025-08-29 v3.1.11a (3.1.11a)
(/usr/local/texlive/2025/texmf-dist/tex/generic/pgf/math/pgfmath.code.tex
(/usr/local/texlive/2025/texmf-dist/tex/generic/pgf/math/pgfmathutil.code.tex)
(/usr/local/texlive/2025/texmf-dist/tex/generic/pgf/math/pgfmathparser.code.tex
\pgfmath@dimen=\dimen198
\pgfmath@count=\count332
\pgfmath@box=\box65
\pgfmath@toks=\toks37
\pgfmath@stack@operand=\toks38
\pgfmath@stack@operation=\toks39
)
(/usr/local/texlive/2025/texmf-dist/tex/generic/pgf/math/pgfmathfunctions.code.
tex)
(/usr/local/texlive/2025/texmf-dist/tex/generic/pgf/math/pgfmathfunctions.basic
.code.tex)
(/usr/local/texlive/2025/texmf-dist/tex/generic/pgf/math/pgfmathfunctions.trigo
nometric.code.tex)
(/usr/local/texlive/2025/texmf-dist/tex/generic/pgf/math/pgfmathfunctions.rando
m.code.tex)
(/usr/local/texlive/2025/texmf-dist/tex/generic/pgf/math/pgfmathfunctions.compa
rison.code.tex)
(/usr/local/texlive/2025/texmf-dist/tex/generic/pgf/math/pgfmathfunctions.base.
code.tex)
(/usr/local/texlive/2025/texmf-dist/tex/generic/pgf/math/pgfmathfunctions.round
.code.tex)
(/usr/local/texlive/2025/texmf-dist/tex/generic/pgf/math/pgfmathfunctions.misc.
code.tex)
(/usr/local/texlive/2025/texmf-dist/tex/generic/pgf/math/pgfmathfunctions.integ
erarithmetics.code.tex)
(/usr/local/texlive/2025/texmf-dist/tex/generic/pgf/math/pgfmathcalc.code.tex)
(/usr/local/texlive/2025/texmf-dist/tex/generic/pgf/math/pgfmathfloat.code.tex
\c@pgfmathroundto@lastzeros=\count333
)) (/usr/local/texlive/2025/texmf-dist/tex/generic/pgf/math/pgfint.code.tex)
(/usr/local/texlive/2025/texmf-dist/tex/generic/pgf/basiclayer/pgfcorepoints.co
de.tex
File: pgfcorepoints.code.tex 2025-08-29 v3.1.11a (3.1.11a)
\pgf@picminx=\dimen199
\pgf@picmaxx=\dimen256
\pgf@picminy=\dimen257
\pgf@picmaxy=\dimen258
\pgf@pathminx=\dimen259
\pgf@pathmaxx=\dimen260
\pgf@pathminy=\dimen261
\pgf@pathmaxy=\dimen262
\pgf@xx=\dimen263
\pgf@xy=\dimen264
\pgf@yx=\dimen265
\pgf@yy=\dimen266
\pgf@zx=\dimen267
\pgf@zy=\dimen268
)
(/usr/local/texlive/2025/texmf-dist/tex/generic/pgf/basiclayer/pgfcorepathconst
ruct.code.tex
File: pgfcorepathconstruct.code.tex 2025-08-29 v3.1.11a (3.1.11a)
\pgf@path@lastx=\dimen269
\pgf@path@lasty=\dimen270
)
(/usr/local/texlive/2025/texmf-dist/tex/generic/pgf/basiclayer/pgfcorepathusage
.code.tex
File: pgfcorepathusage.code.tex 2025-08-29 v3.1.11a (3.1.11a)
\pgf@shorten@end@additional=\dimen271
\pgf@shorten@start@additional=\dimen272
)
(/usr/local/texlive/2025/texmf-dist/tex/generic/pgf/basiclayer/pgfcorescopes.co
de.tex
File: pgfcorescopes.code.tex 2025-08-29 v3.1.11a (3.1.11a)
\pgfpic=\box66
\pgf@hbox=\box67
\pgf@layerbox@main=\box68
\pgf@picture@serial@count=\count334
)
(/usr/local/texlive/2025/texmf-dist/tex/generic/pgf/basiclayer/pgfcoregraphicst
ate.code.tex
File: pgfcoregraphicstate.code.tex 2025-08-29 v3.1.11a (3.1.11a)
\pgflinewidth=\dimen273
)
(/usr/local/texlive/2025/texmf-dist/tex/generic/pgf/basiclayer/pgfcoretransform
ations.code.tex
File: pgfcoretransformations.code.tex 2025-08-29 v3.1.11a (3.1.11a)
\pgf@pt@x=\dimen274
\pgf@pt@y=\dimen275
\pgf@pt@temp=\dimen276
)
(/usr/local/texlive/2025/texmf-dist/tex/generic/pgf/basiclayer/pgfcorequick.cod
e.tex
File: pgfcorequick.code.tex 2025-08-29 v3.1.11a (3.1.11a)
)
(/usr/local/texlive/2025/texmf-dist/tex/generic/pgf/basiclayer/pgfcoreobjects.c
ode.tex
File: pgfcoreobjects.code.tex 2025-08-29 v3.1.11a (3.1.11a)
)
(/usr/local/texlive/2025/texmf-dist/tex/generic/pgf/basiclayer/pgfcorepathproce
ssing.code.tex
File: pgfcorepathprocessing.code.tex 2025-08-29 v3.1.11a (3.1.11a)
)
(/usr/local/texlive/2025/texmf-dist/tex/generic/pgf/basiclayer/pgfcorearrows.co
de.tex
File: pgfcorearrows.code.tex 2025-08-29 v3.1.11a (3.1.11a)
\pgfarrowsep=\dimen277
)
(/usr/local/texlive/2025/texmf-dist/tex/generic/pgf/basiclayer/pgfcoreshade.cod
e.tex
File: pgfcoreshade.code.tex 2025-08-29 v3.1.11a (3.1.11a)
\pgf@max=\dimen278
\pgf@sys@shading@range@num=\count335
\pgf@shadingcount=\count336
)
(/usr/local/texlive/2025/texmf-dist/tex/generic/pgf/basiclayer/pgfcoreimage.cod
e.tex
File: pgfcoreimage.code.tex 2025-08-29 v3.1.11a (3.1.11a)
)
(/usr/local/texlive/2025/texmf-dist/tex/generic/pgf/basiclayer/pgfcoreexternal.
code.tex
File: pgfcoreexternal.code.tex 2025-08-29 v3.1.11a (3.1.11a)
\pgfexternal@startupbox=\box69
)
(/usr/local/texlive/2025/texmf-dist/tex/generic/pgf/basiclayer/pgfcorelayers.co
de.tex
File: pgfcorelayers.code.tex 2025-08-29 v3.1.11a (3.1.11a)
)
(/usr/local/texlive/2025/texmf-dist/tex/generic/pgf/basiclayer/pgfcoretranspare
ncy.code.tex
File: pgfcoretransparency.code.tex 2025-08-29 v3.1.11a (3.1.11a)
)
(/usr/local/texlive/2025/texmf-dist/tex/generic/pgf/basiclayer/pgfcorepatterns.
code.tex
File: pgfcorepatterns.code.tex 2025-08-29 v3.1.11a (3.1.11a)
)
(/usr/local/texlive/2025/texmf-dist/tex/generic/pgf/basiclayer/pgfcorerdf.code.
tex
File: pgfcorerdf.code.tex 2025-08-29 v3.1.11a (3.1.11a)
)))
(/usr/local/texlive/2025/texmf-dist/tex/generic/pgf/modules/pgfmoduleshapes.cod
e.tex
File: pgfmoduleshapes.code.tex 2025-08-29 v3.1.11a (3.1.11a)
\pgfnodeparttextbox=\box70
)
(/usr/local/texlive/2025/texmf-dist/tex/generic/pgf/modules/pgfmoduleplot.code.
tex
File: pgfmoduleplot.code.tex 2025-08-29 v3.1.11a (3.1.11a)
)
(/usr/local/texlive/2025/texmf-dist/tex/latex/pgf/compatibility/pgfcomp-version
-0-65.sty
Package: pgfcomp-version-0-65 2025-08-29 v3.1.11a (3.1.11a)
\pgf@nodesepstart=\dimen279
\pgf@nodesepend=\dimen280
)
(/usr/local/texlive/2025/texmf-dist/tex/latex/pgf/compatibility/pgfcomp-version
-1-18.sty
Package: pgfcomp-version-1-18 2025-08-29 v3.1.11a (3.1.11a)
))
(/usr/local/texlive/2025/texmf-dist/tex/latex/pgf/utilities/pgffor.sty
(/usr/local/texlive/2025/texmf-dist/tex/latex/pgf/math/pgfmath.sty
(/usr/local/texlive/2025/texmf-dist/tex/generic/pgf/math/pgfmath.code.tex))
(/usr/local/texlive/2025/texmf-dist/tex/generic/pgf/utilities/pgffor.code.tex
Package: pgffor 2025-08-29 v3.1.11a (3.1.11a)
\pgffor@iter=\dimen281
\pgffor@skip=\dimen282
\pgffor@stack=\toks40
\pgffor@toks=\toks41
))
(/usr/local/texlive/2025/texmf-dist/tex/generic/pgf/frontendlayer/tikz/tikz.cod
e.tex
Package: tikz 2025-08-29 v3.1.11a (3.1.11a)

(/usr/local/texlive/2025/texmf-dist/tex/generic/pgf/libraries/pgflibraryplothan
dlers.code.tex
File: pgflibraryplothandlers.code.tex 2025-08-29 v3.1.11a (3.1.11a)
\pgf@plot@mark@count=\count337
\pgfplotmarksize=\dimen283
)
\tikz@lastx=\dimen284
\tikz@lasty=\dimen285
\tikz@lastxsaved=\dimen286
\tikz@lastysaved=\dimen287
\tikz@lastmovetox=\dimen288
\tikz@lastmovetoy=\dimen289
\tikzleveldistance=\dimen290
\tikzsiblingdistance=\dimen291
\tikz@figbox=\box71
\tikz@figbox@bg=\box72
\tikz@tempbox=\box73
\tikz@tempbox@bg=\box74
\tikztreelevel=\count338
\tikznumberofchildren=\count339
\tikznumberofcurrentchild=\count340
\tikz@fig@count=\count341

(/usr/local/texlive/2025/texmf-dist/tex/generic/pgf/modules/pgfmodulematrix.cod
e.tex
File: pgfmodulematrix.code.tex 2025-08-29 v3.1.11a (3.1.11a)
\pgfmatrixcurrentrow=\count342
\pgfmatrixcurrentcolumn=\count343
\pgf@matrix@numberofcolumns=\count344
)
\tikz@expandcount=\count345

(/usr/local/texlive/2025/texmf-dist/tex/generic/pgf/frontendlayer/tikz/librarie
s/tikzlibrarytopaths.code.tex
File: tikzlibrarytopaths.code.tex 2025-08-29 v3.1.11a (3.1.11a)
)))
(/usr/local/texlive/2025/texmf-dist/tex/latex/tools/verbatim.sty
Package: verbatim 2024-01-22 v1.5x LaTeX2e package for verbatim enhancements
\every@verbatim=\toks42
\verbatim@line=\toks43
\verbatim@in@stream=\read5
)
(/usr/local/texlive/2025/texmf-dist/tex/latex/environ/environ.sty
Package: environ 2014/05/04 v0.3 A new way to define environments

(/usr/local/texlive/2025/texmf-dist/tex/latex/trimspaces/trimspaces.sty
Package: trimspaces 2009/09/17 v1.1 Trim spaces around a token list
)
\@envbody=\toks44
)
\tcb@titlebox=\box75
\tcb@upperbox=\box76
\tcb@lowerbox=\box77
\tcb@phantombox=\box78
\c@tcbbreakpart=\count346
\c@tcblayer=\count347
\c@tcolorbox@number=\count348
\l__tcobox_tmpa_box=\box79
\l__tcobox_tmpa_dim=\dimen292
\tcb@temp=\box80
\tcb@temp=\box81
\tcb@temp=\box82
\tcb@temp=\box83
)
(/usr/local/texlive/2025/texmf-dist/tex/latex/amsmath/amsmath.sty
Package: amsmath 2025/07/09 v2.17z AMS math features
\@mathmargin=\skip55

For additional information on amsmath, use the `?' option.
(/usr/local/texlive/2025/texmf-dist/tex/latex/amsmath/amstext.sty
Package: amstext 2024/11/17 v2.01 AMS text

(/usr/local/texlive/2025/texmf-dist/tex/latex/amsmath/amsgen.sty
File: amsgen.sty 1999/11/30 v2.0 generic functions
\@emptytoks=\toks45
\ex@=\dimen293
))
(/usr/local/texlive/2025/texmf-dist/tex/latex/amsmath/amsbsy.sty
Package: amsbsy 1999/11/29 v1.2d Bold Symbols
\pmbraise@=\dimen294
)
(/usr/local/texlive/2025/texmf-dist/tex/latex/amsmath/amsopn.sty
Package: amsopn 2022/04/08 v2.04 operator names
)
\inf@bad=\count349
LaTeX Info: Redefining \frac on input line 233.
\uproot@=\count350
\leftroot@=\count351
LaTeX Info: Redefining \overline on input line 398.
LaTeX Info: Redefining \colon on input line 409.
\classnum@=\count352
\DOTSCASE@=\count353
LaTeX Info: Redefining \ldots on input line 495.
LaTeX Info: Redefining \dots on input line 498.
LaTeX Info: Redefining \cdots on input line 619.
\Mathstrutbox@=\box84
\strutbox@=\box85
LaTeX Info: Redefining \big on input line 721.
LaTeX Info: Redefining \Big on input line 722.
LaTeX Info: Redefining \bigg on input line 723.
LaTeX Info: Redefining \Bigg on input line 724.
\big@size=\dimen295
LaTeX Font Info:    Redeclaring font encoding OML on input line 742.
LaTeX Font Info:    Redeclaring font encoding OMS on input line 743.
\macc@depth=\count354
LaTeX Info: Redefining \bmod on input line 904.
LaTeX Info: Redefining \pmod on input line 909.
LaTeX Info: Redefining \smash on input line 939.
LaTeX Info: Redefining \relbar on input line 969.
LaTeX Info: Redefining \Relbar on input line 970.
\c@MaxMatrixCols=\count355
\dotsspace@=\muskip17
\c@parentequation=\count356
\dspbrk@lvl=\count357
\tag@help=\toks46
\row@=\count358
\column@=\count359
\maxfields@=\count360
\andhelp@=\toks47
\eqnshift@=\dimen296
\alignsep@=\dimen297
\tagshift@=\dimen298
\tagwidth@=\dimen299
\totwidth@=\dimen300
\lineht@=\dimen301
\@envbody=\toks48
\multlinegap=\skip56
\multlinetaggap=\skip57
\mathdisplay@stack=\toks49
LaTeX Info: Redefining \[ on input line 2950.
LaTeX Info: Redefining \] on input line 2951.
)
\@LN@amsmath@ams@eqpen=\count361

(/usr/local/texlive/2025/texmf-dist/tex/latex/amsfonts/amsfonts.sty
Package: amsfonts 2013/01/14 v3.01 Basic AMSFonts support
\symAMSa=\mathgroup4
\symAMSb=\mathgroup5
LaTeX Font Info:    Redeclaring math symbol \hbar on input line 98.
LaTeX Font Info:    Overwriting math alphabet `\mathfrak' in version `bold'
(Font)                  U/euf/m/n --> U/euf/b/n on input line 106.
)
(/home/maenwe/texmf/tex/latex/ntheorem/ntheorem.sty
Style `ntheorem', Version 1.33 <2011/08/15>
Package: ntheorem 2011/08/15 1.33
(/usr/local/texlive/2025/texmf-dist/tex/latex/base/ifthen.sty
Package: ifthen 2024/03/16 v1.1e Standard LaTeX ifthen package (DPC)
)
\theorem@style=\toks50
\theorem@@style=\toks51
\theorembodyfont=\toks52
\theoremnumbering=\toks53
\theorempreskipamount=\skip58
\theorempostskipamount=\skip59
\theoremframepreskipamount=\skip60
\theoremframepostskipamount=\skip61
\theoreminframepreskipamount=\skip62
\theoreminframepostskipamount=\skip63
\theorem@preskip=\toks54
\theorem@postskip=\toks55
\theorem@framepreskip=\toks56
\theorem@framepostskip=\toks57
\theorem@inframepreskip=\toks58
\theorem@inframepostskip=\toks59
\theoremindent=\dimen302
\theorem@indent=\dimen303
\theoremrightindent=\dimen304
\theorem@rightindent=\dimen305
\theoremheaderfont=\toks60
\theoremseparator=\toks61
\theoremprework=\toks62
\theorempostwork=\toks63
\theoremsymbol=\toks64
\qedsymbol=\toks65
\theoremkeyword=\toks66
\qedsymbol=\toks67
\thm@topsep=\skip64
\thm@topsepadd=\skip65
\shadecolor=\toks68
Package ntheorem Info: Standard config file ntheorem.std used on input line 118
4.

(/home/maenwe/texmf/tex/latex/ntheorem/ntheorem.std
(/usr/local/texlive/2025/texmf-dist/tex/latex/base/latexsym.sty
Package: latexsym 1998/08/17 v2.2e Standard LaTeX package (lasy symbols)
\symlasy=\mathgroup6
LaTeX Font Info:    Overwriting symbol font `lasy' in version `bold'
(Font)                  U/lasy/m/n --> U/lasy/b/n on input line 52.
)
\c@Theorem=\count362
\c@theorem=\count363
\c@Satz=\count364
\c@satz=\count365
\c@Proposition=\count366
\c@proposition=\count367
\c@Lemma=\count368
\c@lemma=\count369
\c@Korollar=\count370
\c@korollar=\count371
\c@Corollary=\count372
\c@corollary=\count373
\c@Example=\count374
\c@example=\count375
\c@Beispiel=\count376
\c@beispiel=\count377
\c@Bemerkung=\count378
\c@bemerkung=\count379
\c@Anmerkung=\count380
\c@anmerkung=\count381
\c@Remark=\count382
\c@remark=\count383
\c@Definition=\count384
\c@definition=\count385

(/usr/local/texlive/2025/texmf-dist/tex/latex/amsfonts/amssymb.sty
Package: amssymb 2013/01/14 v3.01 AMS font symbols
)
\c@Proof=\count386
\c@proof=\count387
\c@Beweis=\count388
\c@beweis=\count389
))
(/home/maenwe/texmf/tex/latex/framed/framed.sty
Package: framed 2011/10/22 v 0.96: framed or shaded text with page breaks
\OuterFrameSep=\skip66
\fb@frw=\dimen306
\fb@frh=\dimen307
\FrameRule=\dimen308
\FrameSep=\dimen309
)
(/usr/local/texlive/2025/texmf-dist/tex/latex/pstricks/pstricks.sty
Package: pstricks 2024/02/02 v0.75 LaTeX wrapper for `PSTricks' (RN,HV)

(/usr/local/texlive/2025/texmf-dist/tex/generic/xkeyval/pst-xkey.tex
File: pst-xkey.tex 2005/11/25 v1.6 PSTricks specialization of xkeyval (HA)

(/usr/local/texlive/2025/texmf-dist/tex/latex/xkeyval/xkeyval.sty
Package: xkeyval 2025/11/04 v2.10 package option processing (HA)

(/usr/local/texlive/2025/texmf-dist/tex/generic/xkeyval/xkeyval.tex
(/usr/local/texlive/2025/texmf-dist/tex/generic/xkeyval/xkvutils.tex
\XKV@toks=\toks69
\XKV@tempa@toks=\toks70
\XKV@tempb@toks=\toks71
)
\XKV@depth=\count390
File: xkeyval.tex 2014/12/03 v2.7a key=value parser (HA)
)))
(/usr/local/texlive/2025/texmf-dist/tex/generic/pstricks/pstricks.tex
(/usr/local/texlive/2025/texmf-dist/tex/generic/pstricks/pst-fp.tex
`pst-fp' v0.06, 2020/11/20 (hv)
\pstFP@xs=\count391
\pstFP@xia=\count392
\pstFP@xib=\count393
\pstFP@xfa=\count394
\pstFP@xfb=\count395
\pstFP@rega=\count396
\pstFP@regb=\count397
\pstFP@regs=\count398
\pstFP@times=\count399
)
\psLoopIndex=\count400

`PSTricks' v3.22  <2025/06/11> (tvz,hv)
\pst@dima=\dimen310
\pst@dimb=\dimen311
\pst@dimc=\dimen312
\pst@dimd=\dimen313
\pst@dimg=\dimen314
\pst@dimh=\dimen315
\pst@dimm=\dimen316
\pst@dimn=\dimen317
\pst@dimo=\dimen318
\pst@dimp=\dimen319
\pst@hbox=\box86
\pst@ibox=\box87
\pst@boxg=\box88
\pst@cnta=\count401
\pst@cntb=\count402
\pst@cntc=\count403
\pst@cntd=\count404
\pst@cntg=\count405
\pst@cnth=\count406
\pst@cntm=\count407
\pst@cntn=\count408
\pst@cnto=\count409
\pst@cntp=\count410
\@zero=\count411
\pst@toks=\toks72
--- We are running latex or xelatex ---
(/usr/local/texlive/2025/texmf-dist/tex/generic/pstricks/pstricks.con)
(/usr/local/texlive/2025/texmf-dist/tex/generic/pstricks/pstricks-color.tex)
\psunit=\dimen320
\psxunit=\dimen321
\psyunit=\dimen322
\pst@C@@rType=\count412
\pslinewidth=\dimen323
\psk@startLW=\dimen324
\psk@endLW=\dimen325

(/usr/local/texlive/2025/texmf-dist/tex/generic/pstricks/pstricks-arrows.tex
\pshooklength=\dimen326
\pshookwidth=\dimen327
)
\pst@customdefs=\toks73

(/usr/local/texlive/2025/texmf-dist/tex/generic/pstricks/pstricks-dots.tex)
\pslinearc=\dimen328
\pst@symbolStep=\dimen329
\pst@symbolWidth=\dimen330
\pst@symbolLinewidth=\dimen331

(/usr/local/texlive/2025/texmf-dist/tex/generic/pstricks/pst-code-grid.tex)
(/usr/local/texlive/2025/texmf-dist/tex/generic/pstricks/pst-code-box.tex
\everypsbox=\toks74
\psframesep=\dimen332
)
(/usr/local/texlive/2025/texmf-dist/tex/generic/pstricks/pst-code-arc.tex)
(/usr/local/texlive/2025/texmf-dist/tex/generic/pstricks/pst-code-circle_ellips
e.tex)
(/usr/local/texlive/2025/texmf-dist/tex/generic/pstricks/pst-code-ref_rot.tex)
(/usr/local/texlive/2025/texmf-dist/tex/generic/pstricks/pst-code-put.tex
\pslabelsep=\dimen333
)
(/usr/local/texlive/2025/texmf-dist/tex/generic/pstricks/pst-code-pspicture.tex
\sh@wgridXunit=\dimen334
\sh@wgridYunit=\dimen335
\pst@shift=\dimen336
\ps@imagectr=\count413
) (/usr/local/texlive/2025/texmf-dist/tex/generic/pstricks/pstricks.con))
File: pstricks.tex 2025/06/11 v3.22 `PSTricks' (tvz,hv)

(/usr/local/texlive/2025/texmf-dist/tex/generic/pstricks/pst-fp.tex
`pst-fp' v0.06, 2020/11/20 (hv))
File: pst-fp.tex 2020/11/20 v0.06 `PST-fp' (hv)
)
(/usr/local/texlive/2025/texmf-dist/tex/latex/cancel/cancel.sty
Package: cancel 2013/04/12 v2.2 Cancel math terms
)
(/usr/local/texlive/2025/texmf-dist/tex/latex/algorithmicx/algpseudocode.sty
Package: algpseudocode 

(/usr/local/texlive/2025/texmf-dist/tex/latex/algorithmicx/algorithmicx.sty
Package: algorithmicx 2005/04/27 v1.2 Algorithmicx

Document Style algorithmicx 1.2 - a greatly improved `algorithmic' style
\c@ALG@line=\count414
\c@ALG@rem=\count415
\c@ALG@nested=\count416
\ALG@tlm=\skip67
\ALG@thistlm=\skip68
\c@ALG@Lnr=\count417
\c@ALG@blocknr=\count418
\c@ALG@storecount=\count419
\c@ALG@tmpcounter=\count420
\ALG@tmplength=\skip69
)
Document Style - pseudocode environments for use with the `algorithmicx' style
) (/usr/local/texlive/2025/texmf-dist/tex/latex/algorithms/algorithm.sty
Package: algorithm 2009/08/24 v0.1 Document Style `algorithm' - floating enviro
nment
\@float@every@algorithm=\toks75
\c@algorithm=\count421
)
(/usr/local/texlive/2025/texmf-dist/tex/latex/tools/bm.sty
Package: bm 2025/10/21 v1.2g Bold Symbol Support (DPC/FMi)
\symboldoperators=\mathgroup7
\symboldletters=\mathgroup8
\symboldsymbols=\mathgroup9
Package bm Info: No bold for \OMX/lmex/m/n, using \pmb.
Package bm Info: No bold for \U/msa/m/n, using \pmb.
Package bm Info: No bold for \U/msb/m/n, using \pmb.
\symboldlasy=\mathgroup10
LaTeX Font Info:    Redeclaring math alphabet \mathbf on input line 149.
)
(/usr/local/texlive/2025/texmf-dist/tex/latex/nicematrix/nicematrix.sty
Package: nicematrix 2025/11/04 v7.4a Enhanced arrays with the help of PGF/TikZ

(/usr/local/texlive/2025/texmf-dist/tex/latex/tools/array.sty
Rollback for package 'array' requested -> date 2025/06/08.
         Best approximation is the release introduced on 2024-06-01.
Package: array 2025/09/25 v2.6n Tabular extension package (FMi)
\col@sep=\dimen337
\ar@mcellbox=\box89
\extrarowheight=\dimen338
\NC@list=\toks76
\extratabsurround=\skip70
\backup@length=\skip71
\ar@cellbox=\box90
)
\l__nicematrix_tmpc_dim=\dimen339
\l__nicematrix_tmpd_dim=\dimen340
\l__nicematrix_tmpc_int=\count422
\g__nicematrix_env_int=\count423
\l__nicematrix_the_array_box=\box91
\g__nicematrix_NiceMatrixBlock_int=\count424
\g__nicematrix_notes_caption_int=\count425
\l__nicematrix_columns_width_dim=\dimen341
\l__nicematrix_col_width_dim=\dimen342
\g__nicematrix_row_total_int=\count426
\g__nicematrix_col_total_int=\count427
\g__nicematrix_last_row_node_int=\count428
\l__nicematrix_key_nb_rows_int=\count429
\g__nicematrix_blocks_wd_dim=\dimen343
\g__nicematrix_blocks_ht_dim=\dimen344
\g__nicematrix_blocks_dp_dim=\dimen345
\l__nicematrix_width_dim=\dimen346
\l__nicematrix_tabular_width_dim=\dimen347
\l__nicematrix_rule_width_dim=\dimen348
\l__nicematrix_old_iRow_int=\count430
\l__nicematrix_old_jCol_int=\count431
\l__nicematrix_X_columns_dim=\dimen349
\l__nicematrix_x_initial_dim=\dimen350
\l__nicematrix_y_initial_dim=\dimen351
\l__nicematrix_x_final_dim=\dimen352
\l__nicematrix_y_final_dim=\dimen353
\g__nicematrix_dp_row_zero_dim=\dimen354
\g__nicematrix_ht_row_zero_dim=\dimen355
\g__nicematrix_ht_row_one_dim=\dimen356
\g__nicematrix_dp_ante_last_row_dim=\dimen357
\g__nicematrix_ht_last_row_dim=\dimen358
\g__nicematrix_dp_last_row_dim=\dimen359
\g__nicematrix_width_last_col_dim=\dimen360
\g__nicematrix_width_first_col_dim=\dimen361
\g__nicematrix_ddots_int=\count432
\g__nicematrix_iddots_int=\count433
\g__nicematrix_delta_x_one_dim=\dimen362
\g__nicematrix_delta_y_one_dim=\dimen363
\g__nicematrix_delta_x_two_dim=\dimen364
\g__nicematrix_delta_y_two_dim=\dimen365
\l__nicematrix_row_min_int=\count434
\l__nicematrix_row_max_int=\count435
\l__nicematrix_col_min_int=\count436
\l__nicematrix_col_max_int=\count437
\l__nicematrix_initial_i_int=\count438
\l__nicematrix_initial_j_int=\count439
\l__nicematrix_final_i_int=\count440
\l__nicematrix_final_j_int=\count441
\l__nicematrix_start_int=\count442
\l__nicematrix_end_int=\count443
\l__nicematrix_local_start_int=\count444
\l__nicematrix_local_end_int=\count445
\g__nicematrix_static_num_of_col_int=\count446
\l__nicematrix_rounded_corners_dim=\dimen366
\l__nicematrix_tab_rounded_corners_dim=\dimen367
\l__nicematrix_offset_dim=\dimen368
\l__nicematrix_line_width_dim=\dimen369
\g__nicematrix_block_box_int=\count447
\l__nicematrix_submatrix_extra_height_dim=\dimen370
\l__nicematrix_submatrix_left_xshift_dim=\dimen371
\l__nicematrix_submatrix_right_xshift_dim=\dimen372
\l__nicematrix_first_row_int=\count448
\l__nicematrix_first_col_int=\count449
\l__nicematrix_last_row_int=\count450
\l__nicematrix_last_col_int=\count451
\c@tabularnote=\count452
\g__nicematrix_tabularnote_int=\count453
\c@nicematrix_draft=\count454
\l__nicematrix_cell_space_top_limit_dim=\dimen373
\l__nicematrix_cell_space_bottom_limit_dim=\dimen374
\l__nicematrix_xdots_inter_dim=\dimen375
\l__nicematrix_xdots_shorten_start_dim=\dimen376
\l__nicematrix_xdots_shorten_end_dim=\dimen377
\l__nicematrix_xdots_radius_dim=\dimen378
\l__nicematrix_left_margin_dim=\dimen379
\l__nicematrix_right_margin_dim=\dimen380
\l__nicematrix_extra_left_margin_dim=\dimen381
\l__nicematrix_extra_right_margin_dim=\dimen382
\c__nicematrix_max_l_dim=\dimen383
\l__nicematrix_position_int=\count455
\l__nicematrix_multiplicity_int=\count456
\l__nicematrix_brace_yshift_dim=\dimen384
)
(/usr/local/texlive/2025/texmf-dist/tex/latex/arydshln/arydshln.sty
Package: arydshln 2019/02/21 v1.76 
\dashlinedash=\dimen385
\dashlinegap=\dimen386
\adl@box=\box92
\adl@height=\dimen387
\adl@heightsave=\dimen388
\adl@depth=\dimen389
\adl@depthsave=\dimen390
\adl@finaldepth=\dimen391
\adl@columns=\count457
\adl@ncol=\count458
\adl@currentcolumn=\count459
\adl@currentcolumnsave=\count460
\adl@totalheight=\count461
\adl@totalheightsave=\count462
\adl@dash=\count463
\adl@gap=\count464
\adl@cla=\count465
\adl@clb=\count466
\adl@everyvbox=\toks77
\adl@LTpagetotal=\dimen392
)
==> First Aid for arydshln.sty applied!
(/usr/local/texlive/2025/texmf-dist/tex/latex/pgfplots/pgfplotstable.sty
(/usr/local/texlive/2025/texmf-dist/tex/generic/pgfplots/pgfplots.revision.tex)
Package: pgfplotstable 2025/08/14 v1.18.2 Table typesetting and Pretty-printing
 (1.18.2)
(/usr/local/texlive/2025/texmf-dist/tex/latex/pgfplots/pgfplots.sty
(/usr/local/texlive/2025/texmf-dist/tex/generic/pgfplots/pgfplots.revision.tex)
Package: pgfplots 2025/08/14 v1.18.2 Data Visualization (1.18.2)
(/usr/local/texlive/2025/texmf-dist/tex/generic/pgfplots/pgfplots.code.tex
(/usr/local/texlive/2025/texmf-dist/tex/generic/pgfplots/pgfplotscore.code.tex
\t@pgfplots@toka=\toks78
\t@pgfplots@tokb=\toks79
\t@pgfplots@tokc=\toks80
\pgfplots@tmpa=\dimen393
\c@pgfplots@coordindex=\count467
\c@pgfplots@scanlineindex=\count468

(/usr/local/texlive/2025/texmf-dist/tex/generic/pgfplots/sys/pgfplotssysgeneric
.code.tex))
(/usr/local/texlive/2025/texmf-dist/tex/generic/pgfplots/libs/pgfplotslibrary.c
ode.tex)
(/usr/local/texlive/2025/texmf-dist/tex/generic/pgfplots/oldpgfcompatib/pgfplot
soldpgfsupp_loader.code.tex
(/usr/local/texlive/2025/texmf-dist/tex/generic/pgf/libraries/pgflibraryfpu.cod
e.tex)
(/usr/local/texlive/2025/texmf-dist/tex/generic/pgfplots/oldpgfcompatib/pgfplot
soldpgfsupp_pgfutil-common-lists.tex))
(/usr/local/texlive/2025/texmf-dist/tex/generic/pgfplots/util/pgfplotsutil.code
.tex
(/usr/local/texlive/2025/texmf-dist/tex/generic/pgfplots/liststructure/pgfplots
liststructure.code.tex)
(/usr/local/texlive/2025/texmf-dist/tex/generic/pgfplots/liststructure/pgfplots
liststructureext.code.tex)
(/usr/local/texlive/2025/texmf-dist/tex/generic/pgfplots/liststructure/pgfplots
array.code.tex
\c@pgfplotsarray@tmp=\count469
)
(/usr/local/texlive/2025/texmf-dist/tex/generic/pgfplots/liststructure/pgfplots
matrix.code.tex)
(/usr/local/texlive/2025/texmf-dist/tex/generic/pgfplots/numtable/pgfplotstable
shared.code.tex
\c@pgfplotstable@counta=\count470
\t@pgfplotstable@a=\toks81
)
(/usr/local/texlive/2025/texmf-dist/tex/generic/pgfplots/liststructure/pgfplots
deque.code.tex)
(/usr/local/texlive/2025/texmf-dist/tex/generic/pgfplots/util/pgfplotsbinary.co
de.tex
(/usr/local/texlive/2025/texmf-dist/tex/generic/pgfplots/util/pgfplotsbinary.da
ta.code.tex))
(/usr/local/texlive/2025/texmf-dist/tex/generic/pgfplots/util/pgfplotsutil.verb
.code.tex)
(/usr/local/texlive/2025/texmf-dist/tex/generic/pgfplots/libs/pgflibrarypgfplot
s.surfshading.code.tex
\c@pgfplotslibrarysurf@no=\count471

(/usr/local/texlive/2025/texmf-dist/tex/generic/pgfplots/sys/pgflibrarypgfplots
.surfshading.pgfsys-pdftex.def)))
(/usr/local/texlive/2025/texmf-dist/tex/generic/pgfplots/util/pgfplotscolormap.
code.tex
(/usr/local/texlive/2025/texmf-dist/tex/generic/pgfplots/util/pgfplotscolor.cod
e.tex))
(/usr/local/texlive/2025/texmf-dist/tex/generic/pgfplots/pgfplotsstackedplots.c
ode.tex)
(/usr/local/texlive/2025/texmf-dist/tex/generic/pgfplots/pgfplotsplothandlers.c
ode.tex
(/usr/local/texlive/2025/texmf-dist/tex/generic/pgfplots/pgfplotsmeshplothandle
r.code.tex
(/usr/local/texlive/2025/texmf-dist/tex/generic/pgfplots/pgfplotsmeshplotimage.
code.tex)))
(/usr/local/texlive/2025/texmf-dist/tex/generic/pgfplots/pgfplots.scaling.code.
tex)
(/usr/local/texlive/2025/texmf-dist/tex/generic/pgfplots/pgfplotscoordprocessin
g.code.tex)
(/usr/local/texlive/2025/texmf-dist/tex/generic/pgfplots/pgfplots.errorbars.cod
e.tex)
(/usr/local/texlive/2025/texmf-dist/tex/generic/pgfplots/pgfplots.markers.code.
tex)
(/usr/local/texlive/2025/texmf-dist/tex/generic/pgfplots/pgfplotsticks.code.tex
)
(/usr/local/texlive/2025/texmf-dist/tex/generic/pgfplots/pgfplots.paths.code.te
x)
(/usr/local/texlive/2025/texmf-dist/tex/generic/pgf/frontendlayer/tikz/librarie
s/tikzlibrarydecorations.code.tex
(/usr/local/texlive/2025/texmf-dist/tex/generic/pgf/modules/pgfmoduledecoration
s.code.tex
\pgfdecoratedcompleteddistance=\dimen394
\pgfdecoratedremainingdistance=\dimen395
\pgfdecoratedinputsegmentcompleteddistance=\dimen396
\pgfdecoratedinputsegmentremainingdistance=\dimen397
\pgf@decorate@distancetomove=\dimen398
\pgf@decorate@repeatstate=\count472
\pgfdecorationsegmentamplitude=\dimen399
\pgfdecorationsegmentlength=\dimen400
)
\tikz@lib@dec@box=\box93
)
(/usr/local/texlive/2025/texmf-dist/tex/generic/pgf/frontendlayer/tikz/librarie
s/tikzlibrarydecorations.pathmorphing.code.tex
(/usr/local/texlive/2025/texmf-dist/tex/generic/pgf/libraries/decorations/pgfli
brarydecorations.pathmorphing.code.tex))
(/usr/local/texlive/2025/texmf-dist/tex/generic/pgf/frontendlayer/tikz/librarie
s/tikzlibrarydecorations.pathreplacing.code.tex
(/usr/local/texlive/2025/texmf-dist/tex/generic/pgf/libraries/decorations/pgfli
brarydecorations.pathreplacing.code.tex))
(/usr/local/texlive/2025/texmf-dist/tex/generic/pgfplots/libs/tikzlibrarypgfplo
ts.contourlua.code.tex)
\pgfplots@numplots=\count473
\pgfplots@xmin@reg=\dimen401
\pgfplots@xmax@reg=\dimen402
\pgfplots@ymin@reg=\dimen403
\pgfplots@ymax@reg=\dimen404
\pgfplots@zmin@reg=\dimen405
\pgfplots@zmax@reg=\dimen406
)
(/usr/local/texlive/2025/texmf-dist/tex/generic/pgf/frontendlayer/tikz/librarie
s/tikzlibraryplotmarks.code.tex
File: tikzlibraryplotmarks.code.tex 2025-08-29 v3.1.11a (3.1.11a)

(/usr/local/texlive/2025/texmf-dist/tex/generic/pgf/libraries/pgflibraryplotmar
ks.code.tex
File: pgflibraryplotmarks.code.tex 2025-08-29 v3.1.11a (3.1.11a)
)))
(/usr/local/texlive/2025/texmf-dist/tex/generic/pgfplots/numtable/pgfplotstable
.code.tex
(/usr/local/texlive/2025/texmf-dist/tex/generic/pgfplots/numtable/pgfplotstable
.coltype.code.tex)))
(/usr/local/texlive/2025/texmf-dist/tex/latex/booktabs/booktabs.sty
Package: booktabs 2020/01/12 v1.61803398 Publication quality tables
\heavyrulewidth=\dimen407
\lightrulewidth=\dimen408
\cmidrulewidth=\dimen409
\belowrulesep=\dimen410
\belowbottomsep=\dimen411
\aboverulesep=\dimen412
\abovetopsep=\dimen413
\cmidrulesep=\dimen414
\cmidrulekern=\dimen415
\defaultaddspace=\dimen416
\@cmidla=\count474
\@cmidlb=\count475
\@aboverulesep=\dimen417
\@belowrulesep=\dimen418
\@thisruleclass=\count476
\@lastruleclass=\count477
\@thisrulewidth=\dimen419
)
(/usr/local/texlive/2025/texmf-dist/tex/latex/caption/caption.sty
Package: caption 2023/08/05 v3.6o Customizing captions (AR)

(/usr/local/texlive/2025/texmf-dist/tex/latex/caption/caption3.sty
Package: caption3 2023/07/31 v2.4d caption3 kernel (AR)
\caption@tempdima=\dimen420
\captionmargin=\dimen421
\caption@leftmargin=\dimen422
\caption@rightmargin=\dimen423
\caption@width=\dimen424
\caption@indent=\dimen425
\caption@parindent=\dimen426
\caption@hangindent=\dimen427
Package caption Info: Standard document class detected.
Package caption Info: french babel package is loaded.
)
\c@caption@flags=\count478
\c@continuedfloat=\count479
Package caption Info: float package is loaded.
)
(/usr/local/texlive/2025/texmf-dist/tex/latex/hyperref/hyperref.sty
Package: hyperref 2025-07-12 v7.01o Hypertext links for LaTeX

(/usr/local/texlive/2025/texmf-dist/tex/generic/kvdefinekeys/kvdefinekeys.sty
Package: kvdefinekeys 2019-12-19 v1.6 Define keys (HO)
)
(/usr/local/texlive/2025/texmf-dist/tex/generic/pdfescape/pdfescape.sty
Package: pdfescape 2019/12/09 v1.15 Implements pdfTeX's escape features (HO)
)
(/usr/local/texlive/2025/texmf-dist/tex/latex/hycolor/hycolor.sty
Package: hycolor 2020-01-27 v1.10 Color options for hyperref/bookmark (HO)
)
(/usr/local/texlive/2025/texmf-dist/tex/latex/hyperref/nameref.sty
Package: nameref 2025-06-21 v2.57 Cross-referencing by name of section

(/usr/local/texlive/2025/texmf-dist/tex/latex/refcount/refcount.sty
Package: refcount 2019/12/15 v3.6 Data extraction from label references (HO)
)
(/usr/local/texlive/2025/texmf-dist/tex/generic/gettitlestring/gettitlestring.s
ty
Package: gettitlestring 2019/12/15 v1.6 Cleanup title references (HO)
)
\c@section@level=\count480
) (/usr/local/texlive/2025/texmf-dist/tex/generic/stringenc/stringenc.sty
Package: stringenc 2019/11/29 v1.12 Convert strings between diff. encodings (HO
)
)
\@linkdim=\dimen428
\Hy@linkcounter=\count481
\Hy@pagecounter=\count482

(/usr/local/texlive/2025/texmf-dist/tex/latex/hyperref/pd1enc.def
File: pd1enc.def 2025-07-12 v7.01o Hyperref: PDFDocEncoding definition (HO)
Now handling font encoding PD1 ...
... no UTF-8 mapping file for font encoding PD1
)
(/usr/local/texlive/2025/texmf-dist/tex/generic/intcalc/intcalc.sty
Package: intcalc 2019/12/15 v1.3 Expandable calculations with integers (HO)
)
\Hy@SavedSpaceFactor=\count483

(/usr/local/texlive/2025/texmf-dist/tex/latex/hyperref/puenc.def
File: puenc.def 2025-07-12 v7.01o Hyperref: PDF Unicode definition (HO)
Now handling font encoding PU ...
... no UTF-8 mapping file for font encoding PU
)
Package hyperref Info: Hyper figures OFF on input line 4195.
Package hyperref Info: Link nesting OFF on input line 4200.
Package hyperref Info: Hyper index ON on input line 4203.
Package hyperref Info: Plain pages OFF on input line 4210.
Package hyperref Info: Backreferencing OFF on input line 4215.
Package hyperref Info: Implicit mode ON; LaTeX internals redefined.
Package hyperref Info: Bookmarks ON on input line 4462.
\c@Hy@tempcnt=\count484

(/usr/local/texlive/2025/texmf-dist/tex/latex/url/url.sty
\Urlmuskip=\muskip18
Package: url 2013/09/16  ver 3.4  Verb mode for urls, etc.
)
LaTeX Info: Redefining \url on input line 4801.
\XeTeXLinkMargin=\dimen429

(/usr/local/texlive/2025/texmf-dist/tex/generic/bitset/bitset.sty
Package: bitset 2019/12/09 v1.3 Handle bit-vector datatype (HO)

(/usr/local/texlive/2025/texmf-dist/tex/generic/bigintcalc/bigintcalc.sty
Package: bigintcalc 2019/12/15 v1.5 Expandable calculations on big integers (HO
)
))
\Fld@menulength=\count485
\Field@Width=\dimen430
\Fld@charsize=\dimen431
Package hyperref Info: Hyper figures OFF on input line 6078.
Package hyperref Info: Link nesting OFF on input line 6083.
Package hyperref Info: Hyper index ON on input line 6086.
Package hyperref Info: backreferencing OFF on input line 6093.
Package hyperref Info: Link coloring OFF on input line 6098.
Package hyperref Info: Link coloring with OCG OFF on input line 6103.
Package hyperref Info: PDF/A mode OFF on input line 6108.
\Hy@abspage=\count486
\c@Item=\count487
\c@Hfootnote=\count488
)
Package hyperref Info: Driver (autodetected): hpdftex.

(/usr/local/texlive/2025/texmf-dist/tex/latex/hyperref/hpdftex.def
File: hpdftex.def 2025-07-12 v7.01o Hyperref driver for pdfTeX
\Fld@listcount=\count489
\c@bookmark@seq@number=\count490

(/usr/local/texlive/2025/texmf-dist/tex/latex/rerunfilecheck/rerunfilecheck.sty
Package: rerunfilecheck 2025-06-21 v1.11 Rerun checks for auxiliary files (HO)

(/usr/local/texlive/2025/texmf-dist/tex/generic/uniquecounter/uniquecounter.sty
Package: uniquecounter 2019/12/15 v1.4 Provide unlimited unique counter (HO)
)
Package uniquecounter Info: New unique counter `rerunfilecheck' on input line 2
84.
)
\Hy@SectionHShift=\skip72
)
\c@rmq=\count491
\c@Exercice=\count492
\c@Brouillon=\count493
\c@Solution=\count494
)
Package french3.ldf Info: Setting StandardItemizeEnv=true for
(french3.ldf)             compatibility with enumitem package,
(french3.ldf)             reported on input line 9.
Package french3.ldf Info: Setting StandardEnumerateEnv=true for
(french3.ldf)             compatibility with enumitem package,
(french3.ldf)             reported on input line 9.
LaTeX Font Info:    Trying to load font information for T1+lmr on input line 9.

 (/usr/local/texlive/2025/texmf-dist/tex/latex/lm/t1lmr.fd
File: t1lmr.fd 2015/05/01 v1.6.1 Font defs for Latin Modern
)
(/usr/local/texlive/2025/texmf-dist/tex/latex/l3backend/l3backend-pdftex.def
File: l3backend-pdftex.def 2025-10-09 L3 backend support: PDF output (pdfTeX)
\l__color_backend_stack_int=\count495
)
(./Cours.aux
Package babel Info: 'french' activates 'french' shorthands.
(babel)             Reported on input line 12.
)
\openout1 = `Cours.aux'.

LaTeX Font Info:    Checking defaults for OML/cmm/m/it on input line 9.
LaTeX Font Info:    ... okay on input line 9.
LaTeX Font Info:    Checking defaults for OMS/cmsy/m/n on input line 9.
LaTeX Font Info:    ... okay on input line 9.
LaTeX Font Info:    Checking defaults for OT1/cmr/m/n on input line 9.
LaTeX Font Info:    ... okay on input line 9.
LaTeX Font Info:    Checking defaults for T1/cmr/m/n on input line 9.
LaTeX Font Info:    ... okay on input line 9.
LaTeX Font Info:    Checking defaults for TS1/cmr/m/n on input line 9.
LaTeX Font Info:    ... okay on input line 9.
LaTeX Font Info:    Checking defaults for OMX/cmex/m/n on input line 9.
LaTeX Font Info:    ... okay on input line 9.
LaTeX Font Info:    Checking defaults for U/cmr/m/n on input line 9.
LaTeX Font Info:    ... okay on input line 9.
LaTeX Font Info:    Checking defaults for PD1/pdf/m/n on input line 9.
LaTeX Font Info:    ... okay on input line 9.
LaTeX Font Info:    Checking defaults for PU/pdf/m/n on input line 9.
LaTeX Font Info:    ... okay on input line 9.
LaTeX Info: Redefining \degres on input line 9.

*geometry* driver: auto-detecting
*geometry* detected driver: pdftex
*geometry* verbose mode - [ preamble ] result:
* driver: pdftex
* paper: a4paper
* layout: <same size as paper>
* layoutoffset:(h,v)=(0.0pt,0.0pt)
* modes: 
* h-part:(L,W,R)=(28.45274pt, 540.60239pt, 28.45274pt)
* v-part:(T,H,B)=(14.22636pt, 796.67726pt, 34.14322pt)
* \paperwidth=597.50787pt
* \paperheight=845.04684pt
* \textwidth=540.60239pt
* \textheight=796.67726pt
* \oddsidemargin=-43.81725pt
* \evensidemargin=-43.81725pt
* \topmargin=-95.04362pt
* \headheight=12.0pt
* \headsep=25.0pt
* \topskip=12.0pt
* \footskip=30.0pt
* \marginparwidth=35.0pt
* \marginparsep=10.0pt
* \columnsep=10.0pt
* \skip\footins=10.8pt plus 4.0pt minus 2.0pt
* \hoffset=0.0pt
* \voffset=0.0pt
* \mag=1000
* \@twocolumnfalse
* \@twosidefalse
* \@mparswitchfalse
* \@reversemarginfalse
* (1in=72.27pt=25.4mm, 1cm=28.453pt)

(/usr/local/texlive/2025/texmf-dist/tex/context/base/mkii/supp-pdf.mkii
[Loading MPS to PDF converter (version 2006.09.02).]
\scratchcounter=\count496
\scratchdimen=\dimen432
\scratchbox=\box94
\nofMPsegments=\count497
\nofMParguments=\count498
\everyMPshowfont=\toks82
\MPscratchCnt=\count499
\MPscratchDim=\dimen433
\MPnumerator=\count500
\makeMPintoPDFobject=\count501
\everyMPtoPDFconversion=\toks83
) (/usr/local/texlive/2025/texmf-dist/tex/latex/epstopdf-pkg/epstopdf-base.sty
Package: epstopdf-base 2020-01-24 v2.11 Base part for package epstopdf
Package epstopdf-base Info: Redefining graphics rule for `.eps' on input line 4
85.

(/usr/local/texlive/2025/texmf-dist/tex/latex/latexconfig/epstopdf-sys.cfg
File: epstopdf-sys.cfg 2010/07/13 v1.3 Configuration of (r)epstopdf for TeX Liv
e
))
\c__nicematrix_shift_Ldots_last_row_dim=\dimen434
\c__nicematrix_innersep_middle_dim=\dimen435
\c@tabularnotesi=\count502
\enitdp@tabularnotes=\count503
\c@tabularnotes*i=\count504
\enitdp@tabularnotes*=\count505

Package pgfplots notification 'compat/show suggested version=true': document ha
s been generated with the most recent feature set (\pgfplotsset{compat=1.18}).

Package caption Info: Begin \AtBeginDocument code.
Package caption Info: hyperref package is loaded.
Package caption Info: End \AtBeginDocument code.
Package hyperref Info: Link coloring OFF on input line 9.
(./Cours.out) (./Cours.out)
\@outlinefile=\write5
\openout5 = `Cours.out'.

<logo.jpg, id=59, 1204.5pt x 612.2875pt>
File: logo.jpg Graphic file (type jpg)
<use logo.jpg>
Package pdftex.def Info: logo.jpg  used on input line 19.
(pdftex.def)             Requested size: 270.3012pt x 137.40372pt.
LaTeX Font Info:    Trying to load font information for OT1+lmr on input line 4
5.

(/usr/local/texlive/2025/texmf-dist/tex/latex/lm/ot1lmr.fd
File: ot1lmr.fd 2015/05/01 v1.6.1 Font defs for Latin Modern
)
LaTeX Font Info:    Trying to load font information for OML+lmm on input line 4
5.

(/usr/local/texlive/2025/texmf-dist/tex/latex/lm/omllmm.fd
File: omllmm.fd 2015/05/01 v1.6.1 Font defs for Latin Modern
)
LaTeX Font Info:    Trying to load font information for OMS+lmsy on input line 
45.

(/usr/local/texlive/2025/texmf-dist/tex/latex/lm/omslmsy.fd
File: omslmsy.fd 2015/05/01 v1.6.1 Font defs for Latin Modern
)
LaTeX Font Info:    Trying to load font information for OMX+lmex on input line 
45.

(/usr/local/texlive/2025/texmf-dist/tex/latex/lm/omxlmex.fd
File: omxlmex.fd 2015/05/01 v1.6.1 Font defs for Latin Modern
)
LaTeX Font Info:    External font `lmex10' loaded for size
(Font)              <12> on input line 45.
LaTeX Font Info:    External font `lmex10' loaded for size
(Font)              <8> on input line 45.
LaTeX Font Info:    External font `lmex10' loaded for size
(Font)              <6> on input line 45.
LaTeX Font Info:    Trying to load font information for U+msa on input line 45.


(/usr/local/texlive/2025/texmf-dist/tex/latex/amsfonts/umsa.fd
File: umsa.fd 2013/01/14 v3.01 AMS symbols A
)
LaTeX Font Info:    Trying to load font information for U+msb on input line 45.


(/usr/local/texlive/2025/texmf-dist/tex/latex/amsfonts/umsb.fd
File: umsb.fd 2013/01/14 v3.01 AMS symbols B
)
LaTeX Font Info:    Trying to load font information for U+lasy on input line 45
.

(/usr/local/texlive/2025/texmf-dist/tex/latex/base/ulasy.fd
File: ulasy.fd 1998/08/17 v2.2e LaTeX symbol font definitions
)
LaTeX Font Info:    Font shape `U/lasy/b/n' in size <8> not available
(Font)              Font shape `U/lasy/m/n' tried instead on input line 45.
LaTeX Font Info:    Font shape `U/lasy/b/n' in size <6> not available
(Font)              Font shape `U/lasy/m/n' tried instead on input line 45.
 [1
Non-PDF special ignored!
<special> header=pstricks.pro
Non-PDF special ignored!
<special> header=pst-algparser.pro
Non-PDF special ignored!
<special> header=pst-tools.pro
Non-PDF special ignored!
<special> header=pst-dots.pro

Non-PDF special ignored!
<special> ps: /pssetRGBcolor /setrgbcolor load def /pssetCMYKcolor /setcmyk...
Non-PDF special ignored!
<special> ps:tx@Dict begin  gsave STV CP T /ps@rot 0 def grestore  end
Non-PDF special ignored!
<special> ps:tx@Dict begin  gsave STV CP T /ps@refangle 0.  def grestore  e...
{/usr/local/texlive/2025/texmf-var/fonts/map/pdftex/updmap/pdftex.map}{/usr/loc
al/texlive/2025/texmf-dist/fonts/enc/dvips/lm/lm-ec.enc} <./logo.jpg>]
(./Cours.toc)
\tf@toc=\write6
\openout6 = `Cours.toc'.


pdfTeX warning (ext4): destination with the same identifier (name{page.1}) has 
been already used, duplicate ignored
<to be read again> 
                   \relax 
l.63 	\newpage
               [1]
Underfull \hbox (badness 10000) in paragraph at lines 70--72

 []


Underfull \hbox (badness 10000) in paragraph at lines 137--139

 []

[2{/usr/local/texlive/2025/texmf-dist/fonts/enc/dvips/lm/lm-mathit.enc}{/usr/lo
cal/texlive/2025/texmf-dist/fonts/enc/dvips/lm/lm-rm.enc}{/usr/local/texlive/20
25/texmf-dist/fonts/enc/dvips/lm/lm-mathex.enc}{/usr/local/texlive/2025/texmf-d
ist/fonts/enc/dvips/lm/lm-mathsy.enc}]
LaTeX Font Info:    Trying to load font information for U+bbold on input line 1
40.

(/usr/local/texlive/2025/texmf-dist/tex/latex/bbold/Ubbold.fd)
Underfull \hbox (badness 10000) in paragraph at lines 140--141

 []


Underfull \hbox (badness 10000) in paragraph at lines 165--170

 []

[3]
Underfull \hbox (badness 10000) in paragraph at lines 211--212

 []


Underfull \hbox (badness 10000) in paragraph at lines 213--214

 []


Underfull \hbox (badness 10000) in paragraph at lines 215--217

 []


Underfull \hbox (badness 10000) in paragraph at lines 215--217

 []


Underfull \hbox (badness 10000) in paragraph at lines 220--221

 []


Overfull \hbox (17.6248pt too wide) in paragraph at lines 253--256
[] [] 
 []

[4]
Package hyperref Info: bookmark level for unknown prop defaults to 0 on input l
ine 267.

Underfull \hbox (badness 10000) in paragraph at lines 267--268

 []


Underfull \hbox (badness 10000) in paragraph at lines 292--292

 []


Underfull \hbox (badness 10000) in paragraph at lines 292--292

 []


Overfull \hbox (10.17363pt too wide) in paragraph at lines 292--292
[][] 
 []


Overfull \hbox (229.52992pt too wide) in paragraph at lines 269--296
[]$[]$ 
 []

Package hyperref Info: bookmark level for unknown dem defaults to 0 on input li
ne 299.

Overfull \hbox (283.03699pt too wide) in paragraph at lines 299--317
[][] 
 []

[5]
Underfull \hbox (badness 10000) in paragraph at lines 390--395

 []


Underfull \hbox (badness 10000) in paragraph at lines 402--403

 []

<photo1.png, id=114, 825.0825pt x 253.94875pt>
File: photo1.png Graphic file (type png)
<use photo1.png>
Package pdftex.def Info: photo1.png  used on input line 404.
(pdftex.def)             Requested size: 412.54024pt x 126.97406pt.

Underfull \hbox (badness 10000) in paragraph at lines 411--413

 []

[6 <./photo1.png>]
Underfull \hbox (badness 10000) in paragraph at lines 427--429

 []


Underfull \hbox (badness 10000) in paragraph at lines 448--448

 []

<photo2.png, id=123, 808.01875pt x 371.3875pt>
File: photo2.png Graphic file (type png)
<use photo2.png>
Package pdftex.def Info: photo2.png  used on input line 448.
(pdftex.def)             Requested size: 242.4075pt x 111.4171pt.
<photo3.png, id=124, 441.65pt x 172.645pt>
File: photo3.png Graphic file (type png)
<use photo3.png>
Package pdftex.def Info: photo3.png  used on input line 448.
(pdftex.def)             Requested size: 220.82445pt x 86.32228pt.

Overfull \hbox (14.115pt too wide) in paragraph at lines 448--449
[][] 
 []


Underfull \hbox (badness 10000) in paragraph at lines 463--464

 []

[7 <./photo2.png> <./photo3.png>]
Underfull \hbox (badness 10000) in paragraph at lines 507--508

 []


Underfull \hbox (badness 10000) in paragraph at lines 509--514

 []

<photo4.png, id=134, 668.4975pt x 262.9825pt>
File: photo4.png Graphic file (type png)
<use photo4.png>
Package pdftex.def Info: photo4.png  used on input line 529.
(pdftex.def)             Requested size: 401.1016pt x 157.7907pt.
[8 <./photo4.png>]
<photo5.png, id=143, 676.5275pt x 230.8625pt>
File: photo5.png Graphic file (type png)
<use photo5.png>
Package pdftex.def Info: photo5.png  used on input line 543.
(pdftex.def)             Requested size: 338.26291pt x 115.43095pt.
 [9 <./photo5.png>]
Underfull \hbox (badness 10000) in paragraph at lines 619--621

 []

<photo6.png, id=149, 1012.78375pt x 292.09125pt>
File: photo6.png Graphic file (type png)
<use photo6.png>
Package pdftex.def Info: photo6.png  used on input line 622.
(pdftex.def)             Requested size: 506.39064pt x 146.04526pt.
<photo7.png, id=150, 1234.6125pt x 493.845pt>
File: photo7.png Graphic file (type png)
<use photo7.png>
Package pdftex.def Info: photo7.png  used on input line 661.
(pdftex.def)             Requested size: 493.83626pt x 197.53448pt.
[10 <./photo6.png>]
<photo11.png, id=156, 594.22pt x 161.60374pt>
File: photo11.png Graphic file (type png)
<use photo11.png>
Package pdftex.def Info: photo11.png  used on input line 667.
(pdftex.def)             Requested size: 297.10927pt x 80.80167pt.
 [11 <./photo7.png> <./photo11.png>]
\x=\skip73
\y=\skip74

Underfull \hbox (badness 10000) in paragraph at lines 718--723

 []


Overfull \hbox (7.52852pt too wide) in paragraph at lines 724--724
[]$\OML/lmm/m/it/12 ^^L[]$ 
 []


Overfull \hbox (2.6355pt too wide) in paragraph at lines 724--724
[]$\OMS/lmsy/m/n/12 ^^@\OML/lmm/m/it/12 ^^L[]$ 
 []


Overfull \hbox (2.6355pt too wide) in paragraph at lines 725--725
[]$\OMS/lmsy/m/n/12 ^^@\OML/lmm/m/it/12 ^^L[]$ 
 []


Overfull \hbox (7.52852pt too wide) in paragraph at lines 725--725
[]$\OML/lmm/m/it/12 ^^L[]$ 
 []


Overfull \hbox (4.16313pt too wide) in paragraph at lines 725--725
[]$\OML/lmm/m/it/12 ^^L[]$ 
 []


Overfull \hbox (4.96057pt too wide) in paragraph at lines 725--725
[]$\OMS/lmsy/m/n/12 ^^@\OML/lmm/m/it/12 ^^L[]$ 
 []


Overfull \hbox (4.16313pt too wide) in paragraph at lines 726--726
[]$\OML/lmm/m/it/12 ^^L[]$ 
 []


Overfull \hbox (4.16313pt too wide) in paragraph at lines 726--726
[]$\OML/lmm/m/it/12 ^^L[]$ 
 []

Package hyperref Info: bookmark level for unknown ex defaults to 0 on input lin
e 731.
<photo12.png, id=164, 370.38374pt x 95.35625pt>
File: photo12.png Graphic file (type png)
<use photo12.png>
Package pdftex.def Info: photo12.png  used on input line 732.
(pdftex.def)             Requested size: 185.1914pt x 47.678pt.

Overfull \hbox (137.57222pt too wide) in paragraph at lines 731--734
[][]$[]$ 
 []

<photo13.png, id=165, 152.57pt x 76.285pt>
File: photo13.png Graphic file (type png)
<use photo13.png>
Package pdftex.def Info: photo13.png  used on input line 739.
(pdftex.def)             Requested size: 76.2848pt x 38.1424pt.

Overfull \hbox (215.30354pt too wide) in paragraph at lines 737--756
[][] 
 []


Overfull \hbox (34.6846pt too wide) detected at line 777
[] [] \OT1/lmr/m/n/12 + [] [] = []
 []

<photo14.png, id=166, 305.14pt x 100.375pt>
File: photo14.png Graphic file (type png)
<use photo14.png>
Package pdftex.def Info: photo14.png  used on input line 784.
(pdftex.def)             Requested size: 152.56961pt x 50.18736pt.

Overfull \hbox (222.93048pt too wide) in paragraph at lines 783--786
[][]$[]$ 
 []


Overfull \hbox (164.18991pt too wide) detected at line 840
[] [] \OT1/lmr/m/n/12 = []
 []


Overfull \hbox (106.34879pt too wide) detected at line 864
[] [] \OT1/lmr/m/n/12 = []
 []

<photo15.png, id=167, 771.88374pt x 229.85875pt>
File: photo15.png Graphic file (type png)
<use photo15.png>
Package pdftex.def Info: photo15.png  used on input line 867.
(pdftex.def)             Requested size: 385.94092pt x 114.92908pt.

Overfull \hbox (46.41573pt too wide) in paragraph at lines 867--868
[][] 
 []


Underfull \vbox (badness 2096) detected at line 868
 []

[12 <./photo12.png> <./photo13.png> <./photo14.png>]
<photo16.png, id=181, 206.7725pt x 78.2925pt>
File: photo16.png Graphic file (type png)
<use photo16.png>
Package pdftex.def Info: photo16.png  used on input line 873.
(pdftex.def)             Requested size: 103.38599pt x 39.14615pt.

Overfull \hbox (38.08168pt too wide) in paragraph at lines 871--893
[]$ $[][]$ 
 []


Underfull \hbox (badness 10000) in paragraph at lines 902--906

 []


Overfull \hbox (154.99959pt too wide) in paragraph at lines 894--909
[] 
 []


Overfull \hbox (186.85078pt too wide) in paragraph at lines 914--928
[][] 
 []

<photo17.png, id=182, 163.61125pt x 102.3825pt>
File: photo17.png Graphic file (type png)
<use photo17.png>
Package pdftex.def Info: photo17.png  used on input line 934.
(pdftex.def)             Requested size: 81.80542pt x 51.19112pt.

Overfull \hbox (115.71889pt too wide) in paragraph at lines 929--937
[][] 
 []


Overfull \hbox (169.22597pt too wide) in paragraph at lines 948--969
[] 
 []


Overfull \vbox (5.98631pt too high) detected at line 969
 []

[13 <./photo15.png> <./photo16.png>]
Underfull \hbox (badness 10000) in paragraph at lines 972--973

 []

<photo21.png, id=191, 245.91875pt x 98.3675pt>
File: photo21.png Graphic file (type png)
<use photo21.png>
Package pdftex.def Info: photo21.png  used on input line 974.
(pdftex.def)             Requested size: 196.73524pt x 78.69408pt.

Underfull \hbox (badness 10000) in paragraph at lines 974--975

 []

[14 <./photo17.png> <./photo21.png>]
Underfull \hbox (badness 10000) in paragraph at lines 1004--1018

 []

<photo22.png, id=198, 174.6525pt x 158.5925pt>
File: photo22.png Graphic file (type png)
<use photo22.png>
Package pdftex.def Info: photo22.png  used on input line 1029.
(pdftex.def)             Requested size: 87.32603pt x 79.29604pt.

Overfull \hbox (3.39839pt too wide) in paragraph at lines 1026--1031
[]$[]$ $[]$ 
 []


Underfull \hbox (badness 10000) in paragraph at lines 1032--1033

 []

Package hyperref Info: bookmark level for unknown rmq defaults to 0 on input li
ne 1057.

Underfull \hbox (badness 10000) in paragraph at lines 1057--1066

 []

<photo26.png, id=199, 319.1925pt x 197.73875pt>
File: photo26.png Graphic file (type png)
<use photo26.png>
Package pdftex.def Info: photo26.png  used on input line 1067.
(pdftex.def)             Requested size: 159.59586pt x 98.86913pt.
[15 <./photo22.png>]
Underfull \hbox (badness 10000) in paragraph at lines 1071--1080

 []

\g__nicematrix_max_cell_width_dim=\dimen436
\c@iRow=\count506
\c@jCol=\count507
\l__nicematrix_cell_box=\box95
\l__nicematrix_left_delim_dim=\dimen437
\l__nicematrix_right_delim_dim=\dimen438
LaTeX Font Info:    External font `lmex10' loaded for size
(Font)              <14.4> on input line 1090.
LaTeX Font Info:    External font `lmex10' loaded for size
(Font)              <10> on input line 1090.
LaTeX Font Info:    External font `lmex10' loaded for size
(Font)              <7> on input line 1090.
LaTeX Font Info:    Font shape `U/lasy/b/n' in size <7> not available
(Font)              Font shape `U/lasy/m/n' tried instead on input line 1090.
\g__nicematrix_block_box_1_box=\box96

Underfull \hbox (badness 10000) in paragraph at lines 1083--1105

 []

<photo27.png, id=206, 700.6175pt x 198.7425pt>
File: photo27.png Graphic file (type png)
<use photo27.png>
Package pdftex.def Info: photo27.png  used on input line 1106.
(pdftex.def)             Requested size: 350.30789pt x 99.371pt.
[16 <./photo26.png> <./photo27.png>]
Package hyperref Info: bookmark level for unknown exo defaults to 0 on input li
ne 1214.

Overfull \hbox (186.85078pt too wide) in paragraph at lines 1219--1234
[][] 
 []

<photo8.png, id=213, 882.29625pt x 271.0125pt>
File: photo8.png Graphic file (type png)
<use photo8.png>
Package pdftex.def Info: photo8.png  used on input line 1236.
(pdftex.def)             Requested size: 441.14705pt x 135.5059pt.

Overfull \hbox (101.62186pt too wide) in paragraph at lines 1236--1237
[][] 
 []

Package hyperref Info: bookmark level for unknown sol defaults to 0 on input li
ne 1242.
<photo9.png, id=214, 260.975pt x 241.90375pt>
File: photo9.png Graphic file (type png)
<use photo9.png>
Package pdftex.def Info: photo9.png  used on input line 1247.
(pdftex.def)             Requested size: 52.19408pt x 48.37988pt.

Overfull \hbox (5.0671pt too wide) detected at line 1254
[][]
 []


Overfull \hbox (184.37428pt too wide) in paragraph at lines 1268--1271
[][] 
 []


Overfull \hbox (40.47395pt too wide) detected at line 1291
[][]
 []

<photo10.png, id=215, 811.03pt x 364.36125pt>
File: photo10.png Graphic file (type png)
<use photo10.png>
Package pdftex.def Info: photo10.png  used on input line 1311.
(pdftex.def)             Requested size: 405.514pt x 182.18018pt.

Overfull \hbox (65.98882pt too wide) in paragraph at lines 1311--1312
[][] 
 []


Overfull \hbox (25.62769pt too wide) detected at line 1317
\OML/lmm/m/it/12 k\OT1/lmr/m/n/12 (\OML/lmm/m/it/12 !\OT1/lmr/m/n/12 ) = [] [] 
[]
 []

[17 <./photo8.png> <./photo9.png>] [18]
Underfull \hbox (badness 10000) in paragraph at lines 1321--1324
[][]
 []


Overfull \hbox (69.64133pt too wide) in paragraph at lines 1321--1324
[] 
 []

<photo18.png, id=238, 124.465pt x 78.2925pt>
File: photo18.png Graphic file (type png)
<use photo18.png>
Package pdftex.def Info: photo18.png  used on input line 1325.
(pdftex.def)             Requested size: 62.23235pt x 39.14615pt.
[19 <./photo10.png> <./photo18.png>]
Underfull \hbox (badness 10000) in paragraph at lines 1342--1344

 []


Overfull \hbox (198.60066pt too wide) in paragraph at lines 1371--1377
[][] 
 []


Overfull \hbox (99.01602pt too wide) in paragraph at lines 1383--1386
[][] 
 []


Overfull \hbox (99.01602pt too wide) in paragraph at lines 1387--1393
[][] 
 []


Overfull \hbox (29.3747pt too wide) in paragraph at lines 1399--1400
[]$[]$ 
 []


Overfull \hbox (138.69893pt too wide) in paragraph at lines 1401--1408
[]\T1/lmr/bx/it/12 Note : [] 
 []

[20]
Overfull \hbox (133.86685pt too wide) detected at line 1421
[][]
 []


Overfull \hbox (172.6244pt too wide) in paragraph at lines 1423--1426
[][] 
 []


Overfull \hbox (155.38068pt too wide) in paragraph at lines 1427--1437
[]\T1/lmr/m/it/12 En pra-tique : [] 
 []


Underfull \hbox (badness 10000) in paragraph at lines 1439--1441

 []

<photo19.png, id=257, 333.245pt x 176.66pt>
File: photo19.png Graphic file (type png)
<use photo19.png>
Package pdftex.def Info: photo19.png  used on input line 1443.
(pdftex.def)             Requested size: 166.62209pt x 88.32977pt.

Overfull \hbox (257.98267pt too wide) in paragraph at lines 1442--1452
[]$[]$$[]$ 
 []


Underfull \hbox (badness 10000) in paragraph at lines 1454--1456

 []


LaTeX Warning: Command \i invalid in math mode on input line 1463.


LaTeX Warning: Command \i invalid in math mode on input line 1464.


Underfull \hbox (badness 10000) in paragraph at lines 1462--1482

 []


Overfull \hbox (198.60066pt too wide) in paragraph at lines 1461--1497
[][] 
 []

<photo20.png, id=258, 107.40125pt x 119.44624pt>
File: photo20.png Graphic file (type png)
<use photo20.png>
Package pdftex.def Info: photo20.png  used on input line 1500.
(pdftex.def)             Requested size: 107.40097pt x 119.44594pt.

Overfull \hbox (42.67914pt too wide) in paragraph at lines 1499--1514
[]$[]$$[]$ 
 []


Underfull \hbox (badness 10000) in paragraph at lines 1515--1516

 []


Overfull \hbox (198.60066pt too wide) in paragraph at lines 1498--1553
[][] 
 []

[21 <./photo19.png>] [22 <./photo20.png>]
<photo23.png, id=282, 311.1625pt x 173.64874pt>
File: photo23.png Graphic file (type png)
<use photo23.png>
Package pdftex.def Info: photo23.png  used on input line 1574.
(pdftex.def)             Requested size: 155.58087pt x 86.82416pt.

Overfull \hbox (13.3171pt too wide) in paragraph at lines 1574--1575
[][] 
 []


Overfull \hbox (137.57222pt too wide) in paragraph at lines 1556--1576
[][][]
 []


Overfull \hbox (69.64133pt too wide) in paragraph at lines 1556--1576
[]$$[]$ 
 []


Overfull \hbox (5.4091pt too wide) detected at line 1633
[] [] \OT1/lmr/m/n/12 = []  \OMS/lmsy/m/n/12 ([])  [] [] \OT1/lmr/m/n/12 = []
 []


Overfull \hbox (56.63445pt too wide) in paragraph at lines 1656--1684
[]$ 
 []

[23 <./photo23.png>]
Underfull \hbox (badness 10000) in paragraph at lines 1689--1690

 []

<photo24.png, id=290, 393.47pt x 127.47626pt>
File: photo24.png Graphic file (type png)
<use photo24.png>
Package pdftex.def Info: photo24.png  used on input line 1691.
(pdftex.def)             Requested size: 196.73451pt x 63.73796pt.

Overfull \hbox (145.07932pt too wide) in paragraph at lines 1688--1693
[][][] 
 []


Underfull \hbox (badness 10000) in paragraph at lines 1700--1702

 []

<photo25.png, id=291, 263.98625pt x 198.7425pt>
File: photo25.png Graphic file (type png)
<use photo25.png>
Package pdftex.def Info: photo25.png  used on input line 1703.
(pdftex.def)             Requested size: 131.9928pt x 99.371pt.

Overfull \hbox (241.2798pt too wide) in paragraph at lines 1702--1715
[]$[]$$[]$ 
 []


Underfull \hbox (badness 10000) in paragraph at lines 1728--1737

 []


Underfull \hbox (badness 10000) in paragraph at lines 1738--1744

 []


Overfull \hbox (198.60066pt too wide) in paragraph at lines 1745--1755
[][] 
 []


Overfull \hbox (127.46877pt too wide) in paragraph at lines 1763--1766
[][] 
 []

[24 <./photo24.png> <./photo25.png>]
Overfull \hbox (136.33621pt too wide) in paragraph at lines 1775--1778
[][][] 
 []

<photo28.png, id=304, 657.45625pt x 216.81pt>
File: photo28.png Graphic file (type png)
<use photo28.png>
Package pdftex.def Info: photo28.png  used on input line 1780.
(pdftex.def)             Requested size: 328.72733pt x 108.40472pt.

Underfull \hbox (badness 2158) in paragraph at lines 1782--1783
\T1/lmr/m/it/12 des rai-deurs li-n�aires 1D
 []


Overfull \hbox (144.17165pt too wide) in paragraph at lines 1779--1784
[]$[]$$[]$ 
 []


Underfull \hbox (badness 10000) in paragraph at lines 1779--1784

 []


Underfull \hbox (badness 10000) in paragraph at lines 1779--1784

 []


Overfull \hbox (156.17168pt too wide) in paragraph at lines 1785--1788
[]$\OMS/lmsy/m/n/12 !$[] 
 []

\tf@thm=\write7
\openout7 = `Cours.thm'.

[25 <./photo28.png>]
runsystem(latexminted cleantemp  --timestamp 20260213111910 33C1869ABDF6A46508C
3C105810129C7)...executed safely (allowed).

 (./Cours.aux)
 ***********
LaTeX2e <2025-11-01>
L3 programming layer <2025-11-06>
 ***********
Package rerunfilecheck Info: File `Cours.out' has not changed.
(rerunfilecheck)             Checksum: BE6D5185FC51DE7B32755038D9A3FAA5;3617.
 ) 
Here is how much of TeX's memory you used:
 50313 strings out of 467538
 1174464 string characters out of 5419551
 1816440 words of memory out of 5000000
 78359 multiletter control sequences out of 15000+600000
 753293 words of font info for 136 fonts, out of 8000000 for 9000
 1141 hyphenation exceptions out of 8191
 109i,27n,131p,866b,972s stack positions out of 10000i,1000n,20000p,200000b,200000s
</usr/local/texlive/2025/texmf-dist/fonts/type1/public/bbold-type1/bbold10.pf
b></usr/local/texlive/2025/texmf-dist/fonts/type1/public/bbold-type1/bbold7.pfb
></usr/local/texlive/2025/texmf-dist/fonts/type1/public/amsfonts/latxfont/line1
0.pfb></usr/local/texlive/2025/texmf-dist/fonts/type1/public/lm/lmbx12.pfb></us
r/local/texlive/2025/texmf-dist/fonts/type1/public/lm/lmbx8.pfb></usr/local/tex
live/2025/texmf-dist/fonts/type1/public/lm/lmbxi10.pfb></usr/local/texlive/2025
/texmf-dist/fonts/type1/public/lm/lmcsc10.pfb></usr/local/texlive/2025/texmf-di
st/fonts/type1/public/lm/lmex10.pfb></usr/local/texlive/2025/texmf-dist/fonts/t
ype1/public/lm/lmmi12.pfb></usr/local/texlive/2025/texmf-dist/fonts/type1/publi
c/lm/lmmi6.pfb></usr/local/texlive/2025/texmf-dist/fonts/type1/public/lm/lmmi8.
pfb></usr/local/texlive/2025/texmf-dist/fonts/type1/public/lm/lmr12.pfb></usr/l
ocal/texlive/2025/texmf-dist/fonts/type1/public/lm/lmr6.pfb></usr/local/texlive
/2025/texmf-dist/fonts/type1/public/lm/lmr8.pfb></usr/local/texlive/2025/texmf-
dist/fonts/type1/public/lm/lmri12.pfb></usr/local/texlive/2025/texmf-dist/fonts
/type1/public/lm/lmsy10.pfb></usr/local/texlive/2025/texmf-dist/fonts/type1/pub
lic/lm/lmsy6.pfb></usr/local/texlive/2025/texmf-dist/fonts/type1/public/lm/lmsy
8.pfb>
Output written on Cours.pdf (26 pages, 4121190 bytes).
PDF statistics:
 421 PDF objects out of 1000 (max. 8388607)
 294 compressed objects within 3 object streams
 91 named destinations out of 1000 (max. 500000)
 262 words of extra memory for PDF output out of 10000 (max. 10000000)

